============================= test session starts ==============================
platform linux -- Python 3.11.15, pytest-9.0.2, pluggy-1.6.0 -- /app/.venv/bin/python3
cachedir: .pytest_cache
rootdir: /app
configfile: pyproject.toml
plugins: anyio-4.13.0
collecting ... collected 136 items

backend/tests/test_chat.py::TestHealthEndpoint::test_health_check_returns_200 ERROR [  0%]
backend/tests/test_chat.py::TestHealthEndpoint::test_root_endpoint ERROR [  1%]
backend/tests/test_chat.py::TestChatEndpointUnit::test_chat_requires_message ERROR [  2%]
backend/tests/test_chat.py::TestChatEndpointUnit::test_chat_rejects_empty_message ERROR [  2%]
backend/tests/test_chat.py::TestChatEndpointUnit::test_chat_returns_escalate_for_cotizacion ERROR [  3%]
backend/tests/test_chat.py::TestChatEndpointUnit::test_chat_returns_escalate_for_pedido ERROR [  4%]
backend/tests/test_chat.py::TestChatEndpointUnit::test_chat_returns_escalate_for_garantia ERROR [  5%]
backend/tests/test_chat.py::TestChatEndpointUnit::test_chat_normal_message_with_mocked_queue ERROR [  5%]
backend/tests/test_chat.py::TestChatEndpointUnit::test_chat_returns_session_id ERROR [  6%]
backend/tests/test_chat.py::TestChatEndpointUnit::test_chat_accepts_custom_session_id ERROR [  7%]
backend/tests/test_chat.py::TestChatEndpointUnit::test_chat_timeout_returns_504 ERROR [  8%]
backend/tests/test_chat.py::TestChatEndpointUnit::test_chat_llm_service_error_returns_503 ERROR [  8%]
backend/tests/test_chat.py::TestChatEndpointUnit::test_chat_s3_error_returns_graceful_response ERROR [  9%]
backend/tests/test_chat.py::TestChatEndpointUnit::test_chat_file_upload_error_returns_graceful_response ERROR [ 10%]
backend/tests/test_chat.py::TestChatEndpointIntegration::test_chat_simple_message_no_tool_call ERROR [ 11%]
backend/tests/test_chat.py::TestChatEndpointIntegration::test_chat_with_tool_call_to_datasheet ERROR [ 11%]
backend/tests/test_chat.py::TestChatEndpointIntegration::test_chat_tool_call_handles_s3_error ERROR [ 12%]
backend/tests/test_chat.py::TestChatEndpointIntegration::test_chat_tool_call_handles_file_upload_error ERROR [ 13%]
backend/tests/test_chat.py::TestChatEndpointIntegration::test_chat_tool_call_cleanup_on_success ERROR [ 13%]
backend/tests/test_chat.py::TestChatEndpointIntegration::test_chat_session_context_is_used ERROR [ 14%]
backend/tests/test_chat.py::TestChatEndpointIntegration::test_chat_stores_turn_in_session ERROR [ 15%]
backend/tests/test_chat.py::TestChatEndpointEscalation::test_escalate_cotizacion ERROR [ 16%]
backend/tests/test_chat.py::TestChatEndpointEscalation::test_escalate_pedido ERROR [ 16%]
backend/tests/test_chat.py::TestChatEndpointEscalation::test_escalate_garantia ERROR [ 17%]
backend/tests/test_chat.py::TestChatEndpointEscalation::test_escalate_returns_default_message ERROR [ 18%]
backend/tests/test_chat.py::TestChatEndpointEscalation::test_escalate_stores_turn_in_session ERROR [ 19%]
backend/tests/test_chat.py::TestChatEndpointErrorHandling::test_missing_message_field_422 ERROR [ 19%]
backend/tests/test_chat.py::TestChatEndpointErrorHandling::test_empty_message_string_422 ERROR [ 20%]
backend/tests/test_chat.py::TestChatEndpointErrorHandling::test_missing_api_key_401 ERROR [ 21%]
backend/tests/test_chat.py::TestChatEndpointErrorHandling::test_queue_runtime_error_returns_500 ERROR [ 22%]
backend/tests/test_chat.py::TestChatEndpointErrorHandling::test_response_has_required_fields ERROR [ 22%]
backend/tests/test_chat.py::TestChatResponseSchema::test_response_is_valid_json ERROR [ 23%]
backend/tests/test_chat.py::TestChatResponseSchema::test_response_escalate_is_boolean ERROR [ 24%]
backend/tests/test_chat.py::TestChatResponseSchema::test_response_session_id_is_string ERROR [ 25%]
backend/tests/test_chat.py::TestChatResponseSchema::test_response_reason_included_on_escalation ERROR [ 25%]
backend/tests/test_chat.py::TestChatRoundtrip::test_multiple_messages_same_session ERROR [ 26%]
backend/tests/test_chat.py::TestChatRoundtrip::test_auto_generated_session_id_is_unique ERROR [ 27%]
backend/tests/test_file_inputs.py::TestFileInputsClientInitialization::test_file_inputs_client_default_env_vars PASSED [ 27%]
backend/tests/test_file_inputs.py::TestFileInputsClientInitialization::test_file_inputs_client_explicit_api_key PASSED [ 28%]
backend/tests/test_file_inputs.py::TestFileInputsClientInitialization::test_file_inputs_client_raises_without_api_key PASSED [ 29%]
backend/tests/test_file_inputs.py::TestFileInputsClientInitialization::test_file_inputs_client_uses_env_var PASSED [ 30%]
backend/tests/test_file_inputs.py::TestFileInputsClientInitialization::test_file_inputs_client_explicit_overrides_env PASSED [ 30%]
backend/tests/test_llm_client.py::TestLLMClientInitialization::test_llm_client_default_env_vars PASSED [ 31%]
backend/tests/test_llm_client.py::TestLLMClientInitialization::test_llm_client_explicit_api_key PASSED [ 32%]
backend/tests/test_llm_client.py::TestLLMClientInitialization::test_llm_client_default_model PASSED [ 33%]
backend/tests/test_llm_client.py::TestLLMClientInitialization::test_llm_client_custom_model PASSED [ 33%]
backend/tests/test_llm_client.py::TestLLMClientWithTools::test_get_llm_response_with_tools_returns_tool_calls FAILED [ 34%]
backend/tests/test_llm_client.py::TestLLMClientWithTools::test_get_llm_response_with_tools_no_tool_calls FAILED [ 35%]
backend/tests/test_llm_client.py::TestLLMClientWithTools::test_get_llm_response_with_tools_uses_tools_parameter FAILED [ 36%]
backend/tests/test_llm_client.py::TestLLMClientWithTools::test_get_llm_response_with_tools_uses_instructions FAILED [ 36%]
backend/tests/test_llm_client.py::TestLLMClientWithTools::test_get_llm_response_with_tools_raises_without_api_key FAILED [ 37%]
backend/tests/test_llm_client.py::TestLLMClientWithFile::test_get_llm_response_with_file_sends_message FAILED [ 38%]
backend/tests/test_llm_client.py::TestLLMClientWithFile::test_get_llm_response_with_file_uses_datasheet_prompt FAILED [ 38%]
backend/tests/test_llm_client.py::TestLLMClientWithFile::test_get_llm_response_with_file_raises_without_api_key FAILED [ 39%]
backend/tests/test_llm_client.py::TestSystemPrompts::test_datasheet_system_prompt_exists PASSED [ 40%]
backend/tests/test_llm_client.py::TestSystemPrompts::test_datasheet_system_prompt_content PASSED [ 41%]
backend/tests/test_llm_client.py::TestSystemPrompts::test_arte_system_prompt_exists PASSED [ 41%]
backend/tests/test_llm_client.py::TestSystemPrompts::test_arte_system_prompt_contains_tool_instructions PASSED [ 42%]
backend/tests/test_llm_client.py::TestSystemPrompts::test_arte_system_prompt_contains_s3_path_convention PASSED [ 43%]
backend/tests/test_llm_client.py::TestLLMServiceError::test_llm_service_error_is_exception PASSED [ 44%]
backend/tests/test_llm_client.py::TestLLMServiceError::test_llm_service_error_message PASSED [ 44%]
backend/tests/test_llm_client.py::TestLLMClientLazyInitialization::test_openai_client_property_lazy_init PASSED [ 45%]
backend/tests/test_logging.py::TestGetLogLevel::test_default_level_is_info PASSED [ 46%]
backend/tests/test_logging.py::TestGetLogLevel::test_reads_debug_from_env PASSED [ 47%]
backend/tests/test_logging.py::TestGetLogLevel::test_reads_warning_from_env PASSED [ 47%]
backend/tests/test_logging.py::TestGetLogLevel::test_reads_error_from_env PASSED [ 48%]
backend/tests/test_logging.py::TestGetLogLevel::test_reads_critical_from_env PASSED [ 49%]
backend/tests/test_logging.py::TestGetLogLevel::test_case_insensitive PASSED [ 50%]
backend/tests/test_logging.py::TestGetLogLevel::test_strips_whitespace PASSED [ 50%]
backend/tests/test_logging.py::TestGetLogLevel::test_invalid_level_falls_back_to_default PASSED [ 51%]
backend/tests/test_logging.py::TestGetLogLevel::test_empty_string_falls_back_to_default PASSED [ 52%]
backend/tests/test_logging.py::TestSetupLogging::test_returns_root_logger PASSED [ 52%]
backend/tests/test_logging.py::TestSetupLogging::test_configures_handler PASSED [ 53%]
backend/tests/test_logging.py::TestSetupLogging::test_handler_format PASSED [ 54%]
backend/tests/test_logging.py::TestSetupLogging::test_idempotent PASSED  [ 55%]
backend/tests/test_logging.py::TestSetupLogging::test_respects_log_level_env_var PASSED [ 55%]
backend/tests/test_logging.py::TestSetupLogging::test_suppresses_noisy_loggers PASSED [ 56%]
backend/tests/test_queue.py::test_chat_message_creation FAILED           [ 57%]
backend/tests/test_queue.py::test_message_queue_initialization FAILED    [ 58%]
backend/tests/test_queue.py::test_message_queue_start_stop FAILED        [ 58%]
backend/tests/test_queue.py::test_enqueue_raises_when_not_running FAILED [ 59%]
backend/tests/test_queue.py::test_enqueue_basic FAILED                   [ 60%]
backend/tests/test_queue.py::test_backpressure FAILED                    [ 61%]
backend/tests/test_queue.py::test_multiple_workers_concurrent FAILED     [ 61%]
backend/tests/test_queue.py::test_worker_error_handling FAILED           [ 62%]
backend/tests/test_queue.py::test_process_tool_calls_with_file FAILED    [ 63%]
backend/tests/test_queue.py::test_message_queue_idempotent_stop FAILED   [ 63%]
backend/tests/test_s3_client.py::TestS3ClientInitialization::test_s3_client_default_env_vars PASSED [ 64%]
backend/tests/test_s3_client.py::TestS3ClientInitialization::test_s3_client_with_bucket_env_var PASSED [ 65%]
backend/tests/test_s3_client.py::TestS3ClientInitialization::test_s3_client_explicit_parameters PASSED [ 66%]
backend/tests/test_s3_client.py::TestS3ClientInitialization::test_s3_client_default_region PASSED [ 66%]
backend/tests/test_s3_client.py::TestS3ClientInitialization::test_s3_client_default_region_fallback PASSED [ 67%]
backend/tests/test_s3_client.py::TestS3DownloadPdfSync::test_download_pdf_sync_success PASSED [ 68%]
backend/tests/test_s3_client.py::TestS3DownloadPdfSync::test_download_pdf_sync_file_not_found PASSED [ 69%]
backend/tests/test_s3_client.py::TestS3DownloadPdfSync::test_download_pdf_sync_no_bucket_configured PASSED [ 69%]
backend/tests/test_s3_client.py::TestS3DownloadPdfSync::test_download_pdf_sync_generic_client_error PASSED [ 70%]
backend/tests/test_s3_client.py::TestS3DownloadPdfSync::test_download_pdf_sync_no_credentials PASSED [ 71%]
backend/tests/test_s3_client.py::TestS3DownloadPdf::test_download_pdf_success FAILED [ 72%]
backend/tests/test_s3_client.py::TestS3DownloadPdf::test_download_pdf_file_not_found FAILED [ 72%]
backend/tests/test_s3_client.py::TestS3DownloadPdf::test_download_pdf_no_bucket_configured FAILED [ 73%]
backend/tests/test_s3_client.py::TestS3FileExistsSync::test_file_exists_sync_returns_true PASSED [ 74%]
backend/tests/test_s3_client.py::TestS3FileExistsSync::test_file_exists_sync_returns_false PASSED [ 75%]
backend/tests/test_s3_client.py::TestS3FileExistsSync::test_file_exists_sync_no_bucket PASSED [ 75%]
backend/tests/test_s3_client.py::TestS3FileExists::test_file_exists_returns_true FAILED [ 76%]
backend/tests/test_s3_client.py::TestS3FileExists::test_file_exists_returns_false FAILED [ 77%]
backend/tests/test_s3_client.py::TestS3FileExists::test_file_exists_no_bucket FAILED [ 77%]
backend/tests/test_s3_client.py::TestS3ClientLazyInitialization::test_client_property_lazy_init PASSED [ 78%]
backend/tests/test_s3_client.py::TestS3DownloadError::test_s3_download_error_is_exception PASSED [ 79%]
backend/tests/test_s3_client.py::TestS3DownloadError::test_s3_download_error_message PASSED [ 80%]
backend/tests/test_session.py::test_session_manager_initialization FAILED [ 80%]
backend/tests/test_session.py::test_session_manager_custom_max_turns FAILED [ 81%]
backend/tests/test_session.py::test_add_turn_creates_new_session FAILED  [ 82%]
backend/tests/test_session.py::test_add_multiple_turns FAILED            [ 83%]
backend/tests/test_session.py::test_max_turns_limit FAILED               [ 83%]
backend/tests/test_session.py::test_get_history FAILED                   [ 84%]
backend/tests/test_session.py::test_get_history_empty_session FAILED     [ 85%]
backend/tests/test_session.py::test_get_context_string FAILED            [ 86%]
backend/tests/test_session.py::test_get_context_string_empty_session FAILED [ 86%]
backend/tests/test_session.py::test_clear_session FAILED                 [ 87%]
backend/tests/test_session.py::test_clear_nonexistent_session FAILED     [ 88%]
backend/tests/test_session.py::test_get_session_count FAILED             [ 88%]
backend/tests/test_session.py::test_add_turn_concurrency FAILED          [ 89%]
backend/tests/test_tools.py::TestToolDefinitions::test_get_tool_definitions_returns_list PASSED [ 90%]
backend/tests/test_tools.py::TestToolDefinitions::test_tool_definitions_contains_required_fields PASSED [ 91%]
backend/tests/test_tools.py::TestToolDefinitions::test_tool_has_correct_name PASSED [ 91%]
backend/tests/test_tools.py::TestToolDefinitions::test_tool_has_description PASSED [ 92%]
backend/tests/test_tools.py::TestToolParameters::test_parameters_contain_required_fields PASSED [ 93%]
backend/tests/test_tools.py::TestToolParameters::test_ruta_s3_parameter PASSED [ 94%]
backend/tests/test_tools.py::TestToolParameters::test_categoria_parameter_has_enum PASSED [ 94%]
backend/tests/test_tools.py::TestToolParameters::test_fabricante_parameter PASSED [ 95%]
backend/tests/test_tools.py::TestToolParameters::test_modelo_parameter PASSED [ 96%]
backend/tests/test_tools.py::TestToolRequiredFields::test_parameters_required_list PASSED [ 97%]
backend/tests/test_tools.py::TestToolRequiredFields::test_strict_is_false PASSED [ 97%]
backend/tests/test_tools.py::TestConstants::test_datasheet_categories_constant PASSED [ 98%]
backend/tests/test_tools.py::TestConstants::test_available_tools_constant PASSED [ 99%]
backend/tests/test_tools.py::TestConstants::test_leer_ficha_tecnica_tool_constant PASSED [100%]

==================================== ERRORS ====================================
______ ERROR at setup of TestHealthEndpoint.test_health_check_returns_200 ______
.venv/lib/python3.11/site-packages/_pytest/runner.py:353: in from_call
    result: TResult | None = func()
                             ^^^^^^
.venv/lib/python3.11/site-packages/_pytest/runner.py:245: in <lambda>
    lambda: runtest_hook(item=item, **kwds),
            ^^^^^^^^^^^^^^^^^^^^^^^^^^^^^^^
.venv/lib/python3.11/site-packages/pluggy/_hooks.py:512: in __call__
    return self._hookexec(self.name, self._hookimpls.copy(), kwargs, firstresult)
           ^^^^^^^^^^^^^^^^^^^^^^^^^^^^^^^^^^^^^^^^^^^^^^^^^^^^^^^^^^^^^^^^^^^^^^
.venv/lib/python3.11/site-packages/pluggy/_manager.py:120: in _hookexec
    return self._inner_hookexec(hook_name, methods, kwargs, firstresult)
           ^^^^^^^^^^^^^^^^^^^^^^^^^^^^^^^^^^^^^^^^^^^^^^^^^^^^^^^^^^^^^
.venv/lib/python3.11/site-packages/_pytest/logging.py:843: in pytest_runtest_setup
    yield
.venv/lib/python3.11/site-packages/_pytest/capture.py:895: in pytest_runtest_setup
    return (yield)
            ^^^^^
.venv/lib/python3.11/site-packages/_pytest/runner.py:165: in pytest_runtest_setup
    item.session._setupstate.setup(item)
.venv/lib/python3.11/site-packages/_pytest/runner.py:523: in setup
    col.setup()
.venv/lib/python3.11/site-packages/_pytest/python.py:1723: in setup
    self._request._fillfixtures()
.venv/lib/python3.11/site-packages/_pytest/fixtures.py:707: in _fillfixtures
    item.funcargs[argname] = self.getfixturevalue(argname)
                             ^^^^^^^^^^^^^^^^^^^^^^^^^^^^^
.venv/lib/python3.11/site-packages/_pytest/fixtures.py:539: in getfixturevalue
    fixturedef = self._get_active_fixturedef(argname)
                 ^^^^^^^^^^^^^^^^^^^^^^^^^^^^^^^^^^^^
.venv/lib/python3.11/site-packages/_pytest/fixtures.py:627: in _get_active_fixturedef
    fixturedef.execute(request=subrequest)
.venv/lib/python3.11/site-packages/_pytest/fixtures.py:1068: in execute
    fixturedef = request._get_active_fixturedef(argname)
                 ^^^^^^^^^^^^^^^^^^^^^^^^^^^^^^^^^^^^^^^
.venv/lib/python3.11/site-packages/_pytest/fixtures.py:627: in _get_active_fixturedef
    fixturedef.execute(request=subrequest)
.venv/lib/python3.11/site-packages/_pytest/fixtures.py:1110: in execute
    result: FixtureValue = ihook.pytest_fixture_setup(
.venv/lib/python3.11/site-packages/pluggy/_hooks.py:512: in __call__
    return self._hookexec(self.name, self._hookimpls.copy(), kwargs, firstresult)
           ^^^^^^^^^^^^^^^^^^^^^^^^^^^^^^^^^^^^^^^^^^^^^^^^^^^^^^^^^^^^^^^^^^^^^^
.venv/lib/python3.11/site-packages/pluggy/_manager.py:120: in _hookexec
    return self._inner_hookexec(hook_name, methods, kwargs, firstresult)
           ^^^^^^^^^^^^^^^^^^^^^^^^^^^^^^^^^^^^^^^^^^^^^^^^^^^^^^^^^^^^^
.venv/lib/python3.11/site-packages/pluggy/_callers.py:53: in run_old_style_hookwrapper
    return result.get_result()
           ^^^^^^^^^^^^^^^^^^^
.venv/lib/python3.11/site-packages/pluggy/_callers.py:38: in run_old_style_hookwrapper
    res = yield
          ^^^^^
.venv/lib/python3.11/site-packages/_pytest/setuponly.py:36: in pytest_fixture_setup
    return (yield)
            ^^^^^
.venv/lib/python3.11/site-packages/_pytest/fixtures.py:1188: in pytest_fixture_setup
    warnings.warn(
E   pytest.PytestRemovedIn9Warning: 'test_health_check_returns_200' requested an async fixture 'app_with_queue', with no plugin or hook that handled it. This is usually an error, as pytest does not natively support it. This will turn into an error in pytest 9.
E   See: https://docs.pytest.org/en/stable/deprecations.html#sync-test-depending-on-async-fixture
___________ ERROR at setup of TestHealthEndpoint.test_root_endpoint ____________
.venv/lib/python3.11/site-packages/_pytest/runner.py:353: in from_call
    result: TResult | None = func()
                             ^^^^^^
.venv/lib/python3.11/site-packages/_pytest/runner.py:245: in <lambda>
    lambda: runtest_hook(item=item, **kwds),
            ^^^^^^^^^^^^^^^^^^^^^^^^^^^^^^^
.venv/lib/python3.11/site-packages/pluggy/_hooks.py:512: in __call__
    return self._hookexec(self.name, self._hookimpls.copy(), kwargs, firstresult)
           ^^^^^^^^^^^^^^^^^^^^^^^^^^^^^^^^^^^^^^^^^^^^^^^^^^^^^^^^^^^^^^^^^^^^^^
.venv/lib/python3.11/site-packages/pluggy/_manager.py:120: in _hookexec
    return self._inner_hookexec(hook_name, methods, kwargs, firstresult)
           ^^^^^^^^^^^^^^^^^^^^^^^^^^^^^^^^^^^^^^^^^^^^^^^^^^^^^^^^^^^^^
.venv/lib/python3.11/site-packages/_pytest/logging.py:843: in pytest_runtest_setup
    yield
.venv/lib/python3.11/site-packages/_pytest/capture.py:895: in pytest_runtest_setup
    return (yield)
            ^^^^^
.venv/lib/python3.11/site-packages/_pytest/runner.py:165: in pytest_runtest_setup
    item.session._setupstate.setup(item)
.venv/lib/python3.11/site-packages/_pytest/runner.py:523: in setup
    col.setup()
.venv/lib/python3.11/site-packages/_pytest/python.py:1723: in setup
    self._request._fillfixtures()
.venv/lib/python3.11/site-packages/_pytest/fixtures.py:707: in _fillfixtures
    item.funcargs[argname] = self.getfixturevalue(argname)
                             ^^^^^^^^^^^^^^^^^^^^^^^^^^^^^
.venv/lib/python3.11/site-packages/_pytest/fixtures.py:539: in getfixturevalue
    fixturedef = self._get_active_fixturedef(argname)
                 ^^^^^^^^^^^^^^^^^^^^^^^^^^^^^^^^^^^^
.venv/lib/python3.11/site-packages/_pytest/fixtures.py:627: in _get_active_fixturedef
    fixturedef.execute(request=subrequest)
.venv/lib/python3.11/site-packages/_pytest/fixtures.py:1068: in execute
    fixturedef = request._get_active_fixturedef(argname)
                 ^^^^^^^^^^^^^^^^^^^^^^^^^^^^^^^^^^^^^^^
.venv/lib/python3.11/site-packages/_pytest/fixtures.py:627: in _get_active_fixturedef
    fixturedef.execute(request=subrequest)
.venv/lib/python3.11/site-packages/_pytest/fixtures.py:1110: in execute
    result: FixtureValue = ihook.pytest_fixture_setup(
.venv/lib/python3.11/site-packages/pluggy/_hooks.py:512: in __call__
    return self._hookexec(self.name, self._hookimpls.copy(), kwargs, firstresult)
           ^^^^^^^^^^^^^^^^^^^^^^^^^^^^^^^^^^^^^^^^^^^^^^^^^^^^^^^^^^^^^^^^^^^^^^
.venv/lib/python3.11/site-packages/pluggy/_manager.py:120: in _hookexec
    return self._inner_hookexec(hook_name, methods, kwargs, firstresult)
           ^^^^^^^^^^^^^^^^^^^^^^^^^^^^^^^^^^^^^^^^^^^^^^^^^^^^^^^^^^^^^
.venv/lib/python3.11/site-packages/pluggy/_callers.py:53: in run_old_style_hookwrapper
    return result.get_result()
           ^^^^^^^^^^^^^^^^^^^
.venv/lib/python3.11/site-packages/pluggy/_callers.py:38: in run_old_style_hookwrapper
    res = yield
          ^^^^^
.venv/lib/python3.11/site-packages/_pytest/setuponly.py:36: in pytest_fixture_setup
    return (yield)
            ^^^^^
.venv/lib/python3.11/site-packages/_pytest/fixtures.py:1188: in pytest_fixture_setup
    warnings.warn(
E   pytest.PytestRemovedIn9Warning: 'test_root_endpoint' requested an async fixture 'app_with_queue', with no plugin or hook that handled it. This is usually an error, as pytest does not natively support it. This will turn into an error in pytest 9.
E   See: https://docs.pytest.org/en/stable/deprecations.html#sync-test-depending-on-async-fixture
______ ERROR at setup of TestChatEndpointUnit.test_chat_requires_message _______
.venv/lib/python3.11/site-packages/_pytest/runner.py:353: in from_call
    result: TResult | None = func()
                             ^^^^^^
.venv/lib/python3.11/site-packages/_pytest/runner.py:245: in <lambda>
    lambda: runtest_hook(item=item, **kwds),
            ^^^^^^^^^^^^^^^^^^^^^^^^^^^^^^^
.venv/lib/python3.11/site-packages/pluggy/_hooks.py:512: in __call__
    return self._hookexec(self.name, self._hookimpls.copy(), kwargs, firstresult)
           ^^^^^^^^^^^^^^^^^^^^^^^^^^^^^^^^^^^^^^^^^^^^^^^^^^^^^^^^^^^^^^^^^^^^^^
.venv/lib/python3.11/site-packages/pluggy/_manager.py:120: in _hookexec
    return self._inner_hookexec(hook_name, methods, kwargs, firstresult)
           ^^^^^^^^^^^^^^^^^^^^^^^^^^^^^^^^^^^^^^^^^^^^^^^^^^^^^^^^^^^^^
.venv/lib/python3.11/site-packages/_pytest/logging.py:843: in pytest_runtest_setup
    yield
.venv/lib/python3.11/site-packages/_pytest/capture.py:895: in pytest_runtest_setup
    return (yield)
            ^^^^^
.venv/lib/python3.11/site-packages/_pytest/runner.py:165: in pytest_runtest_setup
    item.session._setupstate.setup(item)
.venv/lib/python3.11/site-packages/_pytest/runner.py:523: in setup
    col.setup()
.venv/lib/python3.11/site-packages/_pytest/python.py:1723: in setup
    self._request._fillfixtures()
.venv/lib/python3.11/site-packages/_pytest/fixtures.py:707: in _fillfixtures
    item.funcargs[argname] = self.getfixturevalue(argname)
                             ^^^^^^^^^^^^^^^^^^^^^^^^^^^^^
.venv/lib/python3.11/site-packages/_pytest/fixtures.py:539: in getfixturevalue
    fixturedef = self._get_active_fixturedef(argname)
                 ^^^^^^^^^^^^^^^^^^^^^^^^^^^^^^^^^^^^
.venv/lib/python3.11/site-packages/_pytest/fixtures.py:627: in _get_active_fixturedef
    fixturedef.execute(request=subrequest)
.venv/lib/python3.11/site-packages/_pytest/fixtures.py:1068: in execute
    fixturedef = request._get_active_fixturedef(argname)
                 ^^^^^^^^^^^^^^^^^^^^^^^^^^^^^^^^^^^^^^^
.venv/lib/python3.11/site-packages/_pytest/fixtures.py:627: in _get_active_fixturedef
    fixturedef.execute(request=subrequest)
.venv/lib/python3.11/site-packages/_pytest/fixtures.py:1110: in execute
    result: FixtureValue = ihook.pytest_fixture_setup(
.venv/lib/python3.11/site-packages/pluggy/_hooks.py:512: in __call__
    return self._hookexec(self.name, self._hookimpls.copy(), kwargs, firstresult)
           ^^^^^^^^^^^^^^^^^^^^^^^^^^^^^^^^^^^^^^^^^^^^^^^^^^^^^^^^^^^^^^^^^^^^^^
.venv/lib/python3.11/site-packages/pluggy/_manager.py:120: in _hookexec
    return self._inner_hookexec(hook_name, methods, kwargs, firstresult)
           ^^^^^^^^^^^^^^^^^^^^^^^^^^^^^^^^^^^^^^^^^^^^^^^^^^^^^^^^^^^^^
.venv/lib/python3.11/site-packages/pluggy/_callers.py:53: in run_old_style_hookwrapper
    return result.get_result()
           ^^^^^^^^^^^^^^^^^^^
.venv/lib/python3.11/site-packages/pluggy/_callers.py:38: in run_old_style_hookwrapper
    res = yield
          ^^^^^
.venv/lib/python3.11/site-packages/_pytest/setuponly.py:36: in pytest_fixture_setup
    return (yield)
            ^^^^^
.venv/lib/python3.11/site-packages/_pytest/fixtures.py:1188: in pytest_fixture_setup
    warnings.warn(
E   pytest.PytestRemovedIn9Warning: 'test_chat_requires_message' requested an async fixture 'app_with_queue', with no plugin or hook that handled it. This is usually an error, as pytest does not natively support it. This will turn into an error in pytest 9.
E   See: https://docs.pytest.org/en/stable/deprecations.html#sync-test-depending-on-async-fixture
____ ERROR at setup of TestChatEndpointUnit.test_chat_rejects_empty_message ____
.venv/lib/python3.11/site-packages/_pytest/runner.py:353: in from_call
    result: TResult | None = func()
                             ^^^^^^
.venv/lib/python3.11/site-packages/_pytest/runner.py:245: in <lambda>
    lambda: runtest_hook(item=item, **kwds),
            ^^^^^^^^^^^^^^^^^^^^^^^^^^^^^^^
.venv/lib/python3.11/site-packages/pluggy/_hooks.py:512: in __call__
    return self._hookexec(self.name, self._hookimpls.copy(), kwargs, firstresult)
           ^^^^^^^^^^^^^^^^^^^^^^^^^^^^^^^^^^^^^^^^^^^^^^^^^^^^^^^^^^^^^^^^^^^^^^
.venv/lib/python3.11/site-packages/pluggy/_manager.py:120: in _hookexec
    return self._inner_hookexec(hook_name, methods, kwargs, firstresult)
           ^^^^^^^^^^^^^^^^^^^^^^^^^^^^^^^^^^^^^^^^^^^^^^^^^^^^^^^^^^^^^
.venv/lib/python3.11/site-packages/_pytest/logging.py:843: in pytest_runtest_setup
    yield
.venv/lib/python3.11/site-packages/_pytest/capture.py:895: in pytest_runtest_setup
    return (yield)
            ^^^^^
.venv/lib/python3.11/site-packages/_pytest/runner.py:165: in pytest_runtest_setup
    item.session._setupstate.setup(item)
.venv/lib/python3.11/site-packages/_pytest/runner.py:523: in setup
    col.setup()
.venv/lib/python3.11/site-packages/_pytest/python.py:1723: in setup
    self._request._fillfixtures()
.venv/lib/python3.11/site-packages/_pytest/fixtures.py:707: in _fillfixtures
    item.funcargs[argname] = self.getfixturevalue(argname)
                             ^^^^^^^^^^^^^^^^^^^^^^^^^^^^^
.venv/lib/python3.11/site-packages/_pytest/fixtures.py:539: in getfixturevalue
    fixturedef = self._get_active_fixturedef(argname)
                 ^^^^^^^^^^^^^^^^^^^^^^^^^^^^^^^^^^^^
.venv/lib/python3.11/site-packages/_pytest/fixtures.py:627: in _get_active_fixturedef
    fixturedef.execute(request=subrequest)
.venv/lib/python3.11/site-packages/_pytest/fixtures.py:1068: in execute
    fixturedef = request._get_active_fixturedef(argname)
                 ^^^^^^^^^^^^^^^^^^^^^^^^^^^^^^^^^^^^^^^
.venv/lib/python3.11/site-packages/_pytest/fixtures.py:627: in _get_active_fixturedef
    fixturedef.execute(request=subrequest)
.venv/lib/python3.11/site-packages/_pytest/fixtures.py:1110: in execute
    result: FixtureValue = ihook.pytest_fixture_setup(
.venv/lib/python3.11/site-packages/pluggy/_hooks.py:512: in __call__
    return self._hookexec(self.name, self._hookimpls.copy(), kwargs, firstresult)
           ^^^^^^^^^^^^^^^^^^^^^^^^^^^^^^^^^^^^^^^^^^^^^^^^^^^^^^^^^^^^^^^^^^^^^^
.venv/lib/python3.11/site-packages/pluggy/_manager.py:120: in _hookexec
    return self._inner_hookexec(hook_name, methods, kwargs, firstresult)
           ^^^^^^^^^^^^^^^^^^^^^^^^^^^^^^^^^^^^^^^^^^^^^^^^^^^^^^^^^^^^^
.venv/lib/python3.11/site-packages/pluggy/_callers.py:53: in run_old_style_hookwrapper
    return result.get_result()
           ^^^^^^^^^^^^^^^^^^^
.venv/lib/python3.11/site-packages/pluggy/_callers.py:38: in run_old_style_hookwrapper
    res = yield
          ^^^^^
.venv/lib/python3.11/site-packages/_pytest/setuponly.py:36: in pytest_fixture_setup
    return (yield)
            ^^^^^
.venv/lib/python3.11/site-packages/_pytest/fixtures.py:1188: in pytest_fixture_setup
    warnings.warn(
E   pytest.PytestRemovedIn9Warning: 'test_chat_rejects_empty_message' requested an async fixture 'app_with_queue', with no plugin or hook that handled it. This is usually an error, as pytest does not natively support it. This will turn into an error in pytest 9.
E   See: https://docs.pytest.org/en/stable/deprecations.html#sync-test-depending-on-async-fixture
_ ERROR at setup of TestChatEndpointUnit.test_chat_returns_escalate_for_cotizacion _
.venv/lib/python3.11/site-packages/_pytest/runner.py:353: in from_call
    result: TResult | None = func()
                             ^^^^^^
.venv/lib/python3.11/site-packages/_pytest/runner.py:245: in <lambda>
    lambda: runtest_hook(item=item, **kwds),
            ^^^^^^^^^^^^^^^^^^^^^^^^^^^^^^^
.venv/lib/python3.11/site-packages/pluggy/_hooks.py:512: in __call__
    return self._hookexec(self.name, self._hookimpls.copy(), kwargs, firstresult)
           ^^^^^^^^^^^^^^^^^^^^^^^^^^^^^^^^^^^^^^^^^^^^^^^^^^^^^^^^^^^^^^^^^^^^^^
.venv/lib/python3.11/site-packages/pluggy/_manager.py:120: in _hookexec
    return self._inner_hookexec(hook_name, methods, kwargs, firstresult)
           ^^^^^^^^^^^^^^^^^^^^^^^^^^^^^^^^^^^^^^^^^^^^^^^^^^^^^^^^^^^^^
.venv/lib/python3.11/site-packages/_pytest/logging.py:843: in pytest_runtest_setup
    yield
.venv/lib/python3.11/site-packages/_pytest/capture.py:895: in pytest_runtest_setup
    return (yield)
            ^^^^^
.venv/lib/python3.11/site-packages/_pytest/runner.py:165: in pytest_runtest_setup
    item.session._setupstate.setup(item)
.venv/lib/python3.11/site-packages/_pytest/runner.py:523: in setup
    col.setup()
.venv/lib/python3.11/site-packages/_pytest/python.py:1723: in setup
    self._request._fillfixtures()
.venv/lib/python3.11/site-packages/_pytest/fixtures.py:707: in _fillfixtures
    item.funcargs[argname] = self.getfixturevalue(argname)
                             ^^^^^^^^^^^^^^^^^^^^^^^^^^^^^
.venv/lib/python3.11/site-packages/_pytest/fixtures.py:539: in getfixturevalue
    fixturedef = self._get_active_fixturedef(argname)
                 ^^^^^^^^^^^^^^^^^^^^^^^^^^^^^^^^^^^^
.venv/lib/python3.11/site-packages/_pytest/fixtures.py:627: in _get_active_fixturedef
    fixturedef.execute(request=subrequest)
.venv/lib/python3.11/site-packages/_pytest/fixtures.py:1068: in execute
    fixturedef = request._get_active_fixturedef(argname)
                 ^^^^^^^^^^^^^^^^^^^^^^^^^^^^^^^^^^^^^^^
.venv/lib/python3.11/site-packages/_pytest/fixtures.py:627: in _get_active_fixturedef
    fixturedef.execute(request=subrequest)
.venv/lib/python3.11/site-packages/_pytest/fixtures.py:1110: in execute
    result: FixtureValue = ihook.pytest_fixture_setup(
.venv/lib/python3.11/site-packages/pluggy/_hooks.py:512: in __call__
    return self._hookexec(self.name, self._hookimpls.copy(), kwargs, firstresult)
           ^^^^^^^^^^^^^^^^^^^^^^^^^^^^^^^^^^^^^^^^^^^^^^^^^^^^^^^^^^^^^^^^^^^^^^
.venv/lib/python3.11/site-packages/pluggy/_manager.py:120: in _hookexec
    return self._inner_hookexec(hook_name, methods, kwargs, firstresult)
           ^^^^^^^^^^^^^^^^^^^^^^^^^^^^^^^^^^^^^^^^^^^^^^^^^^^^^^^^^^^^^
.venv/lib/python3.11/site-packages/pluggy/_callers.py:53: in run_old_style_hookwrapper
    return result.get_result()
           ^^^^^^^^^^^^^^^^^^^
.venv/lib/python3.11/site-packages/pluggy/_callers.py:38: in run_old_style_hookwrapper
    res = yield
          ^^^^^
.venv/lib/python3.11/site-packages/_pytest/setuponly.py:36: in pytest_fixture_setup
    return (yield)
            ^^^^^
.venv/lib/python3.11/site-packages/_pytest/fixtures.py:1188: in pytest_fixture_setup
    warnings.warn(
E   pytest.PytestRemovedIn9Warning: 'test_chat_returns_escalate_for_cotizacion' requested an async fixture 'app_with_queue', with no plugin or hook that handled it. This is usually an error, as pytest does not natively support it. This will turn into an error in pytest 9.
E   See: https://docs.pytest.org/en/stable/deprecations.html#sync-test-depending-on-async-fixture
_ ERROR at setup of TestChatEndpointUnit.test_chat_returns_escalate_for_pedido _
.venv/lib/python3.11/site-packages/_pytest/runner.py:353: in from_call
    result: TResult | None = func()
                             ^^^^^^
.venv/lib/python3.11/site-packages/_pytest/runner.py:245: in <lambda>
    lambda: runtest_hook(item=item, **kwds),
            ^^^^^^^^^^^^^^^^^^^^^^^^^^^^^^^
.venv/lib/python3.11/site-packages/pluggy/_hooks.py:512: in __call__
    return self._hookexec(self.name, self._hookimpls.copy(), kwargs, firstresult)
           ^^^^^^^^^^^^^^^^^^^^^^^^^^^^^^^^^^^^^^^^^^^^^^^^^^^^^^^^^^^^^^^^^^^^^^
.venv/lib/python3.11/site-packages/pluggy/_manager.py:120: in _hookexec
    return self._inner_hookexec(hook_name, methods, kwargs, firstresult)
           ^^^^^^^^^^^^^^^^^^^^^^^^^^^^^^^^^^^^^^^^^^^^^^^^^^^^^^^^^^^^^
.venv/lib/python3.11/site-packages/_pytest/logging.py:843: in pytest_runtest_setup
    yield
.venv/lib/python3.11/site-packages/_pytest/capture.py:895: in pytest_runtest_setup
    return (yield)
            ^^^^^
.venv/lib/python3.11/site-packages/_pytest/runner.py:165: in pytest_runtest_setup
    item.session._setupstate.setup(item)
.venv/lib/python3.11/site-packages/_pytest/runner.py:523: in setup
    col.setup()
.venv/lib/python3.11/site-packages/_pytest/python.py:1723: in setup
    self._request._fillfixtures()
.venv/lib/python3.11/site-packages/_pytest/fixtures.py:707: in _fillfixtures
    item.funcargs[argname] = self.getfixturevalue(argname)
                             ^^^^^^^^^^^^^^^^^^^^^^^^^^^^^
.venv/lib/python3.11/site-packages/_pytest/fixtures.py:539: in getfixturevalue
    fixturedef = self._get_active_fixturedef(argname)
                 ^^^^^^^^^^^^^^^^^^^^^^^^^^^^^^^^^^^^
.venv/lib/python3.11/site-packages/_pytest/fixtures.py:627: in _get_active_fixturedef
    fixturedef.execute(request=subrequest)
.venv/lib/python3.11/site-packages/_pytest/fixtures.py:1068: in execute
    fixturedef = request._get_active_fixturedef(argname)
                 ^^^^^^^^^^^^^^^^^^^^^^^^^^^^^^^^^^^^^^^
.venv/lib/python3.11/site-packages/_pytest/fixtures.py:627: in _get_active_fixturedef
    fixturedef.execute(request=subrequest)
.venv/lib/python3.11/site-packages/_pytest/fixtures.py:1110: in execute
    result: FixtureValue = ihook.pytest_fixture_setup(
.venv/lib/python3.11/site-packages/pluggy/_hooks.py:512: in __call__
    return self._hookexec(self.name, self._hookimpls.copy(), kwargs, firstresult)
           ^^^^^^^^^^^^^^^^^^^^^^^^^^^^^^^^^^^^^^^^^^^^^^^^^^^^^^^^^^^^^^^^^^^^^^
.venv/lib/python3.11/site-packages/pluggy/_manager.py:120: in _hookexec
    return self._inner_hookexec(hook_name, methods, kwargs, firstresult)
           ^^^^^^^^^^^^^^^^^^^^^^^^^^^^^^^^^^^^^^^^^^^^^^^^^^^^^^^^^^^^^
.venv/lib/python3.11/site-packages/pluggy/_callers.py:53: in run_old_style_hookwrapper
    return result.get_result()
           ^^^^^^^^^^^^^^^^^^^
.venv/lib/python3.11/site-packages/pluggy/_callers.py:38: in run_old_style_hookwrapper
    res = yield
          ^^^^^
.venv/lib/python3.11/site-packages/_pytest/setuponly.py:36: in pytest_fixture_setup
    return (yield)
            ^^^^^
.venv/lib/python3.11/site-packages/_pytest/fixtures.py:1188: in pytest_fixture_setup
    warnings.warn(
E   pytest.PytestRemovedIn9Warning: 'test_chat_returns_escalate_for_pedido' requested an async fixture 'app_with_queue', with no plugin or hook that handled it. This is usually an error, as pytest does not natively support it. This will turn into an error in pytest 9.
E   See: https://docs.pytest.org/en/stable/deprecations.html#sync-test-depending-on-async-fixture
_ ERROR at setup of TestChatEndpointUnit.test_chat_returns_escalate_for_garantia _
.venv/lib/python3.11/site-packages/_pytest/runner.py:353: in from_call
    result: TResult | None = func()
                             ^^^^^^
.venv/lib/python3.11/site-packages/_pytest/runner.py:245: in <lambda>
    lambda: runtest_hook(item=item, **kwds),
            ^^^^^^^^^^^^^^^^^^^^^^^^^^^^^^^
.venv/lib/python3.11/site-packages/pluggy/_hooks.py:512: in __call__
    return self._hookexec(self.name, self._hookimpls.copy(), kwargs, firstresult)
           ^^^^^^^^^^^^^^^^^^^^^^^^^^^^^^^^^^^^^^^^^^^^^^^^^^^^^^^^^^^^^^^^^^^^^^
.venv/lib/python3.11/site-packages/pluggy/_manager.py:120: in _hookexec
    return self._inner_hookexec(hook_name, methods, kwargs, firstresult)
           ^^^^^^^^^^^^^^^^^^^^^^^^^^^^^^^^^^^^^^^^^^^^^^^^^^^^^^^^^^^^^
.venv/lib/python3.11/site-packages/_pytest/logging.py:843: in pytest_runtest_setup
    yield
.venv/lib/python3.11/site-packages/_pytest/capture.py:895: in pytest_runtest_setup
    return (yield)
            ^^^^^
.venv/lib/python3.11/site-packages/_pytest/runner.py:165: in pytest_runtest_setup
    item.session._setupstate.setup(item)
.venv/lib/python3.11/site-packages/_pytest/runner.py:523: in setup
    col.setup()
.venv/lib/python3.11/site-packages/_pytest/python.py:1723: in setup
    self._request._fillfixtures()
.venv/lib/python3.11/site-packages/_pytest/fixtures.py:707: in _fillfixtures
    item.funcargs[argname] = self.getfixturevalue(argname)
                             ^^^^^^^^^^^^^^^^^^^^^^^^^^^^^
.venv/lib/python3.11/site-packages/_pytest/fixtures.py:539: in getfixturevalue
    fixturedef = self._get_active_fixturedef(argname)
                 ^^^^^^^^^^^^^^^^^^^^^^^^^^^^^^^^^^^^
.venv/lib/python3.11/site-packages/_pytest/fixtures.py:627: in _get_active_fixturedef
    fixturedef.execute(request=subrequest)
.venv/lib/python3.11/site-packages/_pytest/fixtures.py:1068: in execute
    fixturedef = request._get_active_fixturedef(argname)
                 ^^^^^^^^^^^^^^^^^^^^^^^^^^^^^^^^^^^^^^^
.venv/lib/python3.11/site-packages/_pytest/fixtures.py:627: in _get_active_fixturedef
    fixturedef.execute(request=subrequest)
.venv/lib/python3.11/site-packages/_pytest/fixtures.py:1110: in execute
    result: FixtureValue = ihook.pytest_fixture_setup(
.venv/lib/python3.11/site-packages/pluggy/_hooks.py:512: in __call__
    return self._hookexec(self.name, self._hookimpls.copy(), kwargs, firstresult)
           ^^^^^^^^^^^^^^^^^^^^^^^^^^^^^^^^^^^^^^^^^^^^^^^^^^^^^^^^^^^^^^^^^^^^^^
.venv/lib/python3.11/site-packages/pluggy/_manager.py:120: in _hookexec
    return self._inner_hookexec(hook_name, methods, kwargs, firstresult)
           ^^^^^^^^^^^^^^^^^^^^^^^^^^^^^^^^^^^^^^^^^^^^^^^^^^^^^^^^^^^^^
.venv/lib/python3.11/site-packages/pluggy/_callers.py:53: in run_old_style_hookwrapper
    return result.get_result()
           ^^^^^^^^^^^^^^^^^^^
.venv/lib/python3.11/site-packages/pluggy/_callers.py:38: in run_old_style_hookwrapper
    res = yield
          ^^^^^
.venv/lib/python3.11/site-packages/_pytest/setuponly.py:36: in pytest_fixture_setup
    return (yield)
            ^^^^^
.venv/lib/python3.11/site-packages/_pytest/fixtures.py:1188: in pytest_fixture_setup
    warnings.warn(
E   pytest.PytestRemovedIn9Warning: 'test_chat_returns_escalate_for_garantia' requested an async fixture 'app_with_queue', with no plugin or hook that handled it. This is usually an error, as pytest does not natively support it. This will turn into an error in pytest 9.
E   See: https://docs.pytest.org/en/stable/deprecations.html#sync-test-depending-on-async-fixture
_ ERROR at setup of TestChatEndpointUnit.test_chat_normal_message_with_mocked_queue _
.venv/lib/python3.11/site-packages/_pytest/runner.py:353: in from_call
    result: TResult | None = func()
                             ^^^^^^
.venv/lib/python3.11/site-packages/_pytest/runner.py:245: in <lambda>
    lambda: runtest_hook(item=item, **kwds),
            ^^^^^^^^^^^^^^^^^^^^^^^^^^^^^^^
.venv/lib/python3.11/site-packages/pluggy/_hooks.py:512: in __call__
    return self._hookexec(self.name, self._hookimpls.copy(), kwargs, firstresult)
           ^^^^^^^^^^^^^^^^^^^^^^^^^^^^^^^^^^^^^^^^^^^^^^^^^^^^^^^^^^^^^^^^^^^^^^
.venv/lib/python3.11/site-packages/pluggy/_manager.py:120: in _hookexec
    return self._inner_hookexec(hook_name, methods, kwargs, firstresult)
           ^^^^^^^^^^^^^^^^^^^^^^^^^^^^^^^^^^^^^^^^^^^^^^^^^^^^^^^^^^^^^
.venv/lib/python3.11/site-packages/_pytest/logging.py:843: in pytest_runtest_setup
    yield
.venv/lib/python3.11/site-packages/_pytest/capture.py:895: in pytest_runtest_setup
    return (yield)
            ^^^^^
.venv/lib/python3.11/site-packages/_pytest/runner.py:165: in pytest_runtest_setup
    item.session._setupstate.setup(item)
.venv/lib/python3.11/site-packages/_pytest/runner.py:523: in setup
    col.setup()
.venv/lib/python3.11/site-packages/_pytest/python.py:1723: in setup
    self._request._fillfixtures()
.venv/lib/python3.11/site-packages/_pytest/fixtures.py:707: in _fillfixtures
    item.funcargs[argname] = self.getfixturevalue(argname)
                             ^^^^^^^^^^^^^^^^^^^^^^^^^^^^^
.venv/lib/python3.11/site-packages/_pytest/fixtures.py:539: in getfixturevalue
    fixturedef = self._get_active_fixturedef(argname)
                 ^^^^^^^^^^^^^^^^^^^^^^^^^^^^^^^^^^^^
.venv/lib/python3.11/site-packages/_pytest/fixtures.py:627: in _get_active_fixturedef
    fixturedef.execute(request=subrequest)
.venv/lib/python3.11/site-packages/_pytest/fixtures.py:1068: in execute
    fixturedef = request._get_active_fixturedef(argname)
                 ^^^^^^^^^^^^^^^^^^^^^^^^^^^^^^^^^^^^^^^
.venv/lib/python3.11/site-packages/_pytest/fixtures.py:627: in _get_active_fixturedef
    fixturedef.execute(request=subrequest)
.venv/lib/python3.11/site-packages/_pytest/fixtures.py:1110: in execute
    result: FixtureValue = ihook.pytest_fixture_setup(
.venv/lib/python3.11/site-packages/pluggy/_hooks.py:512: in __call__
    return self._hookexec(self.name, self._hookimpls.copy(), kwargs, firstresult)
           ^^^^^^^^^^^^^^^^^^^^^^^^^^^^^^^^^^^^^^^^^^^^^^^^^^^^^^^^^^^^^^^^^^^^^^
.venv/lib/python3.11/site-packages/pluggy/_manager.py:120: in _hookexec
    return self._inner_hookexec(hook_name, methods, kwargs, firstresult)
           ^^^^^^^^^^^^^^^^^^^^^^^^^^^^^^^^^^^^^^^^^^^^^^^^^^^^^^^^^^^^^
.venv/lib/python3.11/site-packages/pluggy/_callers.py:53: in run_old_style_hookwrapper
    return result.get_result()
           ^^^^^^^^^^^^^^^^^^^
.venv/lib/python3.11/site-packages/pluggy/_callers.py:38: in run_old_style_hookwrapper
    res = yield
          ^^^^^
.venv/lib/python3.11/site-packages/_pytest/setuponly.py:36: in pytest_fixture_setup
    return (yield)
            ^^^^^
.venv/lib/python3.11/site-packages/_pytest/fixtures.py:1188: in pytest_fixture_setup
    warnings.warn(
E   pytest.PytestRemovedIn9Warning: 'test_chat_normal_message_with_mocked_queue' requested an async fixture 'app_with_queue', with no plugin or hook that handled it. This is usually an error, as pytest does not natively support it. This will turn into an error in pytest 9.
E   See: https://docs.pytest.org/en/stable/deprecations.html#sync-test-depending-on-async-fixture
_____ ERROR at setup of TestChatEndpointUnit.test_chat_returns_session_id ______
.venv/lib/python3.11/site-packages/_pytest/runner.py:353: in from_call
    result: TResult | None = func()
                             ^^^^^^
.venv/lib/python3.11/site-packages/_pytest/runner.py:245: in <lambda>
    lambda: runtest_hook(item=item, **kwds),
            ^^^^^^^^^^^^^^^^^^^^^^^^^^^^^^^
.venv/lib/python3.11/site-packages/pluggy/_hooks.py:512: in __call__
    return self._hookexec(self.name, self._hookimpls.copy(), kwargs, firstresult)
           ^^^^^^^^^^^^^^^^^^^^^^^^^^^^^^^^^^^^^^^^^^^^^^^^^^^^^^^^^^^^^^^^^^^^^^
.venv/lib/python3.11/site-packages/pluggy/_manager.py:120: in _hookexec
    return self._inner_hookexec(hook_name, methods, kwargs, firstresult)
           ^^^^^^^^^^^^^^^^^^^^^^^^^^^^^^^^^^^^^^^^^^^^^^^^^^^^^^^^^^^^^
.venv/lib/python3.11/site-packages/_pytest/logging.py:843: in pytest_runtest_setup
    yield
.venv/lib/python3.11/site-packages/_pytest/capture.py:895: in pytest_runtest_setup
    return (yield)
            ^^^^^
.venv/lib/python3.11/site-packages/_pytest/runner.py:165: in pytest_runtest_setup
    item.session._setupstate.setup(item)
.venv/lib/python3.11/site-packages/_pytest/runner.py:523: in setup
    col.setup()
.venv/lib/python3.11/site-packages/_pytest/python.py:1723: in setup
    self._request._fillfixtures()
.venv/lib/python3.11/site-packages/_pytest/fixtures.py:707: in _fillfixtures
    item.funcargs[argname] = self.getfixturevalue(argname)
                             ^^^^^^^^^^^^^^^^^^^^^^^^^^^^^
.venv/lib/python3.11/site-packages/_pytest/fixtures.py:539: in getfixturevalue
    fixturedef = self._get_active_fixturedef(argname)
                 ^^^^^^^^^^^^^^^^^^^^^^^^^^^^^^^^^^^^
.venv/lib/python3.11/site-packages/_pytest/fixtures.py:627: in _get_active_fixturedef
    fixturedef.execute(request=subrequest)
.venv/lib/python3.11/site-packages/_pytest/fixtures.py:1068: in execute
    fixturedef = request._get_active_fixturedef(argname)
                 ^^^^^^^^^^^^^^^^^^^^^^^^^^^^^^^^^^^^^^^
.venv/lib/python3.11/site-packages/_pytest/fixtures.py:627: in _get_active_fixturedef
    fixturedef.execute(request=subrequest)
.venv/lib/python3.11/site-packages/_pytest/fixtures.py:1110: in execute
    result: FixtureValue = ihook.pytest_fixture_setup(
.venv/lib/python3.11/site-packages/pluggy/_hooks.py:512: in __call__
    return self._hookexec(self.name, self._hookimpls.copy(), kwargs, firstresult)
           ^^^^^^^^^^^^^^^^^^^^^^^^^^^^^^^^^^^^^^^^^^^^^^^^^^^^^^^^^^^^^^^^^^^^^^
.venv/lib/python3.11/site-packages/pluggy/_manager.py:120: in _hookexec
    return self._inner_hookexec(hook_name, methods, kwargs, firstresult)
           ^^^^^^^^^^^^^^^^^^^^^^^^^^^^^^^^^^^^^^^^^^^^^^^^^^^^^^^^^^^^^
.venv/lib/python3.11/site-packages/pluggy/_callers.py:53: in run_old_style_hookwrapper
    return result.get_result()
           ^^^^^^^^^^^^^^^^^^^
.venv/lib/python3.11/site-packages/pluggy/_callers.py:38: in run_old_style_hookwrapper
    res = yield
          ^^^^^
.venv/lib/python3.11/site-packages/_pytest/setuponly.py:36: in pytest_fixture_setup
    return (yield)
            ^^^^^
.venv/lib/python3.11/site-packages/_pytest/fixtures.py:1188: in pytest_fixture_setup
    warnings.warn(
E   pytest.PytestRemovedIn9Warning: 'test_chat_returns_session_id' requested an async fixture 'app_with_queue', with no plugin or hook that handled it. This is usually an error, as pytest does not natively support it. This will turn into an error in pytest 9.
E   See: https://docs.pytest.org/en/stable/deprecations.html#sync-test-depending-on-async-fixture
__ ERROR at setup of TestChatEndpointUnit.test_chat_accepts_custom_session_id __
.venv/lib/python3.11/site-packages/_pytest/runner.py:353: in from_call
    result: TResult | None = func()
                             ^^^^^^
.venv/lib/python3.11/site-packages/_pytest/runner.py:245: in <lambda>
    lambda: runtest_hook(item=item, **kwds),
            ^^^^^^^^^^^^^^^^^^^^^^^^^^^^^^^
.venv/lib/python3.11/site-packages/pluggy/_hooks.py:512: in __call__
    return self._hookexec(self.name, self._hookimpls.copy(), kwargs, firstresult)
           ^^^^^^^^^^^^^^^^^^^^^^^^^^^^^^^^^^^^^^^^^^^^^^^^^^^^^^^^^^^^^^^^^^^^^^
.venv/lib/python3.11/site-packages/pluggy/_manager.py:120: in _hookexec
    return self._inner_hookexec(hook_name, methods, kwargs, firstresult)
           ^^^^^^^^^^^^^^^^^^^^^^^^^^^^^^^^^^^^^^^^^^^^^^^^^^^^^^^^^^^^^
.venv/lib/python3.11/site-packages/_pytest/logging.py:843: in pytest_runtest_setup
    yield
.venv/lib/python3.11/site-packages/_pytest/capture.py:895: in pytest_runtest_setup
    return (yield)
            ^^^^^
.venv/lib/python3.11/site-packages/_pytest/runner.py:165: in pytest_runtest_setup
    item.session._setupstate.setup(item)
.venv/lib/python3.11/site-packages/_pytest/runner.py:523: in setup
    col.setup()
.venv/lib/python3.11/site-packages/_pytest/python.py:1723: in setup
    self._request._fillfixtures()
.venv/lib/python3.11/site-packages/_pytest/fixtures.py:707: in _fillfixtures
    item.funcargs[argname] = self.getfixturevalue(argname)
                             ^^^^^^^^^^^^^^^^^^^^^^^^^^^^^
.venv/lib/python3.11/site-packages/_pytest/fixtures.py:539: in getfixturevalue
    fixturedef = self._get_active_fixturedef(argname)
                 ^^^^^^^^^^^^^^^^^^^^^^^^^^^^^^^^^^^^
.venv/lib/python3.11/site-packages/_pytest/fixtures.py:627: in _get_active_fixturedef
    fixturedef.execute(request=subrequest)
.venv/lib/python3.11/site-packages/_pytest/fixtures.py:1068: in execute
    fixturedef = request._get_active_fixturedef(argname)
                 ^^^^^^^^^^^^^^^^^^^^^^^^^^^^^^^^^^^^^^^
.venv/lib/python3.11/site-packages/_pytest/fixtures.py:627: in _get_active_fixturedef
    fixturedef.execute(request=subrequest)
.venv/lib/python3.11/site-packages/_pytest/fixtures.py:1110: in execute
    result: FixtureValue = ihook.pytest_fixture_setup(
.venv/lib/python3.11/site-packages/pluggy/_hooks.py:512: in __call__
    return self._hookexec(self.name, self._hookimpls.copy(), kwargs, firstresult)
           ^^^^^^^^^^^^^^^^^^^^^^^^^^^^^^^^^^^^^^^^^^^^^^^^^^^^^^^^^^^^^^^^^^^^^^
.venv/lib/python3.11/site-packages/pluggy/_manager.py:120: in _hookexec
    return self._inner_hookexec(hook_name, methods, kwargs, firstresult)
           ^^^^^^^^^^^^^^^^^^^^^^^^^^^^^^^^^^^^^^^^^^^^^^^^^^^^^^^^^^^^^
.venv/lib/python3.11/site-packages/pluggy/_callers.py:53: in run_old_style_hookwrapper
    return result.get_result()
           ^^^^^^^^^^^^^^^^^^^
.venv/lib/python3.11/site-packages/pluggy/_callers.py:38: in run_old_style_hookwrapper
    res = yield
          ^^^^^
.venv/lib/python3.11/site-packages/_pytest/setuponly.py:36: in pytest_fixture_setup
    return (yield)
            ^^^^^
.venv/lib/python3.11/site-packages/_pytest/fixtures.py:1188: in pytest_fixture_setup
    warnings.warn(
E   pytest.PytestRemovedIn9Warning: 'test_chat_accepts_custom_session_id' requested an async fixture 'app_with_queue', with no plugin or hook that handled it. This is usually an error, as pytest does not natively support it. This will turn into an error in pytest 9.
E   See: https://docs.pytest.org/en/stable/deprecations.html#sync-test-depending-on-async-fixture
_____ ERROR at setup of TestChatEndpointUnit.test_chat_timeout_returns_504 _____
.venv/lib/python3.11/site-packages/_pytest/runner.py:353: in from_call
    result: TResult | None = func()
                             ^^^^^^
.venv/lib/python3.11/site-packages/_pytest/runner.py:245: in <lambda>
    lambda: runtest_hook(item=item, **kwds),
            ^^^^^^^^^^^^^^^^^^^^^^^^^^^^^^^
.venv/lib/python3.11/site-packages/pluggy/_hooks.py:512: in __call__
    return self._hookexec(self.name, self._hookimpls.copy(), kwargs, firstresult)
           ^^^^^^^^^^^^^^^^^^^^^^^^^^^^^^^^^^^^^^^^^^^^^^^^^^^^^^^^^^^^^^^^^^^^^^
.venv/lib/python3.11/site-packages/pluggy/_manager.py:120: in _hookexec
    return self._inner_hookexec(hook_name, methods, kwargs, firstresult)
           ^^^^^^^^^^^^^^^^^^^^^^^^^^^^^^^^^^^^^^^^^^^^^^^^^^^^^^^^^^^^^
.venv/lib/python3.11/site-packages/_pytest/logging.py:843: in pytest_runtest_setup
    yield
.venv/lib/python3.11/site-packages/_pytest/capture.py:895: in pytest_runtest_setup
    return (yield)
            ^^^^^
.venv/lib/python3.11/site-packages/_pytest/runner.py:165: in pytest_runtest_setup
    item.session._setupstate.setup(item)
.venv/lib/python3.11/site-packages/_pytest/runner.py:523: in setup
    col.setup()
.venv/lib/python3.11/site-packages/_pytest/python.py:1723: in setup
    self._request._fillfixtures()
.venv/lib/python3.11/site-packages/_pytest/fixtures.py:707: in _fillfixtures
    item.funcargs[argname] = self.getfixturevalue(argname)
                             ^^^^^^^^^^^^^^^^^^^^^^^^^^^^^
.venv/lib/python3.11/site-packages/_pytest/fixtures.py:539: in getfixturevalue
    fixturedef = self._get_active_fixturedef(argname)
                 ^^^^^^^^^^^^^^^^^^^^^^^^^^^^^^^^^^^^
.venv/lib/python3.11/site-packages/_pytest/fixtures.py:627: in _get_active_fixturedef
    fixturedef.execute(request=subrequest)
.venv/lib/python3.11/site-packages/_pytest/fixtures.py:1068: in execute
    fixturedef = request._get_active_fixturedef(argname)
                 ^^^^^^^^^^^^^^^^^^^^^^^^^^^^^^^^^^^^^^^
.venv/lib/python3.11/site-packages/_pytest/fixtures.py:627: in _get_active_fixturedef
    fixturedef.execute(request=subrequest)
.venv/lib/python3.11/site-packages/_pytest/fixtures.py:1110: in execute
    result: FixtureValue = ihook.pytest_fixture_setup(
.venv/lib/python3.11/site-packages/pluggy/_hooks.py:512: in __call__
    return self._hookexec(self.name, self._hookimpls.copy(), kwargs, firstresult)
           ^^^^^^^^^^^^^^^^^^^^^^^^^^^^^^^^^^^^^^^^^^^^^^^^^^^^^^^^^^^^^^^^^^^^^^
.venv/lib/python3.11/site-packages/pluggy/_manager.py:120: in _hookexec
    return self._inner_hookexec(hook_name, methods, kwargs, firstresult)
           ^^^^^^^^^^^^^^^^^^^^^^^^^^^^^^^^^^^^^^^^^^^^^^^^^^^^^^^^^^^^^
.venv/lib/python3.11/site-packages/pluggy/_callers.py:53: in run_old_style_hookwrapper
    return result.get_result()
           ^^^^^^^^^^^^^^^^^^^
.venv/lib/python3.11/site-packages/pluggy/_callers.py:38: in run_old_style_hookwrapper
    res = yield
          ^^^^^
.venv/lib/python3.11/site-packages/_pytest/setuponly.py:36: in pytest_fixture_setup
    return (yield)
            ^^^^^
.venv/lib/python3.11/site-packages/_pytest/fixtures.py:1188: in pytest_fixture_setup
    warnings.warn(
E   pytest.PytestRemovedIn9Warning: 'test_chat_timeout_returns_504' requested an async fixture 'app_with_queue', with no plugin or hook that handled it. This is usually an error, as pytest does not natively support it. This will turn into an error in pytest 9.
E   See: https://docs.pytest.org/en/stable/deprecations.html#sync-test-depending-on-async-fixture
_ ERROR at setup of TestChatEndpointUnit.test_chat_llm_service_error_returns_503 _
.venv/lib/python3.11/site-packages/_pytest/runner.py:353: in from_call
    result: TResult | None = func()
                             ^^^^^^
.venv/lib/python3.11/site-packages/_pytest/runner.py:245: in <lambda>
    lambda: runtest_hook(item=item, **kwds),
            ^^^^^^^^^^^^^^^^^^^^^^^^^^^^^^^
.venv/lib/python3.11/site-packages/pluggy/_hooks.py:512: in __call__
    return self._hookexec(self.name, self._hookimpls.copy(), kwargs, firstresult)
           ^^^^^^^^^^^^^^^^^^^^^^^^^^^^^^^^^^^^^^^^^^^^^^^^^^^^^^^^^^^^^^^^^^^^^^
.venv/lib/python3.11/site-packages/pluggy/_manager.py:120: in _hookexec
    return self._inner_hookexec(hook_name, methods, kwargs, firstresult)
           ^^^^^^^^^^^^^^^^^^^^^^^^^^^^^^^^^^^^^^^^^^^^^^^^^^^^^^^^^^^^^
.venv/lib/python3.11/site-packages/_pytest/logging.py:843: in pytest_runtest_setup
    yield
.venv/lib/python3.11/site-packages/_pytest/capture.py:895: in pytest_runtest_setup
    return (yield)
            ^^^^^
.venv/lib/python3.11/site-packages/_pytest/runner.py:165: in pytest_runtest_setup
    item.session._setupstate.setup(item)
.venv/lib/python3.11/site-packages/_pytest/runner.py:523: in setup
    col.setup()
.venv/lib/python3.11/site-packages/_pytest/python.py:1723: in setup
    self._request._fillfixtures()
.venv/lib/python3.11/site-packages/_pytest/fixtures.py:707: in _fillfixtures
    item.funcargs[argname] = self.getfixturevalue(argname)
                             ^^^^^^^^^^^^^^^^^^^^^^^^^^^^^
.venv/lib/python3.11/site-packages/_pytest/fixtures.py:539: in getfixturevalue
    fixturedef = self._get_active_fixturedef(argname)
                 ^^^^^^^^^^^^^^^^^^^^^^^^^^^^^^^^^^^^
.venv/lib/python3.11/site-packages/_pytest/fixtures.py:627: in _get_active_fixturedef
    fixturedef.execute(request=subrequest)
.venv/lib/python3.11/site-packages/_pytest/fixtures.py:1068: in execute
    fixturedef = request._get_active_fixturedef(argname)
                 ^^^^^^^^^^^^^^^^^^^^^^^^^^^^^^^^^^^^^^^
.venv/lib/python3.11/site-packages/_pytest/fixtures.py:627: in _get_active_fixturedef
    fixturedef.execute(request=subrequest)
.venv/lib/python3.11/site-packages/_pytest/fixtures.py:1110: in execute
    result: FixtureValue = ihook.pytest_fixture_setup(
.venv/lib/python3.11/site-packages/pluggy/_hooks.py:512: in __call__
    return self._hookexec(self.name, self._hookimpls.copy(), kwargs, firstresult)
           ^^^^^^^^^^^^^^^^^^^^^^^^^^^^^^^^^^^^^^^^^^^^^^^^^^^^^^^^^^^^^^^^^^^^^^
.venv/lib/python3.11/site-packages/pluggy/_manager.py:120: in _hookexec
    return self._inner_hookexec(hook_name, methods, kwargs, firstresult)
           ^^^^^^^^^^^^^^^^^^^^^^^^^^^^^^^^^^^^^^^^^^^^^^^^^^^^^^^^^^^^^
.venv/lib/python3.11/site-packages/pluggy/_callers.py:53: in run_old_style_hookwrapper
    return result.get_result()
           ^^^^^^^^^^^^^^^^^^^
.venv/lib/python3.11/site-packages/pluggy/_callers.py:38: in run_old_style_hookwrapper
    res = yield
          ^^^^^
.venv/lib/python3.11/site-packages/_pytest/setuponly.py:36: in pytest_fixture_setup
    return (yield)
            ^^^^^
.venv/lib/python3.11/site-packages/_pytest/fixtures.py:1188: in pytest_fixture_setup
    warnings.warn(
E   pytest.PytestRemovedIn9Warning: 'test_chat_llm_service_error_returns_503' requested an async fixture 'app_with_queue', with no plugin or hook that handled it. This is usually an error, as pytest does not natively support it. This will turn into an error in pytest 9.
E   See: https://docs.pytest.org/en/stable/deprecations.html#sync-test-depending-on-async-fixture
_ ERROR at setup of TestChatEndpointUnit.test_chat_s3_error_returns_graceful_response _
.venv/lib/python3.11/site-packages/_pytest/runner.py:353: in from_call
    result: TResult | None = func()
                             ^^^^^^
.venv/lib/python3.11/site-packages/_pytest/runner.py:245: in <lambda>
    lambda: runtest_hook(item=item, **kwds),
            ^^^^^^^^^^^^^^^^^^^^^^^^^^^^^^^
.venv/lib/python3.11/site-packages/pluggy/_hooks.py:512: in __call__
    return self._hookexec(self.name, self._hookimpls.copy(), kwargs, firstresult)
           ^^^^^^^^^^^^^^^^^^^^^^^^^^^^^^^^^^^^^^^^^^^^^^^^^^^^^^^^^^^^^^^^^^^^^^
.venv/lib/python3.11/site-packages/pluggy/_manager.py:120: in _hookexec
    return self._inner_hookexec(hook_name, methods, kwargs, firstresult)
           ^^^^^^^^^^^^^^^^^^^^^^^^^^^^^^^^^^^^^^^^^^^^^^^^^^^^^^^^^^^^^
.venv/lib/python3.11/site-packages/_pytest/logging.py:843: in pytest_runtest_setup
    yield
.venv/lib/python3.11/site-packages/_pytest/capture.py:895: in pytest_runtest_setup
    return (yield)
            ^^^^^
.venv/lib/python3.11/site-packages/_pytest/runner.py:165: in pytest_runtest_setup
    item.session._setupstate.setup(item)
.venv/lib/python3.11/site-packages/_pytest/runner.py:523: in setup
    col.setup()
.venv/lib/python3.11/site-packages/_pytest/python.py:1723: in setup
    self._request._fillfixtures()
.venv/lib/python3.11/site-packages/_pytest/fixtures.py:707: in _fillfixtures
    item.funcargs[argname] = self.getfixturevalue(argname)
                             ^^^^^^^^^^^^^^^^^^^^^^^^^^^^^
.venv/lib/python3.11/site-packages/_pytest/fixtures.py:539: in getfixturevalue
    fixturedef = self._get_active_fixturedef(argname)
                 ^^^^^^^^^^^^^^^^^^^^^^^^^^^^^^^^^^^^
.venv/lib/python3.11/site-packages/_pytest/fixtures.py:627: in _get_active_fixturedef
    fixturedef.execute(request=subrequest)
.venv/lib/python3.11/site-packages/_pytest/fixtures.py:1068: in execute
    fixturedef = request._get_active_fixturedef(argname)
                 ^^^^^^^^^^^^^^^^^^^^^^^^^^^^^^^^^^^^^^^
.venv/lib/python3.11/site-packages/_pytest/fixtures.py:627: in _get_active_fixturedef
    fixturedef.execute(request=subrequest)
.venv/lib/python3.11/site-packages/_pytest/fixtures.py:1110: in execute
    result: FixtureValue = ihook.pytest_fixture_setup(
.venv/lib/python3.11/site-packages/pluggy/_hooks.py:512: in __call__
    return self._hookexec(self.name, self._hookimpls.copy(), kwargs, firstresult)
           ^^^^^^^^^^^^^^^^^^^^^^^^^^^^^^^^^^^^^^^^^^^^^^^^^^^^^^^^^^^^^^^^^^^^^^
.venv/lib/python3.11/site-packages/pluggy/_manager.py:120: in _hookexec
    return self._inner_hookexec(hook_name, methods, kwargs, firstresult)
           ^^^^^^^^^^^^^^^^^^^^^^^^^^^^^^^^^^^^^^^^^^^^^^^^^^^^^^^^^^^^^
.venv/lib/python3.11/site-packages/pluggy/_callers.py:53: in run_old_style_hookwrapper
    return result.get_result()
           ^^^^^^^^^^^^^^^^^^^
.venv/lib/python3.11/site-packages/pluggy/_callers.py:38: in run_old_style_hookwrapper
    res = yield
          ^^^^^
.venv/lib/python3.11/site-packages/_pytest/setuponly.py:36: in pytest_fixture_setup
    return (yield)
            ^^^^^
.venv/lib/python3.11/site-packages/_pytest/fixtures.py:1188: in pytest_fixture_setup
    warnings.warn(
E   pytest.PytestRemovedIn9Warning: 'test_chat_s3_error_returns_graceful_response' requested an async fixture 'app_with_queue', with no plugin or hook that handled it. This is usually an error, as pytest does not natively support it. This will turn into an error in pytest 9.
E   See: https://docs.pytest.org/en/stable/deprecations.html#sync-test-depending-on-async-fixture
_ ERROR at setup of TestChatEndpointUnit.test_chat_file_upload_error_returns_graceful_response _
.venv/lib/python3.11/site-packages/_pytest/runner.py:353: in from_call
    result: TResult | None = func()
                             ^^^^^^
.venv/lib/python3.11/site-packages/_pytest/runner.py:245: in <lambda>
    lambda: runtest_hook(item=item, **kwds),
            ^^^^^^^^^^^^^^^^^^^^^^^^^^^^^^^
.venv/lib/python3.11/site-packages/pluggy/_hooks.py:512: in __call__
    return self._hookexec(self.name, self._hookimpls.copy(), kwargs, firstresult)
           ^^^^^^^^^^^^^^^^^^^^^^^^^^^^^^^^^^^^^^^^^^^^^^^^^^^^^^^^^^^^^^^^^^^^^^
.venv/lib/python3.11/site-packages/pluggy/_manager.py:120: in _hookexec
    return self._inner_hookexec(hook_name, methods, kwargs, firstresult)
           ^^^^^^^^^^^^^^^^^^^^^^^^^^^^^^^^^^^^^^^^^^^^^^^^^^^^^^^^^^^^^
.venv/lib/python3.11/site-packages/_pytest/logging.py:843: in pytest_runtest_setup
    yield
.venv/lib/python3.11/site-packages/_pytest/capture.py:895: in pytest_runtest_setup
    return (yield)
            ^^^^^
.venv/lib/python3.11/site-packages/_pytest/runner.py:165: in pytest_runtest_setup
    item.session._setupstate.setup(item)
.venv/lib/python3.11/site-packages/_pytest/runner.py:523: in setup
    col.setup()
.venv/lib/python3.11/site-packages/_pytest/python.py:1723: in setup
    self._request._fillfixtures()
.venv/lib/python3.11/site-packages/_pytest/fixtures.py:707: in _fillfixtures
    item.funcargs[argname] = self.getfixturevalue(argname)
                             ^^^^^^^^^^^^^^^^^^^^^^^^^^^^^
.venv/lib/python3.11/site-packages/_pytest/fixtures.py:539: in getfixturevalue
    fixturedef = self._get_active_fixturedef(argname)
                 ^^^^^^^^^^^^^^^^^^^^^^^^^^^^^^^^^^^^
.venv/lib/python3.11/site-packages/_pytest/fixtures.py:627: in _get_active_fixturedef
    fixturedef.execute(request=subrequest)
.venv/lib/python3.11/site-packages/_pytest/fixtures.py:1068: in execute
    fixturedef = request._get_active_fixturedef(argname)
                 ^^^^^^^^^^^^^^^^^^^^^^^^^^^^^^^^^^^^^^^
.venv/lib/python3.11/site-packages/_pytest/fixtures.py:627: in _get_active_fixturedef
    fixturedef.execute(request=subrequest)
.venv/lib/python3.11/site-packages/_pytest/fixtures.py:1110: in execute
    result: FixtureValue = ihook.pytest_fixture_setup(
.venv/lib/python3.11/site-packages/pluggy/_hooks.py:512: in __call__
    return self._hookexec(self.name, self._hookimpls.copy(), kwargs, firstresult)
           ^^^^^^^^^^^^^^^^^^^^^^^^^^^^^^^^^^^^^^^^^^^^^^^^^^^^^^^^^^^^^^^^^^^^^^
.venv/lib/python3.11/site-packages/pluggy/_manager.py:120: in _hookexec
    return self._inner_hookexec(hook_name, methods, kwargs, firstresult)
           ^^^^^^^^^^^^^^^^^^^^^^^^^^^^^^^^^^^^^^^^^^^^^^^^^^^^^^^^^^^^^
.venv/lib/python3.11/site-packages/pluggy/_callers.py:53: in run_old_style_hookwrapper
    return result.get_result()
           ^^^^^^^^^^^^^^^^^^^
.venv/lib/python3.11/site-packages/pluggy/_callers.py:38: in run_old_style_hookwrapper
    res = yield
          ^^^^^
.venv/lib/python3.11/site-packages/_pytest/setuponly.py:36: in pytest_fixture_setup
    return (yield)
            ^^^^^
.venv/lib/python3.11/site-packages/_pytest/fixtures.py:1188: in pytest_fixture_setup
    warnings.warn(
E   pytest.PytestRemovedIn9Warning: 'test_chat_file_upload_error_returns_graceful_response' requested an async fixture 'app_with_queue', with no plugin or hook that handled it. This is usually an error, as pytest does not natively support it. This will turn into an error in pytest 9.
E   See: https://docs.pytest.org/en/stable/deprecations.html#sync-test-depending-on-async-fixture
_ ERROR at setup of TestChatEndpointIntegration.test_chat_simple_message_no_tool_call _
.venv/lib/python3.11/site-packages/_pytest/runner.py:353: in from_call
    result: TResult | None = func()
                             ^^^^^^
.venv/lib/python3.11/site-packages/_pytest/runner.py:245: in <lambda>
    lambda: runtest_hook(item=item, **kwds),
            ^^^^^^^^^^^^^^^^^^^^^^^^^^^^^^^
.venv/lib/python3.11/site-packages/pluggy/_hooks.py:512: in __call__
    return self._hookexec(self.name, self._hookimpls.copy(), kwargs, firstresult)
           ^^^^^^^^^^^^^^^^^^^^^^^^^^^^^^^^^^^^^^^^^^^^^^^^^^^^^^^^^^^^^^^^^^^^^^
.venv/lib/python3.11/site-packages/pluggy/_manager.py:120: in _hookexec
    return self._inner_hookexec(hook_name, methods, kwargs, firstresult)
           ^^^^^^^^^^^^^^^^^^^^^^^^^^^^^^^^^^^^^^^^^^^^^^^^^^^^^^^^^^^^^
.venv/lib/python3.11/site-packages/_pytest/logging.py:843: in pytest_runtest_setup
    yield
.venv/lib/python3.11/site-packages/_pytest/capture.py:895: in pytest_runtest_setup
    return (yield)
            ^^^^^
.venv/lib/python3.11/site-packages/_pytest/runner.py:165: in pytest_runtest_setup
    item.session._setupstate.setup(item)
.venv/lib/python3.11/site-packages/_pytest/runner.py:523: in setup
    col.setup()
.venv/lib/python3.11/site-packages/_pytest/python.py:1723: in setup
    self._request._fillfixtures()
.venv/lib/python3.11/site-packages/_pytest/fixtures.py:707: in _fillfixtures
    item.funcargs[argname] = self.getfixturevalue(argname)
                             ^^^^^^^^^^^^^^^^^^^^^^^^^^^^^
.venv/lib/python3.11/site-packages/_pytest/fixtures.py:539: in getfixturevalue
    fixturedef = self._get_active_fixturedef(argname)
                 ^^^^^^^^^^^^^^^^^^^^^^^^^^^^^^^^^^^^
.venv/lib/python3.11/site-packages/_pytest/fixtures.py:627: in _get_active_fixturedef
    fixturedef.execute(request=subrequest)
.venv/lib/python3.11/site-packages/_pytest/fixtures.py:1068: in execute
    fixturedef = request._get_active_fixturedef(argname)
                 ^^^^^^^^^^^^^^^^^^^^^^^^^^^^^^^^^^^^^^^
.venv/lib/python3.11/site-packages/_pytest/fixtures.py:627: in _get_active_fixturedef
    fixturedef.execute(request=subrequest)
.venv/lib/python3.11/site-packages/_pytest/fixtures.py:1110: in execute
    result: FixtureValue = ihook.pytest_fixture_setup(
.venv/lib/python3.11/site-packages/pluggy/_hooks.py:512: in __call__
    return self._hookexec(self.name, self._hookimpls.copy(), kwargs, firstresult)
           ^^^^^^^^^^^^^^^^^^^^^^^^^^^^^^^^^^^^^^^^^^^^^^^^^^^^^^^^^^^^^^^^^^^^^^
.venv/lib/python3.11/site-packages/pluggy/_manager.py:120: in _hookexec
    return self._inner_hookexec(hook_name, methods, kwargs, firstresult)
           ^^^^^^^^^^^^^^^^^^^^^^^^^^^^^^^^^^^^^^^^^^^^^^^^^^^^^^^^^^^^^
.venv/lib/python3.11/site-packages/pluggy/_callers.py:53: in run_old_style_hookwrapper
    return result.get_result()
           ^^^^^^^^^^^^^^^^^^^
.venv/lib/python3.11/site-packages/pluggy/_callers.py:38: in run_old_style_hookwrapper
    res = yield
          ^^^^^
.venv/lib/python3.11/site-packages/_pytest/setuponly.py:36: in pytest_fixture_setup
    return (yield)
            ^^^^^
.venv/lib/python3.11/site-packages/_pytest/fixtures.py:1188: in pytest_fixture_setup
    warnings.warn(
E   pytest.PytestRemovedIn9Warning: 'test_chat_simple_message_no_tool_call' requested an async fixture 'app_with_queue', with no plugin or hook that handled it. This is usually an error, as pytest does not natively support it. This will turn into an error in pytest 9.
E   See: https://docs.pytest.org/en/stable/deprecations.html#sync-test-depending-on-async-fixture
_ ERROR at setup of TestChatEndpointIntegration.test_chat_with_tool_call_to_datasheet _
.venv/lib/python3.11/site-packages/_pytest/runner.py:353: in from_call
    result: TResult | None = func()
                             ^^^^^^
.venv/lib/python3.11/site-packages/_pytest/runner.py:245: in <lambda>
    lambda: runtest_hook(item=item, **kwds),
            ^^^^^^^^^^^^^^^^^^^^^^^^^^^^^^^
.venv/lib/python3.11/site-packages/pluggy/_hooks.py:512: in __call__
    return self._hookexec(self.name, self._hookimpls.copy(), kwargs, firstresult)
           ^^^^^^^^^^^^^^^^^^^^^^^^^^^^^^^^^^^^^^^^^^^^^^^^^^^^^^^^^^^^^^^^^^^^^^
.venv/lib/python3.11/site-packages/pluggy/_manager.py:120: in _hookexec
    return self._inner_hookexec(hook_name, methods, kwargs, firstresult)
           ^^^^^^^^^^^^^^^^^^^^^^^^^^^^^^^^^^^^^^^^^^^^^^^^^^^^^^^^^^^^^
.venv/lib/python3.11/site-packages/_pytest/logging.py:843: in pytest_runtest_setup
    yield
.venv/lib/python3.11/site-packages/_pytest/capture.py:895: in pytest_runtest_setup
    return (yield)
            ^^^^^
.venv/lib/python3.11/site-packages/_pytest/runner.py:165: in pytest_runtest_setup
    item.session._setupstate.setup(item)
.venv/lib/python3.11/site-packages/_pytest/runner.py:523: in setup
    col.setup()
.venv/lib/python3.11/site-packages/_pytest/python.py:1723: in setup
    self._request._fillfixtures()
.venv/lib/python3.11/site-packages/_pytest/fixtures.py:707: in _fillfixtures
    item.funcargs[argname] = self.getfixturevalue(argname)
                             ^^^^^^^^^^^^^^^^^^^^^^^^^^^^^
.venv/lib/python3.11/site-packages/_pytest/fixtures.py:539: in getfixturevalue
    fixturedef = self._get_active_fixturedef(argname)
                 ^^^^^^^^^^^^^^^^^^^^^^^^^^^^^^^^^^^^
.venv/lib/python3.11/site-packages/_pytest/fixtures.py:627: in _get_active_fixturedef
    fixturedef.execute(request=subrequest)
.venv/lib/python3.11/site-packages/_pytest/fixtures.py:1068: in execute
    fixturedef = request._get_active_fixturedef(argname)
                 ^^^^^^^^^^^^^^^^^^^^^^^^^^^^^^^^^^^^^^^
.venv/lib/python3.11/site-packages/_pytest/fixtures.py:627: in _get_active_fixturedef
    fixturedef.execute(request=subrequest)
.venv/lib/python3.11/site-packages/_pytest/fixtures.py:1110: in execute
    result: FixtureValue = ihook.pytest_fixture_setup(
.venv/lib/python3.11/site-packages/pluggy/_hooks.py:512: in __call__
    return self._hookexec(self.name, self._hookimpls.copy(), kwargs, firstresult)
           ^^^^^^^^^^^^^^^^^^^^^^^^^^^^^^^^^^^^^^^^^^^^^^^^^^^^^^^^^^^^^^^^^^^^^^
.venv/lib/python3.11/site-packages/pluggy/_manager.py:120: in _hookexec
    return self._inner_hookexec(hook_name, methods, kwargs, firstresult)
           ^^^^^^^^^^^^^^^^^^^^^^^^^^^^^^^^^^^^^^^^^^^^^^^^^^^^^^^^^^^^^
.venv/lib/python3.11/site-packages/pluggy/_callers.py:53: in run_old_style_hookwrapper
    return result.get_result()
           ^^^^^^^^^^^^^^^^^^^
.venv/lib/python3.11/site-packages/pluggy/_callers.py:38: in run_old_style_hookwrapper
    res = yield
          ^^^^^
.venv/lib/python3.11/site-packages/_pytest/setuponly.py:36: in pytest_fixture_setup
    return (yield)
            ^^^^^
.venv/lib/python3.11/site-packages/_pytest/fixtures.py:1188: in pytest_fixture_setup
    warnings.warn(
E   pytest.PytestRemovedIn9Warning: 'test_chat_with_tool_call_to_datasheet' requested an async fixture 'app_with_queue', with no plugin or hook that handled it. This is usually an error, as pytest does not natively support it. This will turn into an error in pytest 9.
E   See: https://docs.pytest.org/en/stable/deprecations.html#sync-test-depending-on-async-fixture
_ ERROR at setup of TestChatEndpointIntegration.test_chat_tool_call_handles_s3_error _
.venv/lib/python3.11/site-packages/_pytest/runner.py:353: in from_call
    result: TResult | None = func()
                             ^^^^^^
.venv/lib/python3.11/site-packages/_pytest/runner.py:245: in <lambda>
    lambda: runtest_hook(item=item, **kwds),
            ^^^^^^^^^^^^^^^^^^^^^^^^^^^^^^^
.venv/lib/python3.11/site-packages/pluggy/_hooks.py:512: in __call__
    return self._hookexec(self.name, self._hookimpls.copy(), kwargs, firstresult)
           ^^^^^^^^^^^^^^^^^^^^^^^^^^^^^^^^^^^^^^^^^^^^^^^^^^^^^^^^^^^^^^^^^^^^^^
.venv/lib/python3.11/site-packages/pluggy/_manager.py:120: in _hookexec
    return self._inner_hookexec(hook_name, methods, kwargs, firstresult)
           ^^^^^^^^^^^^^^^^^^^^^^^^^^^^^^^^^^^^^^^^^^^^^^^^^^^^^^^^^^^^^
.venv/lib/python3.11/site-packages/_pytest/logging.py:843: in pytest_runtest_setup
    yield
.venv/lib/python3.11/site-packages/_pytest/capture.py:895: in pytest_runtest_setup
    return (yield)
            ^^^^^
.venv/lib/python3.11/site-packages/_pytest/runner.py:165: in pytest_runtest_setup
    item.session._setupstate.setup(item)
.venv/lib/python3.11/site-packages/_pytest/runner.py:523: in setup
    col.setup()
.venv/lib/python3.11/site-packages/_pytest/python.py:1723: in setup
    self._request._fillfixtures()
.venv/lib/python3.11/site-packages/_pytest/fixtures.py:707: in _fillfixtures
    item.funcargs[argname] = self.getfixturevalue(argname)
                             ^^^^^^^^^^^^^^^^^^^^^^^^^^^^^
.venv/lib/python3.11/site-packages/_pytest/fixtures.py:539: in getfixturevalue
    fixturedef = self._get_active_fixturedef(argname)
                 ^^^^^^^^^^^^^^^^^^^^^^^^^^^^^^^^^^^^
.venv/lib/python3.11/site-packages/_pytest/fixtures.py:627: in _get_active_fixturedef
    fixturedef.execute(request=subrequest)
.venv/lib/python3.11/site-packages/_pytest/fixtures.py:1068: in execute
    fixturedef = request._get_active_fixturedef(argname)
                 ^^^^^^^^^^^^^^^^^^^^^^^^^^^^^^^^^^^^^^^
.venv/lib/python3.11/site-packages/_pytest/fixtures.py:627: in _get_active_fixturedef
    fixturedef.execute(request=subrequest)
.venv/lib/python3.11/site-packages/_pytest/fixtures.py:1110: in execute
    result: FixtureValue = ihook.pytest_fixture_setup(
.venv/lib/python3.11/site-packages/pluggy/_hooks.py:512: in __call__
    return self._hookexec(self.name, self._hookimpls.copy(), kwargs, firstresult)
           ^^^^^^^^^^^^^^^^^^^^^^^^^^^^^^^^^^^^^^^^^^^^^^^^^^^^^^^^^^^^^^^^^^^^^^
.venv/lib/python3.11/site-packages/pluggy/_manager.py:120: in _hookexec
    return self._inner_hookexec(hook_name, methods, kwargs, firstresult)
           ^^^^^^^^^^^^^^^^^^^^^^^^^^^^^^^^^^^^^^^^^^^^^^^^^^^^^^^^^^^^^
.venv/lib/python3.11/site-packages/pluggy/_callers.py:53: in run_old_style_hookwrapper
    return result.get_result()
           ^^^^^^^^^^^^^^^^^^^
.venv/lib/python3.11/site-packages/pluggy/_callers.py:38: in run_old_style_hookwrapper
    res = yield
          ^^^^^
.venv/lib/python3.11/site-packages/_pytest/setuponly.py:36: in pytest_fixture_setup
    return (yield)
            ^^^^^
.venv/lib/python3.11/site-packages/_pytest/fixtures.py:1188: in pytest_fixture_setup
    warnings.warn(
E   pytest.PytestRemovedIn9Warning: 'test_chat_tool_call_handles_s3_error' requested an async fixture 'app_with_queue', with no plugin or hook that handled it. This is usually an error, as pytest does not natively support it. This will turn into an error in pytest 9.
E   See: https://docs.pytest.org/en/stable/deprecations.html#sync-test-depending-on-async-fixture
_ ERROR at setup of TestChatEndpointIntegration.test_chat_tool_call_handles_file_upload_error _
.venv/lib/python3.11/site-packages/_pytest/runner.py:353: in from_call
    result: TResult | None = func()
                             ^^^^^^
.venv/lib/python3.11/site-packages/_pytest/runner.py:245: in <lambda>
    lambda: runtest_hook(item=item, **kwds),
            ^^^^^^^^^^^^^^^^^^^^^^^^^^^^^^^
.venv/lib/python3.11/site-packages/pluggy/_hooks.py:512: in __call__
    return self._hookexec(self.name, self._hookimpls.copy(), kwargs, firstresult)
           ^^^^^^^^^^^^^^^^^^^^^^^^^^^^^^^^^^^^^^^^^^^^^^^^^^^^^^^^^^^^^^^^^^^^^^
.venv/lib/python3.11/site-packages/pluggy/_manager.py:120: in _hookexec
    return self._inner_hookexec(hook_name, methods, kwargs, firstresult)
           ^^^^^^^^^^^^^^^^^^^^^^^^^^^^^^^^^^^^^^^^^^^^^^^^^^^^^^^^^^^^^
.venv/lib/python3.11/site-packages/_pytest/logging.py:843: in pytest_runtest_setup
    yield
.venv/lib/python3.11/site-packages/_pytest/capture.py:895: in pytest_runtest_setup
    return (yield)
            ^^^^^
.venv/lib/python3.11/site-packages/_pytest/runner.py:165: in pytest_runtest_setup
    item.session._setupstate.setup(item)
.venv/lib/python3.11/site-packages/_pytest/runner.py:523: in setup
    col.setup()
.venv/lib/python3.11/site-packages/_pytest/python.py:1723: in setup
    self._request._fillfixtures()
.venv/lib/python3.11/site-packages/_pytest/fixtures.py:707: in _fillfixtures
    item.funcargs[argname] = self.getfixturevalue(argname)
                             ^^^^^^^^^^^^^^^^^^^^^^^^^^^^^
.venv/lib/python3.11/site-packages/_pytest/fixtures.py:539: in getfixturevalue
    fixturedef = self._get_active_fixturedef(argname)
                 ^^^^^^^^^^^^^^^^^^^^^^^^^^^^^^^^^^^^
.venv/lib/python3.11/site-packages/_pytest/fixtures.py:627: in _get_active_fixturedef
    fixturedef.execute(request=subrequest)
.venv/lib/python3.11/site-packages/_pytest/fixtures.py:1068: in execute
    fixturedef = request._get_active_fixturedef(argname)
                 ^^^^^^^^^^^^^^^^^^^^^^^^^^^^^^^^^^^^^^^
.venv/lib/python3.11/site-packages/_pytest/fixtures.py:627: in _get_active_fixturedef
    fixturedef.execute(request=subrequest)
.venv/lib/python3.11/site-packages/_pytest/fixtures.py:1110: in execute
    result: FixtureValue = ihook.pytest_fixture_setup(
.venv/lib/python3.11/site-packages/pluggy/_hooks.py:512: in __call__
    return self._hookexec(self.name, self._hookimpls.copy(), kwargs, firstresult)
           ^^^^^^^^^^^^^^^^^^^^^^^^^^^^^^^^^^^^^^^^^^^^^^^^^^^^^^^^^^^^^^^^^^^^^^
.venv/lib/python3.11/site-packages/pluggy/_manager.py:120: in _hookexec
    return self._inner_hookexec(hook_name, methods, kwargs, firstresult)
           ^^^^^^^^^^^^^^^^^^^^^^^^^^^^^^^^^^^^^^^^^^^^^^^^^^^^^^^^^^^^^
.venv/lib/python3.11/site-packages/pluggy/_callers.py:53: in run_old_style_hookwrapper
    return result.get_result()
           ^^^^^^^^^^^^^^^^^^^
.venv/lib/python3.11/site-packages/pluggy/_callers.py:38: in run_old_style_hookwrapper
    res = yield
          ^^^^^
.venv/lib/python3.11/site-packages/_pytest/setuponly.py:36: in pytest_fixture_setup
    return (yield)
            ^^^^^
.venv/lib/python3.11/site-packages/_pytest/fixtures.py:1188: in pytest_fixture_setup
    warnings.warn(
E   pytest.PytestRemovedIn9Warning: 'test_chat_tool_call_handles_file_upload_error' requested an async fixture 'app_with_queue', with no plugin or hook that handled it. This is usually an error, as pytest does not natively support it. This will turn into an error in pytest 9.
E   See: https://docs.pytest.org/en/stable/deprecations.html#sync-test-depending-on-async-fixture
_ ERROR at setup of TestChatEndpointIntegration.test_chat_tool_call_cleanup_on_success _
.venv/lib/python3.11/site-packages/_pytest/runner.py:353: in from_call
    result: TResult | None = func()
                             ^^^^^^
.venv/lib/python3.11/site-packages/_pytest/runner.py:245: in <lambda>
    lambda: runtest_hook(item=item, **kwds),
            ^^^^^^^^^^^^^^^^^^^^^^^^^^^^^^^
.venv/lib/python3.11/site-packages/pluggy/_hooks.py:512: in __call__
    return self._hookexec(self.name, self._hookimpls.copy(), kwargs, firstresult)
           ^^^^^^^^^^^^^^^^^^^^^^^^^^^^^^^^^^^^^^^^^^^^^^^^^^^^^^^^^^^^^^^^^^^^^^
.venv/lib/python3.11/site-packages/pluggy/_manager.py:120: in _hookexec
    return self._inner_hookexec(hook_name, methods, kwargs, firstresult)
           ^^^^^^^^^^^^^^^^^^^^^^^^^^^^^^^^^^^^^^^^^^^^^^^^^^^^^^^^^^^^^
.venv/lib/python3.11/site-packages/_pytest/logging.py:843: in pytest_runtest_setup
    yield
.venv/lib/python3.11/site-packages/_pytest/capture.py:895: in pytest_runtest_setup
    return (yield)
            ^^^^^
.venv/lib/python3.11/site-packages/_pytest/runner.py:165: in pytest_runtest_setup
    item.session._setupstate.setup(item)
.venv/lib/python3.11/site-packages/_pytest/runner.py:523: in setup
    col.setup()
.venv/lib/python3.11/site-packages/_pytest/python.py:1723: in setup
    self._request._fillfixtures()
.venv/lib/python3.11/site-packages/_pytest/fixtures.py:707: in _fillfixtures
    item.funcargs[argname] = self.getfixturevalue(argname)
                             ^^^^^^^^^^^^^^^^^^^^^^^^^^^^^
.venv/lib/python3.11/site-packages/_pytest/fixtures.py:539: in getfixturevalue
    fixturedef = self._get_active_fixturedef(argname)
                 ^^^^^^^^^^^^^^^^^^^^^^^^^^^^^^^^^^^^
.venv/lib/python3.11/site-packages/_pytest/fixtures.py:627: in _get_active_fixturedef
    fixturedef.execute(request=subrequest)
.venv/lib/python3.11/site-packages/_pytest/fixtures.py:1068: in execute
    fixturedef = request._get_active_fixturedef(argname)
                 ^^^^^^^^^^^^^^^^^^^^^^^^^^^^^^^^^^^^^^^
.venv/lib/python3.11/site-packages/_pytest/fixtures.py:627: in _get_active_fixturedef
    fixturedef.execute(request=subrequest)
.venv/lib/python3.11/site-packages/_pytest/fixtures.py:1110: in execute
    result: FixtureValue = ihook.pytest_fixture_setup(
.venv/lib/python3.11/site-packages/pluggy/_hooks.py:512: in __call__
    return self._hookexec(self.name, self._hookimpls.copy(), kwargs, firstresult)
           ^^^^^^^^^^^^^^^^^^^^^^^^^^^^^^^^^^^^^^^^^^^^^^^^^^^^^^^^^^^^^^^^^^^^^^
.venv/lib/python3.11/site-packages/pluggy/_manager.py:120: in _hookexec
    return self._inner_hookexec(hook_name, methods, kwargs, firstresult)
           ^^^^^^^^^^^^^^^^^^^^^^^^^^^^^^^^^^^^^^^^^^^^^^^^^^^^^^^^^^^^^
.venv/lib/python3.11/site-packages/pluggy/_callers.py:53: in run_old_style_hookwrapper
    return result.get_result()
           ^^^^^^^^^^^^^^^^^^^
.venv/lib/python3.11/site-packages/pluggy/_callers.py:38: in run_old_style_hookwrapper
    res = yield
          ^^^^^
.venv/lib/python3.11/site-packages/_pytest/setuponly.py:36: in pytest_fixture_setup
    return (yield)
            ^^^^^
.venv/lib/python3.11/site-packages/_pytest/fixtures.py:1188: in pytest_fixture_setup
    warnings.warn(
E   pytest.PytestRemovedIn9Warning: 'test_chat_tool_call_cleanup_on_success' requested an async fixture 'app_with_queue', with no plugin or hook that handled it. This is usually an error, as pytest does not natively support it. This will turn into an error in pytest 9.
E   See: https://docs.pytest.org/en/stable/deprecations.html#sync-test-depending-on-async-fixture
_ ERROR at setup of TestChatEndpointIntegration.test_chat_session_context_is_used _
.venv/lib/python3.11/site-packages/_pytest/runner.py:353: in from_call
    result: TResult | None = func()
                             ^^^^^^
.venv/lib/python3.11/site-packages/_pytest/runner.py:245: in <lambda>
    lambda: runtest_hook(item=item, **kwds),
            ^^^^^^^^^^^^^^^^^^^^^^^^^^^^^^^
.venv/lib/python3.11/site-packages/pluggy/_hooks.py:512: in __call__
    return self._hookexec(self.name, self._hookimpls.copy(), kwargs, firstresult)
           ^^^^^^^^^^^^^^^^^^^^^^^^^^^^^^^^^^^^^^^^^^^^^^^^^^^^^^^^^^^^^^^^^^^^^^
.venv/lib/python3.11/site-packages/pluggy/_manager.py:120: in _hookexec
    return self._inner_hookexec(hook_name, methods, kwargs, firstresult)
           ^^^^^^^^^^^^^^^^^^^^^^^^^^^^^^^^^^^^^^^^^^^^^^^^^^^^^^^^^^^^^
.venv/lib/python3.11/site-packages/_pytest/logging.py:843: in pytest_runtest_setup
    yield
.venv/lib/python3.11/site-packages/_pytest/capture.py:895: in pytest_runtest_setup
    return (yield)
            ^^^^^
.venv/lib/python3.11/site-packages/_pytest/runner.py:165: in pytest_runtest_setup
    item.session._setupstate.setup(item)
.venv/lib/python3.11/site-packages/_pytest/runner.py:523: in setup
    col.setup()
.venv/lib/python3.11/site-packages/_pytest/python.py:1723: in setup
    self._request._fillfixtures()
.venv/lib/python3.11/site-packages/_pytest/fixtures.py:707: in _fillfixtures
    item.funcargs[argname] = self.getfixturevalue(argname)
                             ^^^^^^^^^^^^^^^^^^^^^^^^^^^^^
.venv/lib/python3.11/site-packages/_pytest/fixtures.py:539: in getfixturevalue
    fixturedef = self._get_active_fixturedef(argname)
                 ^^^^^^^^^^^^^^^^^^^^^^^^^^^^^^^^^^^^
.venv/lib/python3.11/site-packages/_pytest/fixtures.py:627: in _get_active_fixturedef
    fixturedef.execute(request=subrequest)
.venv/lib/python3.11/site-packages/_pytest/fixtures.py:1068: in execute
    fixturedef = request._get_active_fixturedef(argname)
                 ^^^^^^^^^^^^^^^^^^^^^^^^^^^^^^^^^^^^^^^
.venv/lib/python3.11/site-packages/_pytest/fixtures.py:627: in _get_active_fixturedef
    fixturedef.execute(request=subrequest)
.venv/lib/python3.11/site-packages/_pytest/fixtures.py:1110: in execute
    result: FixtureValue = ihook.pytest_fixture_setup(
.venv/lib/python3.11/site-packages/pluggy/_hooks.py:512: in __call__
    return self._hookexec(self.name, self._hookimpls.copy(), kwargs, firstresult)
           ^^^^^^^^^^^^^^^^^^^^^^^^^^^^^^^^^^^^^^^^^^^^^^^^^^^^^^^^^^^^^^^^^^^^^^
.venv/lib/python3.11/site-packages/pluggy/_manager.py:120: in _hookexec
    return self._inner_hookexec(hook_name, methods, kwargs, firstresult)
           ^^^^^^^^^^^^^^^^^^^^^^^^^^^^^^^^^^^^^^^^^^^^^^^^^^^^^^^^^^^^^
.venv/lib/python3.11/site-packages/pluggy/_callers.py:53: in run_old_style_hookwrapper
    return result.get_result()
           ^^^^^^^^^^^^^^^^^^^
.venv/lib/python3.11/site-packages/pluggy/_callers.py:38: in run_old_style_hookwrapper
    res = yield
          ^^^^^
.venv/lib/python3.11/site-packages/_pytest/setuponly.py:36: in pytest_fixture_setup
    return (yield)
            ^^^^^
.venv/lib/python3.11/site-packages/_pytest/fixtures.py:1188: in pytest_fixture_setup
    warnings.warn(
E   pytest.PytestRemovedIn9Warning: 'test_chat_session_context_is_used' requested an async fixture 'app_with_queue', with no plugin or hook that handled it. This is usually an error, as pytest does not natively support it. This will turn into an error in pytest 9.
E   See: https://docs.pytest.org/en/stable/deprecations.html#sync-test-depending-on-async-fixture
_ ERROR at setup of TestChatEndpointIntegration.test_chat_stores_turn_in_session _
.venv/lib/python3.11/site-packages/_pytest/runner.py:353: in from_call
    result: TResult | None = func()
                             ^^^^^^
.venv/lib/python3.11/site-packages/_pytest/runner.py:245: in <lambda>
    lambda: runtest_hook(item=item, **kwds),
            ^^^^^^^^^^^^^^^^^^^^^^^^^^^^^^^
.venv/lib/python3.11/site-packages/pluggy/_hooks.py:512: in __call__
    return self._hookexec(self.name, self._hookimpls.copy(), kwargs, firstresult)
           ^^^^^^^^^^^^^^^^^^^^^^^^^^^^^^^^^^^^^^^^^^^^^^^^^^^^^^^^^^^^^^^^^^^^^^
.venv/lib/python3.11/site-packages/pluggy/_manager.py:120: in _hookexec
    return self._inner_hookexec(hook_name, methods, kwargs, firstresult)
           ^^^^^^^^^^^^^^^^^^^^^^^^^^^^^^^^^^^^^^^^^^^^^^^^^^^^^^^^^^^^^
.venv/lib/python3.11/site-packages/_pytest/logging.py:843: in pytest_runtest_setup
    yield
.venv/lib/python3.11/site-packages/_pytest/capture.py:895: in pytest_runtest_setup
    return (yield)
            ^^^^^
.venv/lib/python3.11/site-packages/_pytest/runner.py:165: in pytest_runtest_setup
    item.session._setupstate.setup(item)
.venv/lib/python3.11/site-packages/_pytest/runner.py:523: in setup
    col.setup()
.venv/lib/python3.11/site-packages/_pytest/python.py:1723: in setup
    self._request._fillfixtures()
.venv/lib/python3.11/site-packages/_pytest/fixtures.py:707: in _fillfixtures
    item.funcargs[argname] = self.getfixturevalue(argname)
                             ^^^^^^^^^^^^^^^^^^^^^^^^^^^^^
.venv/lib/python3.11/site-packages/_pytest/fixtures.py:539: in getfixturevalue
    fixturedef = self._get_active_fixturedef(argname)
                 ^^^^^^^^^^^^^^^^^^^^^^^^^^^^^^^^^^^^
.venv/lib/python3.11/site-packages/_pytest/fixtures.py:627: in _get_active_fixturedef
    fixturedef.execute(request=subrequest)
.venv/lib/python3.11/site-packages/_pytest/fixtures.py:1068: in execute
    fixturedef = request._get_active_fixturedef(argname)
                 ^^^^^^^^^^^^^^^^^^^^^^^^^^^^^^^^^^^^^^^
.venv/lib/python3.11/site-packages/_pytest/fixtures.py:627: in _get_active_fixturedef
    fixturedef.execute(request=subrequest)
.venv/lib/python3.11/site-packages/_pytest/fixtures.py:1110: in execute
    result: FixtureValue = ihook.pytest_fixture_setup(
.venv/lib/python3.11/site-packages/pluggy/_hooks.py:512: in __call__
    return self._hookexec(self.name, self._hookimpls.copy(), kwargs, firstresult)
           ^^^^^^^^^^^^^^^^^^^^^^^^^^^^^^^^^^^^^^^^^^^^^^^^^^^^^^^^^^^^^^^^^^^^^^
.venv/lib/python3.11/site-packages/pluggy/_manager.py:120: in _hookexec
    return self._inner_hookexec(hook_name, methods, kwargs, firstresult)
           ^^^^^^^^^^^^^^^^^^^^^^^^^^^^^^^^^^^^^^^^^^^^^^^^^^^^^^^^^^^^^
.venv/lib/python3.11/site-packages/pluggy/_callers.py:53: in run_old_style_hookwrapper
    return result.get_result()
           ^^^^^^^^^^^^^^^^^^^
.venv/lib/python3.11/site-packages/pluggy/_callers.py:38: in run_old_style_hookwrapper
    res = yield
          ^^^^^
.venv/lib/python3.11/site-packages/_pytest/setuponly.py:36: in pytest_fixture_setup
    return (yield)
            ^^^^^
.venv/lib/python3.11/site-packages/_pytest/fixtures.py:1188: in pytest_fixture_setup
    warnings.warn(
E   pytest.PytestRemovedIn9Warning: 'test_chat_stores_turn_in_session' requested an async fixture 'app_with_queue', with no plugin or hook that handled it. This is usually an error, as pytest does not natively support it. This will turn into an error in pytest 9.
E   See: https://docs.pytest.org/en/stable/deprecations.html#sync-test-depending-on-async-fixture
____ ERROR at setup of TestChatEndpointEscalation.test_escalate_cotizacion _____
.venv/lib/python3.11/site-packages/_pytest/runner.py:353: in from_call
    result: TResult | None = func()
                             ^^^^^^
.venv/lib/python3.11/site-packages/_pytest/runner.py:245: in <lambda>
    lambda: runtest_hook(item=item, **kwds),
            ^^^^^^^^^^^^^^^^^^^^^^^^^^^^^^^
.venv/lib/python3.11/site-packages/pluggy/_hooks.py:512: in __call__
    return self._hookexec(self.name, self._hookimpls.copy(), kwargs, firstresult)
           ^^^^^^^^^^^^^^^^^^^^^^^^^^^^^^^^^^^^^^^^^^^^^^^^^^^^^^^^^^^^^^^^^^^^^^
.venv/lib/python3.11/site-packages/pluggy/_manager.py:120: in _hookexec
    return self._inner_hookexec(hook_name, methods, kwargs, firstresult)
           ^^^^^^^^^^^^^^^^^^^^^^^^^^^^^^^^^^^^^^^^^^^^^^^^^^^^^^^^^^^^^
.venv/lib/python3.11/site-packages/_pytest/logging.py:843: in pytest_runtest_setup
    yield
.venv/lib/python3.11/site-packages/_pytest/capture.py:895: in pytest_runtest_setup
    return (yield)
            ^^^^^
.venv/lib/python3.11/site-packages/_pytest/runner.py:165: in pytest_runtest_setup
    item.session._setupstate.setup(item)
.venv/lib/python3.11/site-packages/_pytest/runner.py:523: in setup
    col.setup()
.venv/lib/python3.11/site-packages/_pytest/python.py:1723: in setup
    self._request._fillfixtures()
.venv/lib/python3.11/site-packages/_pytest/fixtures.py:707: in _fillfixtures
    item.funcargs[argname] = self.getfixturevalue(argname)
                             ^^^^^^^^^^^^^^^^^^^^^^^^^^^^^
.venv/lib/python3.11/site-packages/_pytest/fixtures.py:539: in getfixturevalue
    fixturedef = self._get_active_fixturedef(argname)
                 ^^^^^^^^^^^^^^^^^^^^^^^^^^^^^^^^^^^^
.venv/lib/python3.11/site-packages/_pytest/fixtures.py:627: in _get_active_fixturedef
    fixturedef.execute(request=subrequest)
.venv/lib/python3.11/site-packages/_pytest/fixtures.py:1068: in execute
    fixturedef = request._get_active_fixturedef(argname)
                 ^^^^^^^^^^^^^^^^^^^^^^^^^^^^^^^^^^^^^^^
.venv/lib/python3.11/site-packages/_pytest/fixtures.py:627: in _get_active_fixturedef
    fixturedef.execute(request=subrequest)
.venv/lib/python3.11/site-packages/_pytest/fixtures.py:1110: in execute
    result: FixtureValue = ihook.pytest_fixture_setup(
.venv/lib/python3.11/site-packages/pluggy/_hooks.py:512: in __call__
    return self._hookexec(self.name, self._hookimpls.copy(), kwargs, firstresult)
           ^^^^^^^^^^^^^^^^^^^^^^^^^^^^^^^^^^^^^^^^^^^^^^^^^^^^^^^^^^^^^^^^^^^^^^
.venv/lib/python3.11/site-packages/pluggy/_manager.py:120: in _hookexec
    return self._inner_hookexec(hook_name, methods, kwargs, firstresult)
           ^^^^^^^^^^^^^^^^^^^^^^^^^^^^^^^^^^^^^^^^^^^^^^^^^^^^^^^^^^^^^
.venv/lib/python3.11/site-packages/pluggy/_callers.py:53: in run_old_style_hookwrapper
    return result.get_result()
           ^^^^^^^^^^^^^^^^^^^
.venv/lib/python3.11/site-packages/pluggy/_callers.py:38: in run_old_style_hookwrapper
    res = yield
          ^^^^^
.venv/lib/python3.11/site-packages/_pytest/setuponly.py:36: in pytest_fixture_setup
    return (yield)
            ^^^^^
.venv/lib/python3.11/site-packages/_pytest/fixtures.py:1188: in pytest_fixture_setup
    warnings.warn(
E   pytest.PytestRemovedIn9Warning: 'test_escalate_cotizacion' requested an async fixture 'app_with_queue', with no plugin or hook that handled it. This is usually an error, as pytest does not natively support it. This will turn into an error in pytest 9.
E   See: https://docs.pytest.org/en/stable/deprecations.html#sync-test-depending-on-async-fixture
______ ERROR at setup of TestChatEndpointEscalation.test_escalate_pedido _______
.venv/lib/python3.11/site-packages/_pytest/runner.py:353: in from_call
    result: TResult | None = func()
                             ^^^^^^
.venv/lib/python3.11/site-packages/_pytest/runner.py:245: in <lambda>
    lambda: runtest_hook(item=item, **kwds),
            ^^^^^^^^^^^^^^^^^^^^^^^^^^^^^^^
.venv/lib/python3.11/site-packages/pluggy/_hooks.py:512: in __call__
    return self._hookexec(self.name, self._hookimpls.copy(), kwargs, firstresult)
           ^^^^^^^^^^^^^^^^^^^^^^^^^^^^^^^^^^^^^^^^^^^^^^^^^^^^^^^^^^^^^^^^^^^^^^
.venv/lib/python3.11/site-packages/pluggy/_manager.py:120: in _hookexec
    return self._inner_hookexec(hook_name, methods, kwargs, firstresult)
           ^^^^^^^^^^^^^^^^^^^^^^^^^^^^^^^^^^^^^^^^^^^^^^^^^^^^^^^^^^^^^
.venv/lib/python3.11/site-packages/_pytest/logging.py:843: in pytest_runtest_setup
    yield
.venv/lib/python3.11/site-packages/_pytest/capture.py:895: in pytest_runtest_setup
    return (yield)
            ^^^^^
.venv/lib/python3.11/site-packages/_pytest/runner.py:165: in pytest_runtest_setup
    item.session._setupstate.setup(item)
.venv/lib/python3.11/site-packages/_pytest/runner.py:523: in setup
    col.setup()
.venv/lib/python3.11/site-packages/_pytest/python.py:1723: in setup
    self._request._fillfixtures()
.venv/lib/python3.11/site-packages/_pytest/fixtures.py:707: in _fillfixtures
    item.funcargs[argname] = self.getfixturevalue(argname)
                             ^^^^^^^^^^^^^^^^^^^^^^^^^^^^^
.venv/lib/python3.11/site-packages/_pytest/fixtures.py:539: in getfixturevalue
    fixturedef = self._get_active_fixturedef(argname)
                 ^^^^^^^^^^^^^^^^^^^^^^^^^^^^^^^^^^^^
.venv/lib/python3.11/site-packages/_pytest/fixtures.py:627: in _get_active_fixturedef
    fixturedef.execute(request=subrequest)
.venv/lib/python3.11/site-packages/_pytest/fixtures.py:1068: in execute
    fixturedef = request._get_active_fixturedef(argname)
                 ^^^^^^^^^^^^^^^^^^^^^^^^^^^^^^^^^^^^^^^
.venv/lib/python3.11/site-packages/_pytest/fixtures.py:627: in _get_active_fixturedef
    fixturedef.execute(request=subrequest)
.venv/lib/python3.11/site-packages/_pytest/fixtures.py:1110: in execute
    result: FixtureValue = ihook.pytest_fixture_setup(
.venv/lib/python3.11/site-packages/pluggy/_hooks.py:512: in __call__
    return self._hookexec(self.name, self._hookimpls.copy(), kwargs, firstresult)
           ^^^^^^^^^^^^^^^^^^^^^^^^^^^^^^^^^^^^^^^^^^^^^^^^^^^^^^^^^^^^^^^^^^^^^^
.venv/lib/python3.11/site-packages/pluggy/_manager.py:120: in _hookexec
    return self._inner_hookexec(hook_name, methods, kwargs, firstresult)
           ^^^^^^^^^^^^^^^^^^^^^^^^^^^^^^^^^^^^^^^^^^^^^^^^^^^^^^^^^^^^^
.venv/lib/python3.11/site-packages/pluggy/_callers.py:53: in run_old_style_hookwrapper
    return result.get_result()
           ^^^^^^^^^^^^^^^^^^^
.venv/lib/python3.11/site-packages/pluggy/_callers.py:38: in run_old_style_hookwrapper
    res = yield
          ^^^^^
.venv/lib/python3.11/site-packages/_pytest/setuponly.py:36: in pytest_fixture_setup
    return (yield)
            ^^^^^
.venv/lib/python3.11/site-packages/_pytest/fixtures.py:1188: in pytest_fixture_setup
    warnings.warn(
E   pytest.PytestRemovedIn9Warning: 'test_escalate_pedido' requested an async fixture 'app_with_queue', with no plugin or hook that handled it. This is usually an error, as pytest does not natively support it. This will turn into an error in pytest 9.
E   See: https://docs.pytest.org/en/stable/deprecations.html#sync-test-depending-on-async-fixture
_____ ERROR at setup of TestChatEndpointEscalation.test_escalate_garantia ______
.venv/lib/python3.11/site-packages/_pytest/runner.py:353: in from_call
    result: TResult | None = func()
                             ^^^^^^
.venv/lib/python3.11/site-packages/_pytest/runner.py:245: in <lambda>
    lambda: runtest_hook(item=item, **kwds),
            ^^^^^^^^^^^^^^^^^^^^^^^^^^^^^^^
.venv/lib/python3.11/site-packages/pluggy/_hooks.py:512: in __call__
    return self._hookexec(self.name, self._hookimpls.copy(), kwargs, firstresult)
           ^^^^^^^^^^^^^^^^^^^^^^^^^^^^^^^^^^^^^^^^^^^^^^^^^^^^^^^^^^^^^^^^^^^^^^
.venv/lib/python3.11/site-packages/pluggy/_manager.py:120: in _hookexec
    return self._inner_hookexec(hook_name, methods, kwargs, firstresult)
           ^^^^^^^^^^^^^^^^^^^^^^^^^^^^^^^^^^^^^^^^^^^^^^^^^^^^^^^^^^^^^
.venv/lib/python3.11/site-packages/_pytest/logging.py:843: in pytest_runtest_setup
    yield
.venv/lib/python3.11/site-packages/_pytest/capture.py:895: in pytest_runtest_setup
    return (yield)
            ^^^^^
.venv/lib/python3.11/site-packages/_pytest/runner.py:165: in pytest_runtest_setup
    item.session._setupstate.setup(item)
.venv/lib/python3.11/site-packages/_pytest/runner.py:523: in setup
    col.setup()
.venv/lib/python3.11/site-packages/_pytest/python.py:1723: in setup
    self._request._fillfixtures()
.venv/lib/python3.11/site-packages/_pytest/fixtures.py:707: in _fillfixtures
    item.funcargs[argname] = self.getfixturevalue(argname)
                             ^^^^^^^^^^^^^^^^^^^^^^^^^^^^^
.venv/lib/python3.11/site-packages/_pytest/fixtures.py:539: in getfixturevalue
    fixturedef = self._get_active_fixturedef(argname)
                 ^^^^^^^^^^^^^^^^^^^^^^^^^^^^^^^^^^^^
.venv/lib/python3.11/site-packages/_pytest/fixtures.py:627: in _get_active_fixturedef
    fixturedef.execute(request=subrequest)
.venv/lib/python3.11/site-packages/_pytest/fixtures.py:1068: in execute
    fixturedef = request._get_active_fixturedef(argname)
                 ^^^^^^^^^^^^^^^^^^^^^^^^^^^^^^^^^^^^^^^
.venv/lib/python3.11/site-packages/_pytest/fixtures.py:627: in _get_active_fixturedef
    fixturedef.execute(request=subrequest)
.venv/lib/python3.11/site-packages/_pytest/fixtures.py:1110: in execute
    result: FixtureValue = ihook.pytest_fixture_setup(
.venv/lib/python3.11/site-packages/pluggy/_hooks.py:512: in __call__
    return self._hookexec(self.name, self._hookimpls.copy(), kwargs, firstresult)
           ^^^^^^^^^^^^^^^^^^^^^^^^^^^^^^^^^^^^^^^^^^^^^^^^^^^^^^^^^^^^^^^^^^^^^^
.venv/lib/python3.11/site-packages/pluggy/_manager.py:120: in _hookexec
    return self._inner_hookexec(hook_name, methods, kwargs, firstresult)
           ^^^^^^^^^^^^^^^^^^^^^^^^^^^^^^^^^^^^^^^^^^^^^^^^^^^^^^^^^^^^^
.venv/lib/python3.11/site-packages/pluggy/_callers.py:53: in run_old_style_hookwrapper
    return result.get_result()
           ^^^^^^^^^^^^^^^^^^^
.venv/lib/python3.11/site-packages/pluggy/_callers.py:38: in run_old_style_hookwrapper
    res = yield
          ^^^^^
.venv/lib/python3.11/site-packages/_pytest/setuponly.py:36: in pytest_fixture_setup
    return (yield)
            ^^^^^
.venv/lib/python3.11/site-packages/_pytest/fixtures.py:1188: in pytest_fixture_setup
    warnings.warn(
E   pytest.PytestRemovedIn9Warning: 'test_escalate_garantia' requested an async fixture 'app_with_queue', with no plugin or hook that handled it. This is usually an error, as pytest does not natively support it. This will turn into an error in pytest 9.
E   See: https://docs.pytest.org/en/stable/deprecations.html#sync-test-depending-on-async-fixture
_ ERROR at setup of TestChatEndpointEscalation.test_escalate_returns_default_message _
.venv/lib/python3.11/site-packages/_pytest/runner.py:353: in from_call
    result: TResult | None = func()
                             ^^^^^^
.venv/lib/python3.11/site-packages/_pytest/runner.py:245: in <lambda>
    lambda: runtest_hook(item=item, **kwds),
            ^^^^^^^^^^^^^^^^^^^^^^^^^^^^^^^
.venv/lib/python3.11/site-packages/pluggy/_hooks.py:512: in __call__
    return self._hookexec(self.name, self._hookimpls.copy(), kwargs, firstresult)
           ^^^^^^^^^^^^^^^^^^^^^^^^^^^^^^^^^^^^^^^^^^^^^^^^^^^^^^^^^^^^^^^^^^^^^^
.venv/lib/python3.11/site-packages/pluggy/_manager.py:120: in _hookexec
    return self._inner_hookexec(hook_name, methods, kwargs, firstresult)
           ^^^^^^^^^^^^^^^^^^^^^^^^^^^^^^^^^^^^^^^^^^^^^^^^^^^^^^^^^^^^^
.venv/lib/python3.11/site-packages/_pytest/logging.py:843: in pytest_runtest_setup
    yield
.venv/lib/python3.11/site-packages/_pytest/capture.py:895: in pytest_runtest_setup
    return (yield)
            ^^^^^
.venv/lib/python3.11/site-packages/_pytest/runner.py:165: in pytest_runtest_setup
    item.session._setupstate.setup(item)
.venv/lib/python3.11/site-packages/_pytest/runner.py:523: in setup
    col.setup()
.venv/lib/python3.11/site-packages/_pytest/python.py:1723: in setup
    self._request._fillfixtures()
.venv/lib/python3.11/site-packages/_pytest/fixtures.py:707: in _fillfixtures
    item.funcargs[argname] = self.getfixturevalue(argname)
                             ^^^^^^^^^^^^^^^^^^^^^^^^^^^^^
.venv/lib/python3.11/site-packages/_pytest/fixtures.py:539: in getfixturevalue
    fixturedef = self._get_active_fixturedef(argname)
                 ^^^^^^^^^^^^^^^^^^^^^^^^^^^^^^^^^^^^
.venv/lib/python3.11/site-packages/_pytest/fixtures.py:627: in _get_active_fixturedef
    fixturedef.execute(request=subrequest)
.venv/lib/python3.11/site-packages/_pytest/fixtures.py:1068: in execute
    fixturedef = request._get_active_fixturedef(argname)
                 ^^^^^^^^^^^^^^^^^^^^^^^^^^^^^^^^^^^^^^^
.venv/lib/python3.11/site-packages/_pytest/fixtures.py:627: in _get_active_fixturedef
    fixturedef.execute(request=subrequest)
.venv/lib/python3.11/site-packages/_pytest/fixtures.py:1110: in execute
    result: FixtureValue = ihook.pytest_fixture_setup(
.venv/lib/python3.11/site-packages/pluggy/_hooks.py:512: in __call__
    return self._hookexec(self.name, self._hookimpls.copy(), kwargs, firstresult)
           ^^^^^^^^^^^^^^^^^^^^^^^^^^^^^^^^^^^^^^^^^^^^^^^^^^^^^^^^^^^^^^^^^^^^^^
.venv/lib/python3.11/site-packages/pluggy/_manager.py:120: in _hookexec
    return self._inner_hookexec(hook_name, methods, kwargs, firstresult)
           ^^^^^^^^^^^^^^^^^^^^^^^^^^^^^^^^^^^^^^^^^^^^^^^^^^^^^^^^^^^^^
.venv/lib/python3.11/site-packages/pluggy/_callers.py:53: in run_old_style_hookwrapper
    return result.get_result()
           ^^^^^^^^^^^^^^^^^^^
.venv/lib/python3.11/site-packages/pluggy/_callers.py:38: in run_old_style_hookwrapper
    res = yield
          ^^^^^
.venv/lib/python3.11/site-packages/_pytest/setuponly.py:36: in pytest_fixture_setup
    return (yield)
            ^^^^^
.venv/lib/python3.11/site-packages/_pytest/fixtures.py:1188: in pytest_fixture_setup
    warnings.warn(
E   pytest.PytestRemovedIn9Warning: 'test_escalate_returns_default_message' requested an async fixture 'app_with_queue', with no plugin or hook that handled it. This is usually an error, as pytest does not natively support it. This will turn into an error in pytest 9.
E   See: https://docs.pytest.org/en/stable/deprecations.html#sync-test-depending-on-async-fixture
_ ERROR at setup of TestChatEndpointEscalation.test_escalate_stores_turn_in_session _
.venv/lib/python3.11/site-packages/_pytest/runner.py:353: in from_call
    result: TResult | None = func()
                             ^^^^^^
.venv/lib/python3.11/site-packages/_pytest/runner.py:245: in <lambda>
    lambda: runtest_hook(item=item, **kwds),
            ^^^^^^^^^^^^^^^^^^^^^^^^^^^^^^^
.venv/lib/python3.11/site-packages/pluggy/_hooks.py:512: in __call__
    return self._hookexec(self.name, self._hookimpls.copy(), kwargs, firstresult)
           ^^^^^^^^^^^^^^^^^^^^^^^^^^^^^^^^^^^^^^^^^^^^^^^^^^^^^^^^^^^^^^^^^^^^^^
.venv/lib/python3.11/site-packages/pluggy/_manager.py:120: in _hookexec
    return self._inner_hookexec(hook_name, methods, kwargs, firstresult)
           ^^^^^^^^^^^^^^^^^^^^^^^^^^^^^^^^^^^^^^^^^^^^^^^^^^^^^^^^^^^^^
.venv/lib/python3.11/site-packages/_pytest/logging.py:843: in pytest_runtest_setup
    yield
.venv/lib/python3.11/site-packages/_pytest/capture.py:895: in pytest_runtest_setup
    return (yield)
            ^^^^^
.venv/lib/python3.11/site-packages/_pytest/runner.py:165: in pytest_runtest_setup
    item.session._setupstate.setup(item)
.venv/lib/python3.11/site-packages/_pytest/runner.py:523: in setup
    col.setup()
.venv/lib/python3.11/site-packages/_pytest/python.py:1723: in setup
    self._request._fillfixtures()
.venv/lib/python3.11/site-packages/_pytest/fixtures.py:707: in _fillfixtures
    item.funcargs[argname] = self.getfixturevalue(argname)
                             ^^^^^^^^^^^^^^^^^^^^^^^^^^^^^
.venv/lib/python3.11/site-packages/_pytest/fixtures.py:539: in getfixturevalue
    fixturedef = self._get_active_fixturedef(argname)
                 ^^^^^^^^^^^^^^^^^^^^^^^^^^^^^^^^^^^^
.venv/lib/python3.11/site-packages/_pytest/fixtures.py:627: in _get_active_fixturedef
    fixturedef.execute(request=subrequest)
.venv/lib/python3.11/site-packages/_pytest/fixtures.py:1068: in execute
    fixturedef = request._get_active_fixturedef(argname)
                 ^^^^^^^^^^^^^^^^^^^^^^^^^^^^^^^^^^^^^^^
.venv/lib/python3.11/site-packages/_pytest/fixtures.py:627: in _get_active_fixturedef
    fixturedef.execute(request=subrequest)
.venv/lib/python3.11/site-packages/_pytest/fixtures.py:1110: in execute
    result: FixtureValue = ihook.pytest_fixture_setup(
.venv/lib/python3.11/site-packages/pluggy/_hooks.py:512: in __call__
    return self._hookexec(self.name, self._hookimpls.copy(), kwargs, firstresult)
           ^^^^^^^^^^^^^^^^^^^^^^^^^^^^^^^^^^^^^^^^^^^^^^^^^^^^^^^^^^^^^^^^^^^^^^
.venv/lib/python3.11/site-packages/pluggy/_manager.py:120: in _hookexec
    return self._inner_hookexec(hook_name, methods, kwargs, firstresult)
           ^^^^^^^^^^^^^^^^^^^^^^^^^^^^^^^^^^^^^^^^^^^^^^^^^^^^^^^^^^^^^
.venv/lib/python3.11/site-packages/pluggy/_callers.py:53: in run_old_style_hookwrapper
    return result.get_result()
           ^^^^^^^^^^^^^^^^^^^
.venv/lib/python3.11/site-packages/pluggy/_callers.py:38: in run_old_style_hookwrapper
    res = yield
          ^^^^^
.venv/lib/python3.11/site-packages/_pytest/setuponly.py:36: in pytest_fixture_setup
    return (yield)
            ^^^^^
.venv/lib/python3.11/site-packages/_pytest/fixtures.py:1188: in pytest_fixture_setup
    warnings.warn(
E   pytest.PytestRemovedIn9Warning: 'test_escalate_stores_turn_in_session' requested an async fixture 'app_with_queue', with no plugin or hook that handled it. This is usually an error, as pytest does not natively support it. This will turn into an error in pytest 9.
E   See: https://docs.pytest.org/en/stable/deprecations.html#sync-test-depending-on-async-fixture
_ ERROR at setup of TestChatEndpointErrorHandling.test_missing_message_field_422 _
.venv/lib/python3.11/site-packages/_pytest/runner.py:353: in from_call
    result: TResult | None = func()
                             ^^^^^^
.venv/lib/python3.11/site-packages/_pytest/runner.py:245: in <lambda>
    lambda: runtest_hook(item=item, **kwds),
            ^^^^^^^^^^^^^^^^^^^^^^^^^^^^^^^
.venv/lib/python3.11/site-packages/pluggy/_hooks.py:512: in __call__
    return self._hookexec(self.name, self._hookimpls.copy(), kwargs, firstresult)
           ^^^^^^^^^^^^^^^^^^^^^^^^^^^^^^^^^^^^^^^^^^^^^^^^^^^^^^^^^^^^^^^^^^^^^^
.venv/lib/python3.11/site-packages/pluggy/_manager.py:120: in _hookexec
    return self._inner_hookexec(hook_name, methods, kwargs, firstresult)
           ^^^^^^^^^^^^^^^^^^^^^^^^^^^^^^^^^^^^^^^^^^^^^^^^^^^^^^^^^^^^^
.venv/lib/python3.11/site-packages/_pytest/logging.py:843: in pytest_runtest_setup
    yield
.venv/lib/python3.11/site-packages/_pytest/capture.py:895: in pytest_runtest_setup
    return (yield)
            ^^^^^
.venv/lib/python3.11/site-packages/_pytest/runner.py:165: in pytest_runtest_setup
    item.session._setupstate.setup(item)
.venv/lib/python3.11/site-packages/_pytest/runner.py:523: in setup
    col.setup()
.venv/lib/python3.11/site-packages/_pytest/python.py:1723: in setup
    self._request._fillfixtures()
.venv/lib/python3.11/site-packages/_pytest/fixtures.py:707: in _fillfixtures
    item.funcargs[argname] = self.getfixturevalue(argname)
                             ^^^^^^^^^^^^^^^^^^^^^^^^^^^^^
.venv/lib/python3.11/site-packages/_pytest/fixtures.py:539: in getfixturevalue
    fixturedef = self._get_active_fixturedef(argname)
                 ^^^^^^^^^^^^^^^^^^^^^^^^^^^^^^^^^^^^
.venv/lib/python3.11/site-packages/_pytest/fixtures.py:627: in _get_active_fixturedef
    fixturedef.execute(request=subrequest)
.venv/lib/python3.11/site-packages/_pytest/fixtures.py:1068: in execute
    fixturedef = request._get_active_fixturedef(argname)
                 ^^^^^^^^^^^^^^^^^^^^^^^^^^^^^^^^^^^^^^^
.venv/lib/python3.11/site-packages/_pytest/fixtures.py:627: in _get_active_fixturedef
    fixturedef.execute(request=subrequest)
.venv/lib/python3.11/site-packages/_pytest/fixtures.py:1110: in execute
    result: FixtureValue = ihook.pytest_fixture_setup(
.venv/lib/python3.11/site-packages/pluggy/_hooks.py:512: in __call__
    return self._hookexec(self.name, self._hookimpls.copy(), kwargs, firstresult)
           ^^^^^^^^^^^^^^^^^^^^^^^^^^^^^^^^^^^^^^^^^^^^^^^^^^^^^^^^^^^^^^^^^^^^^^
.venv/lib/python3.11/site-packages/pluggy/_manager.py:120: in _hookexec
    return self._inner_hookexec(hook_name, methods, kwargs, firstresult)
           ^^^^^^^^^^^^^^^^^^^^^^^^^^^^^^^^^^^^^^^^^^^^^^^^^^^^^^^^^^^^^
.venv/lib/python3.11/site-packages/pluggy/_callers.py:53: in run_old_style_hookwrapper
    return result.get_result()
           ^^^^^^^^^^^^^^^^^^^
.venv/lib/python3.11/site-packages/pluggy/_callers.py:38: in run_old_style_hookwrapper
    res = yield
          ^^^^^
.venv/lib/python3.11/site-packages/_pytest/setuponly.py:36: in pytest_fixture_setup
    return (yield)
            ^^^^^
.venv/lib/python3.11/site-packages/_pytest/fixtures.py:1188: in pytest_fixture_setup
    warnings.warn(
E   pytest.PytestRemovedIn9Warning: 'test_missing_message_field_422' requested an async fixture 'app_with_queue', with no plugin or hook that handled it. This is usually an error, as pytest does not natively support it. This will turn into an error in pytest 9.
E   See: https://docs.pytest.org/en/stable/deprecations.html#sync-test-depending-on-async-fixture
_ ERROR at setup of TestChatEndpointErrorHandling.test_empty_message_string_422 _
.venv/lib/python3.11/site-packages/_pytest/runner.py:353: in from_call
    result: TResult | None = func()
                             ^^^^^^
.venv/lib/python3.11/site-packages/_pytest/runner.py:245: in <lambda>
    lambda: runtest_hook(item=item, **kwds),
            ^^^^^^^^^^^^^^^^^^^^^^^^^^^^^^^
.venv/lib/python3.11/site-packages/pluggy/_hooks.py:512: in __call__
    return self._hookexec(self.name, self._hookimpls.copy(), kwargs, firstresult)
           ^^^^^^^^^^^^^^^^^^^^^^^^^^^^^^^^^^^^^^^^^^^^^^^^^^^^^^^^^^^^^^^^^^^^^^
.venv/lib/python3.11/site-packages/pluggy/_manager.py:120: in _hookexec
    return self._inner_hookexec(hook_name, methods, kwargs, firstresult)
           ^^^^^^^^^^^^^^^^^^^^^^^^^^^^^^^^^^^^^^^^^^^^^^^^^^^^^^^^^^^^^
.venv/lib/python3.11/site-packages/_pytest/logging.py:843: in pytest_runtest_setup
    yield
.venv/lib/python3.11/site-packages/_pytest/capture.py:895: in pytest_runtest_setup
    return (yield)
            ^^^^^
.venv/lib/python3.11/site-packages/_pytest/runner.py:165: in pytest_runtest_setup
    item.session._setupstate.setup(item)
.venv/lib/python3.11/site-packages/_pytest/runner.py:523: in setup
    col.setup()
.venv/lib/python3.11/site-packages/_pytest/python.py:1723: in setup
    self._request._fillfixtures()
.venv/lib/python3.11/site-packages/_pytest/fixtures.py:707: in _fillfixtures
    item.funcargs[argname] = self.getfixturevalue(argname)
                             ^^^^^^^^^^^^^^^^^^^^^^^^^^^^^
.venv/lib/python3.11/site-packages/_pytest/fixtures.py:539: in getfixturevalue
    fixturedef = self._get_active_fixturedef(argname)
                 ^^^^^^^^^^^^^^^^^^^^^^^^^^^^^^^^^^^^
.venv/lib/python3.11/site-packages/_pytest/fixtures.py:627: in _get_active_fixturedef
    fixturedef.execute(request=subrequest)
.venv/lib/python3.11/site-packages/_pytest/fixtures.py:1068: in execute
    fixturedef = request._get_active_fixturedef(argname)
                 ^^^^^^^^^^^^^^^^^^^^^^^^^^^^^^^^^^^^^^^
.venv/lib/python3.11/site-packages/_pytest/fixtures.py:627: in _get_active_fixturedef
    fixturedef.execute(request=subrequest)
.venv/lib/python3.11/site-packages/_pytest/fixtures.py:1110: in execute
    result: FixtureValue = ihook.pytest_fixture_setup(
.venv/lib/python3.11/site-packages/pluggy/_hooks.py:512: in __call__
    return self._hookexec(self.name, self._hookimpls.copy(), kwargs, firstresult)
           ^^^^^^^^^^^^^^^^^^^^^^^^^^^^^^^^^^^^^^^^^^^^^^^^^^^^^^^^^^^^^^^^^^^^^^
.venv/lib/python3.11/site-packages/pluggy/_manager.py:120: in _hookexec
    return self._inner_hookexec(hook_name, methods, kwargs, firstresult)
           ^^^^^^^^^^^^^^^^^^^^^^^^^^^^^^^^^^^^^^^^^^^^^^^^^^^^^^^^^^^^^
.venv/lib/python3.11/site-packages/pluggy/_callers.py:53: in run_old_style_hookwrapper
    return result.get_result()
           ^^^^^^^^^^^^^^^^^^^
.venv/lib/python3.11/site-packages/pluggy/_callers.py:38: in run_old_style_hookwrapper
    res = yield
          ^^^^^
.venv/lib/python3.11/site-packages/_pytest/setuponly.py:36: in pytest_fixture_setup
    return (yield)
            ^^^^^
.venv/lib/python3.11/site-packages/_pytest/fixtures.py:1188: in pytest_fixture_setup
    warnings.warn(
E   pytest.PytestRemovedIn9Warning: 'test_empty_message_string_422' requested an async fixture 'app_with_queue', with no plugin or hook that handled it. This is usually an error, as pytest does not natively support it. This will turn into an error in pytest 9.
E   See: https://docs.pytest.org/en/stable/deprecations.html#sync-test-depending-on-async-fixture
___ ERROR at setup of TestChatEndpointErrorHandling.test_missing_api_key_401 ___
.venv/lib/python3.11/site-packages/_pytest/runner.py:353: in from_call
    result: TResult | None = func()
                             ^^^^^^
.venv/lib/python3.11/site-packages/_pytest/runner.py:245: in <lambda>
    lambda: runtest_hook(item=item, **kwds),
            ^^^^^^^^^^^^^^^^^^^^^^^^^^^^^^^
.venv/lib/python3.11/site-packages/pluggy/_hooks.py:512: in __call__
    return self._hookexec(self.name, self._hookimpls.copy(), kwargs, firstresult)
           ^^^^^^^^^^^^^^^^^^^^^^^^^^^^^^^^^^^^^^^^^^^^^^^^^^^^^^^^^^^^^^^^^^^^^^
.venv/lib/python3.11/site-packages/pluggy/_manager.py:120: in _hookexec
    return self._inner_hookexec(hook_name, methods, kwargs, firstresult)
           ^^^^^^^^^^^^^^^^^^^^^^^^^^^^^^^^^^^^^^^^^^^^^^^^^^^^^^^^^^^^^
.venv/lib/python3.11/site-packages/_pytest/logging.py:843: in pytest_runtest_setup
    yield
.venv/lib/python3.11/site-packages/_pytest/capture.py:895: in pytest_runtest_setup
    return (yield)
            ^^^^^
.venv/lib/python3.11/site-packages/_pytest/runner.py:165: in pytest_runtest_setup
    item.session._setupstate.setup(item)
.venv/lib/python3.11/site-packages/_pytest/runner.py:523: in setup
    col.setup()
.venv/lib/python3.11/site-packages/_pytest/python.py:1723: in setup
    self._request._fillfixtures()
.venv/lib/python3.11/site-packages/_pytest/fixtures.py:707: in _fillfixtures
    item.funcargs[argname] = self.getfixturevalue(argname)
                             ^^^^^^^^^^^^^^^^^^^^^^^^^^^^^
.venv/lib/python3.11/site-packages/_pytest/fixtures.py:539: in getfixturevalue
    fixturedef = self._get_active_fixturedef(argname)
                 ^^^^^^^^^^^^^^^^^^^^^^^^^^^^^^^^^^^^
.venv/lib/python3.11/site-packages/_pytest/fixtures.py:627: in _get_active_fixturedef
    fixturedef.execute(request=subrequest)
.venv/lib/python3.11/site-packages/_pytest/fixtures.py:1068: in execute
    fixturedef = request._get_active_fixturedef(argname)
                 ^^^^^^^^^^^^^^^^^^^^^^^^^^^^^^^^^^^^^^^
.venv/lib/python3.11/site-packages/_pytest/fixtures.py:627: in _get_active_fixturedef
    fixturedef.execute(request=subrequest)
.venv/lib/python3.11/site-packages/_pytest/fixtures.py:1110: in execute
    result: FixtureValue = ihook.pytest_fixture_setup(
.venv/lib/python3.11/site-packages/pluggy/_hooks.py:512: in __call__
    return self._hookexec(self.name, self._hookimpls.copy(), kwargs, firstresult)
           ^^^^^^^^^^^^^^^^^^^^^^^^^^^^^^^^^^^^^^^^^^^^^^^^^^^^^^^^^^^^^^^^^^^^^^
.venv/lib/python3.11/site-packages/pluggy/_manager.py:120: in _hookexec
    return self._inner_hookexec(hook_name, methods, kwargs, firstresult)
           ^^^^^^^^^^^^^^^^^^^^^^^^^^^^^^^^^^^^^^^^^^^^^^^^^^^^^^^^^^^^^
.venv/lib/python3.11/site-packages/pluggy/_callers.py:53: in run_old_style_hookwrapper
    return result.get_result()
           ^^^^^^^^^^^^^^^^^^^
.venv/lib/python3.11/site-packages/pluggy/_callers.py:38: in run_old_style_hookwrapper
    res = yield
          ^^^^^
.venv/lib/python3.11/site-packages/_pytest/setuponly.py:36: in pytest_fixture_setup
    return (yield)
            ^^^^^
.venv/lib/python3.11/site-packages/_pytest/fixtures.py:1188: in pytest_fixture_setup
    warnings.warn(
E   pytest.PytestRemovedIn9Warning: 'test_missing_api_key_401' requested an async fixture 'app_with_queue', with no plugin or hook that handled it. This is usually an error, as pytest does not natively support it. This will turn into an error in pytest 9.
E   See: https://docs.pytest.org/en/stable/deprecations.html#sync-test-depending-on-async-fixture
_ ERROR at setup of TestChatEndpointErrorHandling.test_queue_runtime_error_returns_500 _
.venv/lib/python3.11/site-packages/_pytest/runner.py:353: in from_call
    result: TResult | None = func()
                             ^^^^^^
.venv/lib/python3.11/site-packages/_pytest/runner.py:245: in <lambda>
    lambda: runtest_hook(item=item, **kwds),
            ^^^^^^^^^^^^^^^^^^^^^^^^^^^^^^^
.venv/lib/python3.11/site-packages/pluggy/_hooks.py:512: in __call__
    return self._hookexec(self.name, self._hookimpls.copy(), kwargs, firstresult)
           ^^^^^^^^^^^^^^^^^^^^^^^^^^^^^^^^^^^^^^^^^^^^^^^^^^^^^^^^^^^^^^^^^^^^^^
.venv/lib/python3.11/site-packages/pluggy/_manager.py:120: in _hookexec
    return self._inner_hookexec(hook_name, methods, kwargs, firstresult)
           ^^^^^^^^^^^^^^^^^^^^^^^^^^^^^^^^^^^^^^^^^^^^^^^^^^^^^^^^^^^^^
.venv/lib/python3.11/site-packages/_pytest/logging.py:843: in pytest_runtest_setup
    yield
.venv/lib/python3.11/site-packages/_pytest/capture.py:895: in pytest_runtest_setup
    return (yield)
            ^^^^^
.venv/lib/python3.11/site-packages/_pytest/runner.py:165: in pytest_runtest_setup
    item.session._setupstate.setup(item)
.venv/lib/python3.11/site-packages/_pytest/runner.py:523: in setup
    col.setup()
.venv/lib/python3.11/site-packages/_pytest/python.py:1723: in setup
    self._request._fillfixtures()
.venv/lib/python3.11/site-packages/_pytest/fixtures.py:707: in _fillfixtures
    item.funcargs[argname] = self.getfixturevalue(argname)
                             ^^^^^^^^^^^^^^^^^^^^^^^^^^^^^
.venv/lib/python3.11/site-packages/_pytest/fixtures.py:539: in getfixturevalue
    fixturedef = self._get_active_fixturedef(argname)
                 ^^^^^^^^^^^^^^^^^^^^^^^^^^^^^^^^^^^^
.venv/lib/python3.11/site-packages/_pytest/fixtures.py:627: in _get_active_fixturedef
    fixturedef.execute(request=subrequest)
.venv/lib/python3.11/site-packages/_pytest/fixtures.py:1068: in execute
    fixturedef = request._get_active_fixturedef(argname)
                 ^^^^^^^^^^^^^^^^^^^^^^^^^^^^^^^^^^^^^^^
.venv/lib/python3.11/site-packages/_pytest/fixtures.py:627: in _get_active_fixturedef
    fixturedef.execute(request=subrequest)
.venv/lib/python3.11/site-packages/_pytest/fixtures.py:1110: in execute
    result: FixtureValue = ihook.pytest_fixture_setup(
.venv/lib/python3.11/site-packages/pluggy/_hooks.py:512: in __call__
    return self._hookexec(self.name, self._hookimpls.copy(), kwargs, firstresult)
           ^^^^^^^^^^^^^^^^^^^^^^^^^^^^^^^^^^^^^^^^^^^^^^^^^^^^^^^^^^^^^^^^^^^^^^
.venv/lib/python3.11/site-packages/pluggy/_manager.py:120: in _hookexec
    return self._inner_hookexec(hook_name, methods, kwargs, firstresult)
           ^^^^^^^^^^^^^^^^^^^^^^^^^^^^^^^^^^^^^^^^^^^^^^^^^^^^^^^^^^^^^
.venv/lib/python3.11/site-packages/pluggy/_callers.py:53: in run_old_style_hookwrapper
    return result.get_result()
           ^^^^^^^^^^^^^^^^^^^
.venv/lib/python3.11/site-packages/pluggy/_callers.py:38: in run_old_style_hookwrapper
    res = yield
          ^^^^^
.venv/lib/python3.11/site-packages/_pytest/setuponly.py:36: in pytest_fixture_setup
    return (yield)
            ^^^^^
.venv/lib/python3.11/site-packages/_pytest/fixtures.py:1188: in pytest_fixture_setup
    warnings.warn(
E   pytest.PytestRemovedIn9Warning: 'test_queue_runtime_error_returns_500' requested an async fixture 'app_with_queue', with no plugin or hook that handled it. This is usually an error, as pytest does not natively support it. This will turn into an error in pytest 9.
E   See: https://docs.pytest.org/en/stable/deprecations.html#sync-test-depending-on-async-fixture
_ ERROR at setup of TestChatEndpointErrorHandling.test_response_has_required_fields _
.venv/lib/python3.11/site-packages/_pytest/runner.py:353: in from_call
    result: TResult | None = func()
                             ^^^^^^
.venv/lib/python3.11/site-packages/_pytest/runner.py:245: in <lambda>
    lambda: runtest_hook(item=item, **kwds),
            ^^^^^^^^^^^^^^^^^^^^^^^^^^^^^^^
.venv/lib/python3.11/site-packages/pluggy/_hooks.py:512: in __call__
    return self._hookexec(self.name, self._hookimpls.copy(), kwargs, firstresult)
           ^^^^^^^^^^^^^^^^^^^^^^^^^^^^^^^^^^^^^^^^^^^^^^^^^^^^^^^^^^^^^^^^^^^^^^
.venv/lib/python3.11/site-packages/pluggy/_manager.py:120: in _hookexec
    return self._inner_hookexec(hook_name, methods, kwargs, firstresult)
           ^^^^^^^^^^^^^^^^^^^^^^^^^^^^^^^^^^^^^^^^^^^^^^^^^^^^^^^^^^^^^
.venv/lib/python3.11/site-packages/_pytest/logging.py:843: in pytest_runtest_setup
    yield
.venv/lib/python3.11/site-packages/_pytest/capture.py:895: in pytest_runtest_setup
    return (yield)
            ^^^^^
.venv/lib/python3.11/site-packages/_pytest/runner.py:165: in pytest_runtest_setup
    item.session._setupstate.setup(item)
.venv/lib/python3.11/site-packages/_pytest/runner.py:523: in setup
    col.setup()
.venv/lib/python3.11/site-packages/_pytest/python.py:1723: in setup
    self._request._fillfixtures()
.venv/lib/python3.11/site-packages/_pytest/fixtures.py:707: in _fillfixtures
    item.funcargs[argname] = self.getfixturevalue(argname)
                             ^^^^^^^^^^^^^^^^^^^^^^^^^^^^^
.venv/lib/python3.11/site-packages/_pytest/fixtures.py:539: in getfixturevalue
    fixturedef = self._get_active_fixturedef(argname)
                 ^^^^^^^^^^^^^^^^^^^^^^^^^^^^^^^^^^^^
.venv/lib/python3.11/site-packages/_pytest/fixtures.py:627: in _get_active_fixturedef
    fixturedef.execute(request=subrequest)
.venv/lib/python3.11/site-packages/_pytest/fixtures.py:1068: in execute
    fixturedef = request._get_active_fixturedef(argname)
                 ^^^^^^^^^^^^^^^^^^^^^^^^^^^^^^^^^^^^^^^
.venv/lib/python3.11/site-packages/_pytest/fixtures.py:627: in _get_active_fixturedef
    fixturedef.execute(request=subrequest)
.venv/lib/python3.11/site-packages/_pytest/fixtures.py:1110: in execute
    result: FixtureValue = ihook.pytest_fixture_setup(
.venv/lib/python3.11/site-packages/pluggy/_hooks.py:512: in __call__
    return self._hookexec(self.name, self._hookimpls.copy(), kwargs, firstresult)
           ^^^^^^^^^^^^^^^^^^^^^^^^^^^^^^^^^^^^^^^^^^^^^^^^^^^^^^^^^^^^^^^^^^^^^^
.venv/lib/python3.11/site-packages/pluggy/_manager.py:120: in _hookexec
    return self._inner_hookexec(hook_name, methods, kwargs, firstresult)
           ^^^^^^^^^^^^^^^^^^^^^^^^^^^^^^^^^^^^^^^^^^^^^^^^^^^^^^^^^^^^^
.venv/lib/python3.11/site-packages/pluggy/_callers.py:53: in run_old_style_hookwrapper
    return result.get_result()
           ^^^^^^^^^^^^^^^^^^^
.venv/lib/python3.11/site-packages/pluggy/_callers.py:38: in run_old_style_hookwrapper
    res = yield
          ^^^^^
.venv/lib/python3.11/site-packages/_pytest/setuponly.py:36: in pytest_fixture_setup
    return (yield)
            ^^^^^
.venv/lib/python3.11/site-packages/_pytest/fixtures.py:1188: in pytest_fixture_setup
    warnings.warn(
E   pytest.PytestRemovedIn9Warning: 'test_response_has_required_fields' requested an async fixture 'app_with_queue', with no plugin or hook that handled it. This is usually an error, as pytest does not natively support it. This will turn into an error in pytest 9.
E   See: https://docs.pytest.org/en/stable/deprecations.html#sync-test-depending-on-async-fixture
_____ ERROR at setup of TestChatResponseSchema.test_response_is_valid_json _____
.venv/lib/python3.11/site-packages/_pytest/runner.py:353: in from_call
    result: TResult | None = func()
                             ^^^^^^
.venv/lib/python3.11/site-packages/_pytest/runner.py:245: in <lambda>
    lambda: runtest_hook(item=item, **kwds),
            ^^^^^^^^^^^^^^^^^^^^^^^^^^^^^^^
.venv/lib/python3.11/site-packages/pluggy/_hooks.py:512: in __call__
    return self._hookexec(self.name, self._hookimpls.copy(), kwargs, firstresult)
           ^^^^^^^^^^^^^^^^^^^^^^^^^^^^^^^^^^^^^^^^^^^^^^^^^^^^^^^^^^^^^^^^^^^^^^
.venv/lib/python3.11/site-packages/pluggy/_manager.py:120: in _hookexec
    return self._inner_hookexec(hook_name, methods, kwargs, firstresult)
           ^^^^^^^^^^^^^^^^^^^^^^^^^^^^^^^^^^^^^^^^^^^^^^^^^^^^^^^^^^^^^
.venv/lib/python3.11/site-packages/_pytest/logging.py:843: in pytest_runtest_setup
    yield
.venv/lib/python3.11/site-packages/_pytest/capture.py:895: in pytest_runtest_setup
    return (yield)
            ^^^^^
.venv/lib/python3.11/site-packages/_pytest/runner.py:165: in pytest_runtest_setup
    item.session._setupstate.setup(item)
.venv/lib/python3.11/site-packages/_pytest/runner.py:523: in setup
    col.setup()
.venv/lib/python3.11/site-packages/_pytest/python.py:1723: in setup
    self._request._fillfixtures()
.venv/lib/python3.11/site-packages/_pytest/fixtures.py:707: in _fillfixtures
    item.funcargs[argname] = self.getfixturevalue(argname)
                             ^^^^^^^^^^^^^^^^^^^^^^^^^^^^^
.venv/lib/python3.11/site-packages/_pytest/fixtures.py:539: in getfixturevalue
    fixturedef = self._get_active_fixturedef(argname)
                 ^^^^^^^^^^^^^^^^^^^^^^^^^^^^^^^^^^^^
.venv/lib/python3.11/site-packages/_pytest/fixtures.py:627: in _get_active_fixturedef
    fixturedef.execute(request=subrequest)
.venv/lib/python3.11/site-packages/_pytest/fixtures.py:1068: in execute
    fixturedef = request._get_active_fixturedef(argname)
                 ^^^^^^^^^^^^^^^^^^^^^^^^^^^^^^^^^^^^^^^
.venv/lib/python3.11/site-packages/_pytest/fixtures.py:627: in _get_active_fixturedef
    fixturedef.execute(request=subrequest)
.venv/lib/python3.11/site-packages/_pytest/fixtures.py:1110: in execute
    result: FixtureValue = ihook.pytest_fixture_setup(
.venv/lib/python3.11/site-packages/pluggy/_hooks.py:512: in __call__
    return self._hookexec(self.name, self._hookimpls.copy(), kwargs, firstresult)
           ^^^^^^^^^^^^^^^^^^^^^^^^^^^^^^^^^^^^^^^^^^^^^^^^^^^^^^^^^^^^^^^^^^^^^^
.venv/lib/python3.11/site-packages/pluggy/_manager.py:120: in _hookexec
    return self._inner_hookexec(hook_name, methods, kwargs, firstresult)
           ^^^^^^^^^^^^^^^^^^^^^^^^^^^^^^^^^^^^^^^^^^^^^^^^^^^^^^^^^^^^^
.venv/lib/python3.11/site-packages/pluggy/_callers.py:53: in run_old_style_hookwrapper
    return result.get_result()
           ^^^^^^^^^^^^^^^^^^^
.venv/lib/python3.11/site-packages/pluggy/_callers.py:38: in run_old_style_hookwrapper
    res = yield
          ^^^^^
.venv/lib/python3.11/site-packages/_pytest/setuponly.py:36: in pytest_fixture_setup
    return (yield)
            ^^^^^
.venv/lib/python3.11/site-packages/_pytest/fixtures.py:1188: in pytest_fixture_setup
    warnings.warn(
E   pytest.PytestRemovedIn9Warning: 'test_response_is_valid_json' requested an async fixture 'app_with_queue', with no plugin or hook that handled it. This is usually an error, as pytest does not natively support it. This will turn into an error in pytest 9.
E   See: https://docs.pytest.org/en/stable/deprecations.html#sync-test-depending-on-async-fixture
__ ERROR at setup of TestChatResponseSchema.test_response_escalate_is_boolean __
.venv/lib/python3.11/site-packages/_pytest/runner.py:353: in from_call
    result: TResult | None = func()
                             ^^^^^^
.venv/lib/python3.11/site-packages/_pytest/runner.py:245: in <lambda>
    lambda: runtest_hook(item=item, **kwds),
            ^^^^^^^^^^^^^^^^^^^^^^^^^^^^^^^
.venv/lib/python3.11/site-packages/pluggy/_hooks.py:512: in __call__
    return self._hookexec(self.name, self._hookimpls.copy(), kwargs, firstresult)
           ^^^^^^^^^^^^^^^^^^^^^^^^^^^^^^^^^^^^^^^^^^^^^^^^^^^^^^^^^^^^^^^^^^^^^^
.venv/lib/python3.11/site-packages/pluggy/_manager.py:120: in _hookexec
    return self._inner_hookexec(hook_name, methods, kwargs, firstresult)
           ^^^^^^^^^^^^^^^^^^^^^^^^^^^^^^^^^^^^^^^^^^^^^^^^^^^^^^^^^^^^^
.venv/lib/python3.11/site-packages/_pytest/logging.py:843: in pytest_runtest_setup
    yield
.venv/lib/python3.11/site-packages/_pytest/capture.py:895: in pytest_runtest_setup
    return (yield)
            ^^^^^
.venv/lib/python3.11/site-packages/_pytest/runner.py:165: in pytest_runtest_setup
    item.session._setupstate.setup(item)
.venv/lib/python3.11/site-packages/_pytest/runner.py:523: in setup
    col.setup()
.venv/lib/python3.11/site-packages/_pytest/python.py:1723: in setup
    self._request._fillfixtures()
.venv/lib/python3.11/site-packages/_pytest/fixtures.py:707: in _fillfixtures
    item.funcargs[argname] = self.getfixturevalue(argname)
                             ^^^^^^^^^^^^^^^^^^^^^^^^^^^^^
.venv/lib/python3.11/site-packages/_pytest/fixtures.py:539: in getfixturevalue
    fixturedef = self._get_active_fixturedef(argname)
                 ^^^^^^^^^^^^^^^^^^^^^^^^^^^^^^^^^^^^
.venv/lib/python3.11/site-packages/_pytest/fixtures.py:627: in _get_active_fixturedef
    fixturedef.execute(request=subrequest)
.venv/lib/python3.11/site-packages/_pytest/fixtures.py:1068: in execute
    fixturedef = request._get_active_fixturedef(argname)
                 ^^^^^^^^^^^^^^^^^^^^^^^^^^^^^^^^^^^^^^^
.venv/lib/python3.11/site-packages/_pytest/fixtures.py:627: in _get_active_fixturedef
    fixturedef.execute(request=subrequest)
.venv/lib/python3.11/site-packages/_pytest/fixtures.py:1110: in execute
    result: FixtureValue = ihook.pytest_fixture_setup(
.venv/lib/python3.11/site-packages/pluggy/_hooks.py:512: in __call__
    return self._hookexec(self.name, self._hookimpls.copy(), kwargs, firstresult)
           ^^^^^^^^^^^^^^^^^^^^^^^^^^^^^^^^^^^^^^^^^^^^^^^^^^^^^^^^^^^^^^^^^^^^^^
.venv/lib/python3.11/site-packages/pluggy/_manager.py:120: in _hookexec
    return self._inner_hookexec(hook_name, methods, kwargs, firstresult)
           ^^^^^^^^^^^^^^^^^^^^^^^^^^^^^^^^^^^^^^^^^^^^^^^^^^^^^^^^^^^^^
.venv/lib/python3.11/site-packages/pluggy/_callers.py:53: in run_old_style_hookwrapper
    return result.get_result()
           ^^^^^^^^^^^^^^^^^^^
.venv/lib/python3.11/site-packages/pluggy/_callers.py:38: in run_old_style_hookwrapper
    res = yield
          ^^^^^
.venv/lib/python3.11/site-packages/_pytest/setuponly.py:36: in pytest_fixture_setup
    return (yield)
            ^^^^^
.venv/lib/python3.11/site-packages/_pytest/fixtures.py:1188: in pytest_fixture_setup
    warnings.warn(
E   pytest.PytestRemovedIn9Warning: 'test_response_escalate_is_boolean' requested an async fixture 'app_with_queue', with no plugin or hook that handled it. This is usually an error, as pytest does not natively support it. This will turn into an error in pytest 9.
E   See: https://docs.pytest.org/en/stable/deprecations.html#sync-test-depending-on-async-fixture
_ ERROR at setup of TestChatResponseSchema.test_response_session_id_is_string __
.venv/lib/python3.11/site-packages/_pytest/runner.py:353: in from_call
    result: TResult | None = func()
                             ^^^^^^
.venv/lib/python3.11/site-packages/_pytest/runner.py:245: in <lambda>
    lambda: runtest_hook(item=item, **kwds),
            ^^^^^^^^^^^^^^^^^^^^^^^^^^^^^^^
.venv/lib/python3.11/site-packages/pluggy/_hooks.py:512: in __call__
    return self._hookexec(self.name, self._hookimpls.copy(), kwargs, firstresult)
           ^^^^^^^^^^^^^^^^^^^^^^^^^^^^^^^^^^^^^^^^^^^^^^^^^^^^^^^^^^^^^^^^^^^^^^
.venv/lib/python3.11/site-packages/pluggy/_manager.py:120: in _hookexec
    return self._inner_hookexec(hook_name, methods, kwargs, firstresult)
           ^^^^^^^^^^^^^^^^^^^^^^^^^^^^^^^^^^^^^^^^^^^^^^^^^^^^^^^^^^^^^
.venv/lib/python3.11/site-packages/_pytest/logging.py:843: in pytest_runtest_setup
    yield
.venv/lib/python3.11/site-packages/_pytest/capture.py:895: in pytest_runtest_setup
    return (yield)
            ^^^^^
.venv/lib/python3.11/site-packages/_pytest/runner.py:165: in pytest_runtest_setup
    item.session._setupstate.setup(item)
.venv/lib/python3.11/site-packages/_pytest/runner.py:523: in setup
    col.setup()
.venv/lib/python3.11/site-packages/_pytest/python.py:1723: in setup
    self._request._fillfixtures()
.venv/lib/python3.11/site-packages/_pytest/fixtures.py:707: in _fillfixtures
    item.funcargs[argname] = self.getfixturevalue(argname)
                             ^^^^^^^^^^^^^^^^^^^^^^^^^^^^^
.venv/lib/python3.11/site-packages/_pytest/fixtures.py:539: in getfixturevalue
    fixturedef = self._get_active_fixturedef(argname)
                 ^^^^^^^^^^^^^^^^^^^^^^^^^^^^^^^^^^^^
.venv/lib/python3.11/site-packages/_pytest/fixtures.py:627: in _get_active_fixturedef
    fixturedef.execute(request=subrequest)
.venv/lib/python3.11/site-packages/_pytest/fixtures.py:1068: in execute
    fixturedef = request._get_active_fixturedef(argname)
                 ^^^^^^^^^^^^^^^^^^^^^^^^^^^^^^^^^^^^^^^
.venv/lib/python3.11/site-packages/_pytest/fixtures.py:627: in _get_active_fixturedef
    fixturedef.execute(request=subrequest)
.venv/lib/python3.11/site-packages/_pytest/fixtures.py:1110: in execute
    result: FixtureValue = ihook.pytest_fixture_setup(
.venv/lib/python3.11/site-packages/pluggy/_hooks.py:512: in __call__
    return self._hookexec(self.name, self._hookimpls.copy(), kwargs, firstresult)
           ^^^^^^^^^^^^^^^^^^^^^^^^^^^^^^^^^^^^^^^^^^^^^^^^^^^^^^^^^^^^^^^^^^^^^^
.venv/lib/python3.11/site-packages/pluggy/_manager.py:120: in _hookexec
    return self._inner_hookexec(hook_name, methods, kwargs, firstresult)
           ^^^^^^^^^^^^^^^^^^^^^^^^^^^^^^^^^^^^^^^^^^^^^^^^^^^^^^^^^^^^^
.venv/lib/python3.11/site-packages/pluggy/_callers.py:53: in run_old_style_hookwrapper
    return result.get_result()
           ^^^^^^^^^^^^^^^^^^^
.venv/lib/python3.11/site-packages/pluggy/_callers.py:38: in run_old_style_hookwrapper
    res = yield
          ^^^^^
.venv/lib/python3.11/site-packages/_pytest/setuponly.py:36: in pytest_fixture_setup
    return (yield)
            ^^^^^
.venv/lib/python3.11/site-packages/_pytest/fixtures.py:1188: in pytest_fixture_setup
    warnings.warn(
E   pytest.PytestRemovedIn9Warning: 'test_response_session_id_is_string' requested an async fixture 'app_with_queue', with no plugin or hook that handled it. This is usually an error, as pytest does not natively support it. This will turn into an error in pytest 9.
E   See: https://docs.pytest.org/en/stable/deprecations.html#sync-test-depending-on-async-fixture
_ ERROR at setup of TestChatResponseSchema.test_response_reason_included_on_escalation _
.venv/lib/python3.11/site-packages/_pytest/runner.py:353: in from_call
    result: TResult | None = func()
                             ^^^^^^
.venv/lib/python3.11/site-packages/_pytest/runner.py:245: in <lambda>
    lambda: runtest_hook(item=item, **kwds),
            ^^^^^^^^^^^^^^^^^^^^^^^^^^^^^^^
.venv/lib/python3.11/site-packages/pluggy/_hooks.py:512: in __call__
    return self._hookexec(self.name, self._hookimpls.copy(), kwargs, firstresult)
           ^^^^^^^^^^^^^^^^^^^^^^^^^^^^^^^^^^^^^^^^^^^^^^^^^^^^^^^^^^^^^^^^^^^^^^
.venv/lib/python3.11/site-packages/pluggy/_manager.py:120: in _hookexec
    return self._inner_hookexec(hook_name, methods, kwargs, firstresult)
           ^^^^^^^^^^^^^^^^^^^^^^^^^^^^^^^^^^^^^^^^^^^^^^^^^^^^^^^^^^^^^
.venv/lib/python3.11/site-packages/_pytest/logging.py:843: in pytest_runtest_setup
    yield
.venv/lib/python3.11/site-packages/_pytest/capture.py:895: in pytest_runtest_setup
    return (yield)
            ^^^^^
.venv/lib/python3.11/site-packages/_pytest/runner.py:165: in pytest_runtest_setup
    item.session._setupstate.setup(item)
.venv/lib/python3.11/site-packages/_pytest/runner.py:523: in setup
    col.setup()
.venv/lib/python3.11/site-packages/_pytest/python.py:1723: in setup
    self._request._fillfixtures()
.venv/lib/python3.11/site-packages/_pytest/fixtures.py:707: in _fillfixtures
    item.funcargs[argname] = self.getfixturevalue(argname)
                             ^^^^^^^^^^^^^^^^^^^^^^^^^^^^^
.venv/lib/python3.11/site-packages/_pytest/fixtures.py:539: in getfixturevalue
    fixturedef = self._get_active_fixturedef(argname)
                 ^^^^^^^^^^^^^^^^^^^^^^^^^^^^^^^^^^^^
.venv/lib/python3.11/site-packages/_pytest/fixtures.py:627: in _get_active_fixturedef
    fixturedef.execute(request=subrequest)
.venv/lib/python3.11/site-packages/_pytest/fixtures.py:1068: in execute
    fixturedef = request._get_active_fixturedef(argname)
                 ^^^^^^^^^^^^^^^^^^^^^^^^^^^^^^^^^^^^^^^
.venv/lib/python3.11/site-packages/_pytest/fixtures.py:627: in _get_active_fixturedef
    fixturedef.execute(request=subrequest)
.venv/lib/python3.11/site-packages/_pytest/fixtures.py:1110: in execute
    result: FixtureValue = ihook.pytest_fixture_setup(
.venv/lib/python3.11/site-packages/pluggy/_hooks.py:512: in __call__
    return self._hookexec(self.name, self._hookimpls.copy(), kwargs, firstresult)
           ^^^^^^^^^^^^^^^^^^^^^^^^^^^^^^^^^^^^^^^^^^^^^^^^^^^^^^^^^^^^^^^^^^^^^^
.venv/lib/python3.11/site-packages/pluggy/_manager.py:120: in _hookexec
    return self._inner_hookexec(hook_name, methods, kwargs, firstresult)
           ^^^^^^^^^^^^^^^^^^^^^^^^^^^^^^^^^^^^^^^^^^^^^^^^^^^^^^^^^^^^^
.venv/lib/python3.11/site-packages/pluggy/_callers.py:53: in run_old_style_hookwrapper
    return result.get_result()
           ^^^^^^^^^^^^^^^^^^^
.venv/lib/python3.11/site-packages/pluggy/_callers.py:38: in run_old_style_hookwrapper
    res = yield
          ^^^^^
.venv/lib/python3.11/site-packages/_pytest/setuponly.py:36: in pytest_fixture_setup
    return (yield)
            ^^^^^
.venv/lib/python3.11/site-packages/_pytest/fixtures.py:1188: in pytest_fixture_setup
    warnings.warn(
E   pytest.PytestRemovedIn9Warning: 'test_response_reason_included_on_escalation' requested an async fixture 'app_with_queue', with no plugin or hook that handled it. This is usually an error, as pytest does not natively support it. This will turn into an error in pytest 9.
E   See: https://docs.pytest.org/en/stable/deprecations.html#sync-test-depending-on-async-fixture
___ ERROR at setup of TestChatRoundtrip.test_multiple_messages_same_session ____
.venv/lib/python3.11/site-packages/_pytest/runner.py:353: in from_call
    result: TResult | None = func()
                             ^^^^^^
.venv/lib/python3.11/site-packages/_pytest/runner.py:245: in <lambda>
    lambda: runtest_hook(item=item, **kwds),
            ^^^^^^^^^^^^^^^^^^^^^^^^^^^^^^^
.venv/lib/python3.11/site-packages/pluggy/_hooks.py:512: in __call__
    return self._hookexec(self.name, self._hookimpls.copy(), kwargs, firstresult)
           ^^^^^^^^^^^^^^^^^^^^^^^^^^^^^^^^^^^^^^^^^^^^^^^^^^^^^^^^^^^^^^^^^^^^^^
.venv/lib/python3.11/site-packages/pluggy/_manager.py:120: in _hookexec
    return self._inner_hookexec(hook_name, methods, kwargs, firstresult)
           ^^^^^^^^^^^^^^^^^^^^^^^^^^^^^^^^^^^^^^^^^^^^^^^^^^^^^^^^^^^^^
.venv/lib/python3.11/site-packages/_pytest/logging.py:843: in pytest_runtest_setup
    yield
.venv/lib/python3.11/site-packages/_pytest/capture.py:895: in pytest_runtest_setup
    return (yield)
            ^^^^^
.venv/lib/python3.11/site-packages/_pytest/runner.py:165: in pytest_runtest_setup
    item.session._setupstate.setup(item)
.venv/lib/python3.11/site-packages/_pytest/runner.py:523: in setup
    col.setup()
.venv/lib/python3.11/site-packages/_pytest/python.py:1723: in setup
    self._request._fillfixtures()
.venv/lib/python3.11/site-packages/_pytest/fixtures.py:707: in _fillfixtures
    item.funcargs[argname] = self.getfixturevalue(argname)
                             ^^^^^^^^^^^^^^^^^^^^^^^^^^^^^
.venv/lib/python3.11/site-packages/_pytest/fixtures.py:539: in getfixturevalue
    fixturedef = self._get_active_fixturedef(argname)
                 ^^^^^^^^^^^^^^^^^^^^^^^^^^^^^^^^^^^^
.venv/lib/python3.11/site-packages/_pytest/fixtures.py:627: in _get_active_fixturedef
    fixturedef.execute(request=subrequest)
.venv/lib/python3.11/site-packages/_pytest/fixtures.py:1068: in execute
    fixturedef = request._get_active_fixturedef(argname)
                 ^^^^^^^^^^^^^^^^^^^^^^^^^^^^^^^^^^^^^^^
.venv/lib/python3.11/site-packages/_pytest/fixtures.py:627: in _get_active_fixturedef
    fixturedef.execute(request=subrequest)
.venv/lib/python3.11/site-packages/_pytest/fixtures.py:1110: in execute
    result: FixtureValue = ihook.pytest_fixture_setup(
.venv/lib/python3.11/site-packages/pluggy/_hooks.py:512: in __call__
    return self._hookexec(self.name, self._hookimpls.copy(), kwargs, firstresult)
           ^^^^^^^^^^^^^^^^^^^^^^^^^^^^^^^^^^^^^^^^^^^^^^^^^^^^^^^^^^^^^^^^^^^^^^
.venv/lib/python3.11/site-packages/pluggy/_manager.py:120: in _hookexec
    return self._inner_hookexec(hook_name, methods, kwargs, firstresult)
           ^^^^^^^^^^^^^^^^^^^^^^^^^^^^^^^^^^^^^^^^^^^^^^^^^^^^^^^^^^^^^
.venv/lib/python3.11/site-packages/pluggy/_callers.py:53: in run_old_style_hookwrapper
    return result.get_result()
           ^^^^^^^^^^^^^^^^^^^
.venv/lib/python3.11/site-packages/pluggy/_callers.py:38: in run_old_style_hookwrapper
    res = yield
          ^^^^^
.venv/lib/python3.11/site-packages/_pytest/setuponly.py:36: in pytest_fixture_setup
    return (yield)
            ^^^^^
.venv/lib/python3.11/site-packages/_pytest/fixtures.py:1188: in pytest_fixture_setup
    warnings.warn(
E   pytest.PytestRemovedIn9Warning: 'test_multiple_messages_same_session' requested an async fixture 'app_with_queue', with no plugin or hook that handled it. This is usually an error, as pytest does not natively support it. This will turn into an error in pytest 9.
E   See: https://docs.pytest.org/en/stable/deprecations.html#sync-test-depending-on-async-fixture
_ ERROR at setup of TestChatRoundtrip.test_auto_generated_session_id_is_unique _
.venv/lib/python3.11/site-packages/_pytest/runner.py:353: in from_call
    result: TResult | None = func()
                             ^^^^^^
.venv/lib/python3.11/site-packages/_pytest/runner.py:245: in <lambda>
    lambda: runtest_hook(item=item, **kwds),
            ^^^^^^^^^^^^^^^^^^^^^^^^^^^^^^^
.venv/lib/python3.11/site-packages/pluggy/_hooks.py:512: in __call__
    return self._hookexec(self.name, self._hookimpls.copy(), kwargs, firstresult)
           ^^^^^^^^^^^^^^^^^^^^^^^^^^^^^^^^^^^^^^^^^^^^^^^^^^^^^^^^^^^^^^^^^^^^^^
.venv/lib/python3.11/site-packages/pluggy/_manager.py:120: in _hookexec
    return self._inner_hookexec(hook_name, methods, kwargs, firstresult)
           ^^^^^^^^^^^^^^^^^^^^^^^^^^^^^^^^^^^^^^^^^^^^^^^^^^^^^^^^^^^^^
.venv/lib/python3.11/site-packages/_pytest/logging.py:843: in pytest_runtest_setup
    yield
.venv/lib/python3.11/site-packages/_pytest/capture.py:895: in pytest_runtest_setup
    return (yield)
            ^^^^^
.venv/lib/python3.11/site-packages/_pytest/runner.py:165: in pytest_runtest_setup
    item.session._setupstate.setup(item)
.venv/lib/python3.11/site-packages/_pytest/runner.py:523: in setup
    col.setup()
.venv/lib/python3.11/site-packages/_pytest/python.py:1723: in setup
    self._request._fillfixtures()
.venv/lib/python3.11/site-packages/_pytest/fixtures.py:707: in _fillfixtures
    item.funcargs[argname] = self.getfixturevalue(argname)
                             ^^^^^^^^^^^^^^^^^^^^^^^^^^^^^
.venv/lib/python3.11/site-packages/_pytest/fixtures.py:539: in getfixturevalue
    fixturedef = self._get_active_fixturedef(argname)
                 ^^^^^^^^^^^^^^^^^^^^^^^^^^^^^^^^^^^^
.venv/lib/python3.11/site-packages/_pytest/fixtures.py:627: in _get_active_fixturedef
    fixturedef.execute(request=subrequest)
.venv/lib/python3.11/site-packages/_pytest/fixtures.py:1068: in execute
    fixturedef = request._get_active_fixturedef(argname)
                 ^^^^^^^^^^^^^^^^^^^^^^^^^^^^^^^^^^^^^^^
.venv/lib/python3.11/site-packages/_pytest/fixtures.py:627: in _get_active_fixturedef
    fixturedef.execute(request=subrequest)
.venv/lib/python3.11/site-packages/_pytest/fixtures.py:1110: in execute
    result: FixtureValue = ihook.pytest_fixture_setup(
.venv/lib/python3.11/site-packages/pluggy/_hooks.py:512: in __call__
    return self._hookexec(self.name, self._hookimpls.copy(), kwargs, firstresult)
           ^^^^^^^^^^^^^^^^^^^^^^^^^^^^^^^^^^^^^^^^^^^^^^^^^^^^^^^^^^^^^^^^^^^^^^
.venv/lib/python3.11/site-packages/pluggy/_manager.py:120: in _hookexec
    return self._inner_hookexec(hook_name, methods, kwargs, firstresult)
           ^^^^^^^^^^^^^^^^^^^^^^^^^^^^^^^^^^^^^^^^^^^^^^^^^^^^^^^^^^^^^
.venv/lib/python3.11/site-packages/pluggy/_callers.py:53: in run_old_style_hookwrapper
    return result.get_result()
           ^^^^^^^^^^^^^^^^^^^
.venv/lib/python3.11/site-packages/pluggy/_callers.py:38: in run_old_style_hookwrapper
    res = yield
          ^^^^^
.venv/lib/python3.11/site-packages/_pytest/setuponly.py:36: in pytest_fixture_setup
    return (yield)
            ^^^^^
.venv/lib/python3.11/site-packages/_pytest/fixtures.py:1188: in pytest_fixture_setup
    warnings.warn(
E   pytest.PytestRemovedIn9Warning: 'test_auto_generated_session_id_is_unique' requested an async fixture 'app_with_queue', with no plugin or hook that handled it. This is usually an error, as pytest does not natively support it. This will turn into an error in pytest 9.
E   See: https://docs.pytest.org/en/stable/deprecations.html#sync-test-depending-on-async-fixture
=================================== FAILURES ===================================
__ TestLLMClientWithTools.test_get_llm_response_with_tools_returns_tool_calls __
async def functions are not natively supported.
You need to install a suitable plugin for your async framework, for example:
  - anyio
  - pytest-asyncio
  - pytest-tornasync
  - pytest-trio
  - pytest-twisted
____ TestLLMClientWithTools.test_get_llm_response_with_tools_no_tool_calls _____
async def functions are not natively supported.
You need to install a suitable plugin for your async framework, for example:
  - anyio
  - pytest-asyncio
  - pytest-tornasync
  - pytest-trio
  - pytest-twisted
_ TestLLMClientWithTools.test_get_llm_response_with_tools_uses_tools_parameter _
async def functions are not natively supported.
You need to install a suitable plugin for your async framework, for example:
  - anyio
  - pytest-asyncio
  - pytest-tornasync
  - pytest-trio
  - pytest-twisted
__ TestLLMClientWithTools.test_get_llm_response_with_tools_uses_instructions ___
async def functions are not natively supported.
You need to install a suitable plugin for your async framework, for example:
  - anyio
  - pytest-asyncio
  - pytest-tornasync
  - pytest-trio
  - pytest-twisted
_ TestLLMClientWithTools.test_get_llm_response_with_tools_raises_without_api_key _
async def functions are not natively supported.
You need to install a suitable plugin for your async framework, for example:
  - anyio
  - pytest-asyncio
  - pytest-tornasync
  - pytest-trio
  - pytest-twisted
_____ TestLLMClientWithFile.test_get_llm_response_with_file_sends_message ______
async def functions are not natively supported.
You need to install a suitable plugin for your async framework, for example:
  - anyio
  - pytest-asyncio
  - pytest-tornasync
  - pytest-trio
  - pytest-twisted
_ TestLLMClientWithFile.test_get_llm_response_with_file_uses_datasheet_prompt __
async def functions are not natively supported.
You need to install a suitable plugin for your async framework, for example:
  - anyio
  - pytest-asyncio
  - pytest-tornasync
  - pytest-trio
  - pytest-twisted
_ TestLLMClientWithFile.test_get_llm_response_with_file_raises_without_api_key _
async def functions are not natively supported.
You need to install a suitable plugin for your async framework, for example:
  - anyio
  - pytest-asyncio
  - pytest-tornasync
  - pytest-trio
  - pytest-twisted
__________________________ test_chat_message_creation __________________________
async def functions are not natively supported.
You need to install a suitable plugin for your async framework, for example:
  - anyio
  - pytest-asyncio
  - pytest-tornasync
  - pytest-trio
  - pytest-twisted
______________________ test_message_queue_initialization _______________________
async def functions are not natively supported.
You need to install a suitable plugin for your async framework, for example:
  - anyio
  - pytest-asyncio
  - pytest-tornasync
  - pytest-trio
  - pytest-twisted
________________________ test_message_queue_start_stop _________________________
async def functions are not natively supported.
You need to install a suitable plugin for your async framework, for example:
  - anyio
  - pytest-asyncio
  - pytest-tornasync
  - pytest-trio
  - pytest-twisted
_____________________ test_enqueue_raises_when_not_running _____________________
async def functions are not natively supported.
You need to install a suitable plugin for your async framework, for example:
  - anyio
  - pytest-asyncio
  - pytest-tornasync
  - pytest-trio
  - pytest-twisted
______________________________ test_enqueue_basic ______________________________
async def functions are not natively supported.
You need to install a suitable plugin for your async framework, for example:
  - anyio
  - pytest-asyncio
  - pytest-tornasync
  - pytest-trio
  - pytest-twisted
______________________________ test_backpressure _______________________________
async def functions are not natively supported.
You need to install a suitable plugin for your async framework, for example:
  - anyio
  - pytest-asyncio
  - pytest-tornasync
  - pytest-trio
  - pytest-twisted
_______________________ test_multiple_workers_concurrent _______________________
async def functions are not natively supported.
You need to install a suitable plugin for your async framework, for example:
  - anyio
  - pytest-asyncio
  - pytest-tornasync
  - pytest-trio
  - pytest-twisted
__________________________ test_worker_error_handling __________________________
async def functions are not natively supported.
You need to install a suitable plugin for your async framework, for example:
  - anyio
  - pytest-asyncio
  - pytest-tornasync
  - pytest-trio
  - pytest-twisted
______________________ test_process_tool_calls_with_file _______________________
async def functions are not natively supported.
You need to install a suitable plugin for your async framework, for example:
  - anyio
  - pytest-asyncio
  - pytest-tornasync
  - pytest-trio
  - pytest-twisted
______________________ test_message_queue_idempotent_stop ______________________
async def functions are not natively supported.
You need to install a suitable plugin for your async framework, for example:
  - anyio
  - pytest-asyncio
  - pytest-tornasync
  - pytest-trio
  - pytest-twisted
_________________ TestS3DownloadPdf.test_download_pdf_success __________________
async def functions are not natively supported.
You need to install a suitable plugin for your async framework, for example:
  - anyio
  - pytest-asyncio
  - pytest-tornasync
  - pytest-trio
  - pytest-twisted
______________ TestS3DownloadPdf.test_download_pdf_file_not_found ______________
async def functions are not natively supported.
You need to install a suitable plugin for your async framework, for example:
  - anyio
  - pytest-asyncio
  - pytest-tornasync
  - pytest-trio
  - pytest-twisted
___________ TestS3DownloadPdf.test_download_pdf_no_bucket_configured ___________
async def functions are not natively supported.
You need to install a suitable plugin for your async framework, for example:
  - anyio
  - pytest-asyncio
  - pytest-tornasync
  - pytest-trio
  - pytest-twisted
________________ TestS3FileExists.test_file_exists_returns_true ________________
async def functions are not natively supported.
You need to install a suitable plugin for your async framework, for example:
  - anyio
  - pytest-asyncio
  - pytest-tornasync
  - pytest-trio
  - pytest-twisted
_______________ TestS3FileExists.test_file_exists_returns_false ________________
async def functions are not natively supported.
You need to install a suitable plugin for your async framework, for example:
  - anyio
  - pytest-asyncio
  - pytest-tornasync
  - pytest-trio
  - pytest-twisted
_________________ TestS3FileExists.test_file_exists_no_bucket __________________
async def functions are not natively supported.
You need to install a suitable plugin for your async framework, for example:
  - anyio
  - pytest-asyncio
  - pytest-tornasync
  - pytest-trio
  - pytest-twisted
_____________________ test_session_manager_initialization ______________________
async def functions are not natively supported.
You need to install a suitable plugin for your async framework, for example:
  - anyio
  - pytest-asyncio
  - pytest-tornasync
  - pytest-trio
  - pytest-twisted
____________________ test_session_manager_custom_max_turns _____________________
async def functions are not natively supported.
You need to install a suitable plugin for your async framework, for example:
  - anyio
  - pytest-asyncio
  - pytest-tornasync
  - pytest-trio
  - pytest-twisted
______________________ test_add_turn_creates_new_session _______________________
async def functions are not natively supported.
You need to install a suitable plugin for your async framework, for example:
  - anyio
  - pytest-asyncio
  - pytest-tornasync
  - pytest-trio
  - pytest-twisted
___________________________ test_add_multiple_turns ____________________________
async def functions are not natively supported.
You need to install a suitable plugin for your async framework, for example:
  - anyio
  - pytest-asyncio
  - pytest-tornasync
  - pytest-trio
  - pytest-twisted
_____________________________ test_max_turns_limit _____________________________
async def functions are not natively supported.
You need to install a suitable plugin for your async framework, for example:
  - anyio
  - pytest-asyncio
  - pytest-tornasync
  - pytest-trio
  - pytest-twisted
_______________________________ test_get_history _______________________________
async def functions are not natively supported.
You need to install a suitable plugin for your async framework, for example:
  - anyio
  - pytest-asyncio
  - pytest-tornasync
  - pytest-trio
  - pytest-twisted
________________________ test_get_history_empty_session ________________________
async def functions are not natively supported.
You need to install a suitable plugin for your async framework, for example:
  - anyio
  - pytest-asyncio
  - pytest-tornasync
  - pytest-trio
  - pytest-twisted
___________________________ test_get_context_string ____________________________
async def functions are not natively supported.
You need to install a suitable plugin for your async framework, for example:
  - anyio
  - pytest-asyncio
  - pytest-tornasync
  - pytest-trio
  - pytest-twisted
____________________ test_get_context_string_empty_session _____________________
async def functions are not natively supported.
You need to install a suitable plugin for your async framework, for example:
  - anyio
  - pytest-asyncio
  - pytest-tornasync
  - pytest-trio
  - pytest-twisted
______________________________ test_clear_session ______________________________
async def functions are not natively supported.
You need to install a suitable plugin for your async framework, for example:
  - anyio
  - pytest-asyncio
  - pytest-tornasync
  - pytest-trio
  - pytest-twisted
________________________ test_clear_nonexistent_session ________________________
async def functions are not natively supported.
You need to install a suitable plugin for your async framework, for example:
  - anyio
  - pytest-asyncio
  - pytest-tornasync
  - pytest-trio
  - pytest-twisted
____________________________ test_get_session_count ____________________________
async def functions are not natively supported.
You need to install a suitable plugin for your async framework, for example:
  - anyio
  - pytest-asyncio
  - pytest-tornasync
  - pytest-trio
  - pytest-twisted
__________________________ test_add_turn_concurrency ___________________________
async def functions are not natively supported.
You need to install a suitable plugin for your async framework, for example:
  - anyio
  - pytest-asyncio
  - pytest-tornasync
  - pytest-trio
  - pytest-twisted
=============================== warnings summary ===============================
.venv/lib/python3.11/site-packages/_pytest/config/__init__.py:1428
  /app/.venv/lib/python3.11/site-packages/_pytest/config/__init__.py:1428: PytestConfigWarning: Unknown config option: asyncio_mode
  
    self._warn_or_fail_if_strict(f"Unknown config option: {key}\n")

backend/tests/test_chat.py:79
  /app/backend/tests/test_chat.py:79: PytestUnknownMarkWarning: Unknown pytest.mark.asyncio - is this a typo?  You can register custom marks to avoid this warning - for details, see https://docs.pytest.org/en/stable/how-to/mark.html
    @pytest.mark.asyncio

backend/tests/test_chat.py:88
  /app/backend/tests/test_chat.py:88: PytestUnknownMarkWarning: Unknown pytest.mark.asyncio - is this a typo?  You can register custom marks to avoid this warning - for details, see https://docs.pytest.org/en/stable/how-to/mark.html
    @pytest.mark.asyncio

backend/tests/test_chat.py:106
  /app/backend/tests/test_chat.py:106: PytestUnknownMarkWarning: Unknown pytest.mark.asyncio - is this a typo?  You can register custom marks to avoid this warning - for details, see https://docs.pytest.org/en/stable/how-to/mark.html
    @pytest.mark.asyncio

backend/tests/test_chat.py:112
  /app/backend/tests/test_chat.py:112: PytestUnknownMarkWarning: Unknown pytest.mark.asyncio - is this a typo?  You can register custom marks to avoid this warning - for details, see https://docs.pytest.org/en/stable/how-to/mark.html
    @pytest.mark.asyncio

backend/tests/test_chat.py:118
  /app/backend/tests/test_chat.py:118: PytestUnknownMarkWarning: Unknown pytest.mark.asyncio - is this a typo?  You can register custom marks to avoid this warning - for details, see https://docs.pytest.org/en/stable/how-to/mark.html
    @pytest.mark.asyncio

backend/tests/test_chat.py:130
  /app/backend/tests/test_chat.py:130: PytestUnknownMarkWarning: Unknown pytest.mark.asyncio - is this a typo?  You can register custom marks to avoid this warning - for details, see https://docs.pytest.org/en/stable/how-to/mark.html
    @pytest.mark.asyncio

backend/tests/test_chat.py:139
  /app/backend/tests/test_chat.py:139: PytestUnknownMarkWarning: Unknown pytest.mark.asyncio - is this a typo?  You can register custom marks to avoid this warning - for details, see https://docs.pytest.org/en/stable/how-to/mark.html
    @pytest.mark.asyncio

backend/tests/test_chat.py:149
  /app/backend/tests/test_chat.py:149: PytestUnknownMarkWarning: Unknown pytest.mark.asyncio - is this a typo?  You can register custom marks to avoid this warning - for details, see https://docs.pytest.org/en/stable/how-to/mark.html
    @pytest.mark.asyncio

backend/tests/test_chat.py:174
  /app/backend/tests/test_chat.py:174: PytestUnknownMarkWarning: Unknown pytest.mark.asyncio - is this a typo?  You can register custom marks to avoid this warning - for details, see https://docs.pytest.org/en/stable/how-to/mark.html
    @pytest.mark.asyncio

backend/tests/test_chat.py:194
  /app/backend/tests/test_chat.py:194: PytestUnknownMarkWarning: Unknown pytest.mark.asyncio - is this a typo?  You can register custom marks to avoid this warning - for details, see https://docs.pytest.org/en/stable/how-to/mark.html
    @pytest.mark.asyncio

backend/tests/test_chat.py:216
  /app/backend/tests/test_chat.py:216: PytestUnknownMarkWarning: Unknown pytest.mark.asyncio - is this a typo?  You can register custom marks to avoid this warning - for details, see https://docs.pytest.org/en/stable/how-to/mark.html
    @pytest.mark.asyncio

backend/tests/test_chat.py:237
  /app/backend/tests/test_chat.py:237: PytestUnknownMarkWarning: Unknown pytest.mark.asyncio - is this a typo?  You can register custom marks to avoid this warning - for details, see https://docs.pytest.org/en/stable/how-to/mark.html
    @pytest.mark.asyncio

backend/tests/test_chat.py:258
  /app/backend/tests/test_chat.py:258: PytestUnknownMarkWarning: Unknown pytest.mark.asyncio - is this a typo?  You can register custom marks to avoid this warning - for details, see https://docs.pytest.org/en/stable/how-to/mark.html
    @pytest.mark.asyncio

backend/tests/test_chat.py:280
  /app/backend/tests/test_chat.py:280: PytestUnknownMarkWarning: Unknown pytest.mark.asyncio - is this a typo?  You can register custom marks to avoid this warning - for details, see https://docs.pytest.org/en/stable/how-to/mark.html
    @pytest.mark.asyncio

backend/tests/test_chat.py:311
  /app/backend/tests/test_chat.py:311: PytestUnknownMarkWarning: Unknown pytest.mark.asyncio - is this a typo?  You can register custom marks to avoid this warning - for details, see https://docs.pytest.org/en/stable/how-to/mark.html
    @pytest.mark.asyncio

backend/tests/test_chat.py:339
  /app/backend/tests/test_chat.py:339: PytestUnknownMarkWarning: Unknown pytest.mark.asyncio - is this a typo?  You can register custom marks to avoid this warning - for details, see https://docs.pytest.org/en/stable/how-to/mark.html
    @pytest.mark.asyncio

backend/tests/test_chat.py:396
  /app/backend/tests/test_chat.py:396: PytestUnknownMarkWarning: Unknown pytest.mark.asyncio - is this a typo?  You can register custom marks to avoid this warning - for details, see https://docs.pytest.org/en/stable/how-to/mark.html
    @pytest.mark.asyncio

backend/tests/test_chat.py:438
  /app/backend/tests/test_chat.py:438: PytestUnknownMarkWarning: Unknown pytest.mark.asyncio - is this a typo?  You can register custom marks to avoid this warning - for details, see https://docs.pytest.org/en/stable/how-to/mark.html
    @pytest.mark.asyncio

backend/tests/test_chat.py:483
  /app/backend/tests/test_chat.py:483: PytestUnknownMarkWarning: Unknown pytest.mark.asyncio - is this a typo?  You can register custom marks to avoid this warning - for details, see https://docs.pytest.org/en/stable/how-to/mark.html
    @pytest.mark.asyncio

backend/tests/test_chat.py:523
  /app/backend/tests/test_chat.py:523: PytestUnknownMarkWarning: Unknown pytest.mark.asyncio - is this a typo?  You can register custom marks to avoid this warning - for details, see https://docs.pytest.org/en/stable/how-to/mark.html
    @pytest.mark.asyncio

backend/tests/test_chat.py:552
  /app/backend/tests/test_chat.py:552: PytestUnknownMarkWarning: Unknown pytest.mark.asyncio - is this a typo?  You can register custom marks to avoid this warning - for details, see https://docs.pytest.org/en/stable/how-to/mark.html
    @pytest.mark.asyncio

backend/tests/test_chat.py:589
  /app/backend/tests/test_chat.py:589: PytestUnknownMarkWarning: Unknown pytest.mark.asyncio - is this a typo?  You can register custom marks to avoid this warning - for details, see https://docs.pytest.org/en/stable/how-to/mark.html
    @pytest.mark.asyncio

backend/tests/test_chat.py:600
  /app/backend/tests/test_chat.py:600: PytestUnknownMarkWarning: Unknown pytest.mark.asyncio - is this a typo?  You can register custom marks to avoid this warning - for details, see https://docs.pytest.org/en/stable/how-to/mark.html
    @pytest.mark.asyncio

backend/tests/test_chat.py:610
  /app/backend/tests/test_chat.py:610: PytestUnknownMarkWarning: Unknown pytest.mark.asyncio - is this a typo?  You can register custom marks to avoid this warning - for details, see https://docs.pytest.org/en/stable/how-to/mark.html
    @pytest.mark.asyncio

backend/tests/test_chat.py:620
  /app/backend/tests/test_chat.py:620: PytestUnknownMarkWarning: Unknown pytest.mark.asyncio - is this a typo?  You can register custom marks to avoid this warning - for details, see https://docs.pytest.org/en/stable/how-to/mark.html
    @pytest.mark.asyncio

backend/tests/test_chat.py:633
  /app/backend/tests/test_chat.py:633: PytestUnknownMarkWarning: Unknown pytest.mark.asyncio - is this a typo?  You can register custom marks to avoid this warning - for details, see https://docs.pytest.org/en/stable/how-to/mark.html
    @pytest.mark.asyncio

backend/tests/test_chat.py:665
  /app/backend/tests/test_chat.py:665: PytestUnknownMarkWarning: Unknown pytest.mark.asyncio - is this a typo?  You can register custom marks to avoid this warning - for details, see https://docs.pytest.org/en/stable/how-to/mark.html
    @pytest.mark.asyncio

backend/tests/test_chat.py:671
  /app/backend/tests/test_chat.py:671: PytestUnknownMarkWarning: Unknown pytest.mark.asyncio - is this a typo?  You can register custom marks to avoid this warning - for details, see https://docs.pytest.org/en/stable/how-to/mark.html
    @pytest.mark.asyncio

backend/tests/test_chat.py:677
  /app/backend/tests/test_chat.py:677: PytestUnknownMarkWarning: Unknown pytest.mark.asyncio - is this a typo?  You can register custom marks to avoid this warning - for details, see https://docs.pytest.org/en/stable/how-to/mark.html
    @pytest.mark.asyncio

backend/tests/test_chat.py:693
  /app/backend/tests/test_chat.py:693: PytestUnknownMarkWarning: Unknown pytest.mark.asyncio - is this a typo?  You can register custom marks to avoid this warning - for details, see https://docs.pytest.org/en/stable/how-to/mark.html
    @pytest.mark.asyncio

backend/tests/test_chat.py:712
  /app/backend/tests/test_chat.py:712: PytestUnknownMarkWarning: Unknown pytest.mark.asyncio - is this a typo?  You can register custom marks to avoid this warning - for details, see https://docs.pytest.org/en/stable/how-to/mark.html
    @pytest.mark.asyncio

backend/tests/test_chat.py:748
  /app/backend/tests/test_chat.py:748: PytestUnknownMarkWarning: Unknown pytest.mark.asyncio - is this a typo?  You can register custom marks to avoid this warning - for details, see https://docs.pytest.org/en/stable/how-to/mark.html
    @pytest.mark.asyncio

backend/tests/test_chat.py:759
  /app/backend/tests/test_chat.py:759: PytestUnknownMarkWarning: Unknown pytest.mark.asyncio - is this a typo?  You can register custom marks to avoid this warning - for details, see https://docs.pytest.org/en/stable/how-to/mark.html
    @pytest.mark.asyncio

backend/tests/test_chat.py:780
  /app/backend/tests/test_chat.py:780: PytestUnknownMarkWarning: Unknown pytest.mark.asyncio - is this a typo?  You can register custom marks to avoid this warning - for details, see https://docs.pytest.org/en/stable/how-to/mark.html
    @pytest.mark.asyncio

backend/tests/test_chat.py:790
  /app/backend/tests/test_chat.py:790: PytestUnknownMarkWarning: Unknown pytest.mark.asyncio - is this a typo?  You can register custom marks to avoid this warning - for details, see https://docs.pytest.org/en/stable/how-to/mark.html
    @pytest.mark.asyncio

backend/tests/test_chat.py:811
  /app/backend/tests/test_chat.py:811: PytestUnknownMarkWarning: Unknown pytest.mark.asyncio - is this a typo?  You can register custom marks to avoid this warning - for details, see https://docs.pytest.org/en/stable/how-to/mark.html
    @pytest.mark.asyncio

backend/tests/test_chat.py:845
  /app/backend/tests/test_chat.py:845: PytestUnknownMarkWarning: Unknown pytest.mark.asyncio - is this a typo?  You can register custom marks to avoid this warning - for details, see https://docs.pytest.org/en/stable/how-to/mark.html
    @pytest.mark.asyncio

backend/tests/test_llm_client.py:48
  /app/backend/tests/test_llm_client.py:48: PytestUnknownMarkWarning: Unknown pytest.mark.asyncio - is this a typo?  You can register custom marks to avoid this warning - for details, see https://docs.pytest.org/en/stable/how-to/mark.html
    @pytest.mark.asyncio

backend/tests/test_llm_client.py:79
  /app/backend/tests/test_llm_client.py:79: PytestUnknownMarkWarning: Unknown pytest.mark.asyncio - is this a typo?  You can register custom marks to avoid this warning - for details, see https://docs.pytest.org/en/stable/how-to/mark.html
    @pytest.mark.asyncio

backend/tests/test_llm_client.py:114
  /app/backend/tests/test_llm_client.py:114: PytestUnknownMarkWarning: Unknown pytest.mark.asyncio - is this a typo?  You can register custom marks to avoid this warning - for details, see https://docs.pytest.org/en/stable/how-to/mark.html
    @pytest.mark.asyncio

backend/tests/test_llm_client.py:143
  /app/backend/tests/test_llm_client.py:143: PytestUnknownMarkWarning: Unknown pytest.mark.asyncio - is this a typo?  You can register custom marks to avoid this warning - for details, see https://docs.pytest.org/en/stable/how-to/mark.html
    @pytest.mark.asyncio

backend/tests/test_llm_client.py:171
  /app/backend/tests/test_llm_client.py:171: PytestUnknownMarkWarning: Unknown pytest.mark.asyncio - is this a typo?  You can register custom marks to avoid this warning - for details, see https://docs.pytest.org/en/stable/how-to/mark.html
    @pytest.mark.asyncio

backend/tests/test_llm_client.py:188
  /app/backend/tests/test_llm_client.py:188: PytestUnknownMarkWarning: Unknown pytest.mark.asyncio - is this a typo?  You can register custom marks to avoid this warning - for details, see https://docs.pytest.org/en/stable/how-to/mark.html
    @pytest.mark.asyncio

backend/tests/test_llm_client.py:223
  /app/backend/tests/test_llm_client.py:223: PytestUnknownMarkWarning: Unknown pytest.mark.asyncio - is this a typo?  You can register custom marks to avoid this warning - for details, see https://docs.pytest.org/en/stable/how-to/mark.html
    @pytest.mark.asyncio

backend/tests/test_llm_client.py:247
  /app/backend/tests/test_llm_client.py:247: PytestUnknownMarkWarning: Unknown pytest.mark.asyncio - is this a typo?  You can register custom marks to avoid this warning - for details, see https://docs.pytest.org/en/stable/how-to/mark.html
    @pytest.mark.asyncio

backend/tests/test_queue.py:10
  /app/backend/tests/test_queue.py:10: PytestUnknownMarkWarning: Unknown pytest.mark.asyncio - is this a typo?  You can register custom marks to avoid this warning - for details, see https://docs.pytest.org/en/stable/how-to/mark.html
    @pytest.mark.asyncio

backend/tests/test_queue.py:24
  /app/backend/tests/test_queue.py:24: PytestUnknownMarkWarning: Unknown pytest.mark.asyncio - is this a typo?  You can register custom marks to avoid this warning - for details, see https://docs.pytest.org/en/stable/how-to/mark.html
    @pytest.mark.asyncio

backend/tests/test_queue.py:51
  /app/backend/tests/test_queue.py:51: PytestUnknownMarkWarning: Unknown pytest.mark.asyncio - is this a typo?  You can register custom marks to avoid this warning - for details, see https://docs.pytest.org/en/stable/how-to/mark.html
    @pytest.mark.asyncio

backend/tests/test_queue.py:79
  /app/backend/tests/test_queue.py:79: PytestUnknownMarkWarning: Unknown pytest.mark.asyncio - is this a typo?  You can register custom marks to avoid this warning - for details, see https://docs.pytest.org/en/stable/how-to/mark.html
    @pytest.mark.asyncio

backend/tests/test_queue.py:106
  /app/backend/tests/test_queue.py:106: PytestUnknownMarkWarning: Unknown pytest.mark.asyncio - is this a typo?  You can register custom marks to avoid this warning - for details, see https://docs.pytest.org/en/stable/how-to/mark.html
    @pytest.mark.asyncio

backend/tests/test_queue.py:154
  /app/backend/tests/test_queue.py:154: PytestUnknownMarkWarning: Unknown pytest.mark.asyncio - is this a typo?  You can register custom marks to avoid this warning - for details, see https://docs.pytest.org/en/stable/how-to/mark.html
    @pytest.mark.asyncio

backend/tests/test_queue.py:206
  /app/backend/tests/test_queue.py:206: PytestUnknownMarkWarning: Unknown pytest.mark.asyncio - is this a typo?  You can register custom marks to avoid this warning - for details, see https://docs.pytest.org/en/stable/how-to/mark.html
    @pytest.mark.asyncio

backend/tests/test_queue.py:260
  /app/backend/tests/test_queue.py:260: PytestUnknownMarkWarning: Unknown pytest.mark.asyncio - is this a typo?  You can register custom marks to avoid this warning - for details, see https://docs.pytest.org/en/stable/how-to/mark.html
    @pytest.mark.asyncio

backend/tests/test_queue.py:302
  /app/backend/tests/test_queue.py:302: PytestUnknownMarkWarning: Unknown pytest.mark.asyncio - is this a typo?  You can register custom marks to avoid this warning - for details, see https://docs.pytest.org/en/stable/how-to/mark.html
    @pytest.mark.asyncio

backend/tests/test_queue.py:352
  /app/backend/tests/test_queue.py:352: PytestUnknownMarkWarning: Unknown pytest.mark.asyncio - is this a typo?  You can register custom marks to avoid this warning - for details, see https://docs.pytest.org/en/stable/how-to/mark.html
    @pytest.mark.asyncio

backend/tests/test_s3_client.py:182
  /app/backend/tests/test_s3_client.py:182: PytestUnknownMarkWarning: Unknown pytest.mark.asyncio - is this a typo?  You can register custom marks to avoid this warning - for details, see https://docs.pytest.org/en/stable/how-to/mark.html
    @pytest.mark.asyncio

backend/tests/test_s3_client.py:199
  /app/backend/tests/test_s3_client.py:199: PytestUnknownMarkWarning: Unknown pytest.mark.asyncio - is this a typo?  You can register custom marks to avoid this warning - for details, see https://docs.pytest.org/en/stable/how-to/mark.html
    @pytest.mark.asyncio

backend/tests/test_s3_client.py:218
  /app/backend/tests/test_s3_client.py:218: PytestUnknownMarkWarning: Unknown pytest.mark.asyncio - is this a typo?  You can register custom marks to avoid this warning - for details, see https://docs.pytest.org/en/stable/how-to/mark.html
    @pytest.mark.asyncio

backend/tests/test_s3_client.py:277
  /app/backend/tests/test_s3_client.py:277: PytestUnknownMarkWarning: Unknown pytest.mark.asyncio - is this a typo?  You can register custom marks to avoid this warning - for details, see https://docs.pytest.org/en/stable/how-to/mark.html
    @pytest.mark.asyncio

backend/tests/test_s3_client.py:290
  /app/backend/tests/test_s3_client.py:290: PytestUnknownMarkWarning: Unknown pytest.mark.asyncio - is this a typo?  You can register custom marks to avoid this warning - for details, see https://docs.pytest.org/en/stable/how-to/mark.html
    @pytest.mark.asyncio

backend/tests/test_s3_client.py:307
  /app/backend/tests/test_s3_client.py:307: PytestUnknownMarkWarning: Unknown pytest.mark.asyncio - is this a typo?  You can register custom marks to avoid this warning - for details, see https://docs.pytest.org/en/stable/how-to/mark.html
    @pytest.mark.asyncio

backend/tests/test_session.py:10
  /app/backend/tests/test_session.py:10: PytestUnknownMarkWarning: Unknown pytest.mark.asyncio - is this a typo?  You can register custom marks to avoid this warning - for details, see https://docs.pytest.org/en/stable/how-to/mark.html
    @pytest.mark.asyncio

backend/tests/test_session.py:18
  /app/backend/tests/test_session.py:18: PytestUnknownMarkWarning: Unknown pytest.mark.asyncio - is this a typo?  You can register custom marks to avoid this warning - for details, see https://docs.pytest.org/en/stable/how-to/mark.html
    @pytest.mark.asyncio

backend/tests/test_session.py:25
  /app/backend/tests/test_session.py:25: PytestUnknownMarkWarning: Unknown pytest.mark.asyncio - is this a typo?  You can register custom marks to avoid this warning - for details, see https://docs.pytest.org/en/stable/how-to/mark.html
    @pytest.mark.asyncio

backend/tests/test_session.py:43
  /app/backend/tests/test_session.py:43: PytestUnknownMarkWarning: Unknown pytest.mark.asyncio - is this a typo?  You can register custom marks to avoid this warning - for details, see https://docs.pytest.org/en/stable/how-to/mark.html
    @pytest.mark.asyncio

backend/tests/test_session.py:59
  /app/backend/tests/test_session.py:59: PytestUnknownMarkWarning: Unknown pytest.mark.asyncio - is this a typo?  You can register custom marks to avoid this warning - for details, see https://docs.pytest.org/en/stable/how-to/mark.html
    @pytest.mark.asyncio

backend/tests/test_session.py:77
  /app/backend/tests/test_session.py:77: PytestUnknownMarkWarning: Unknown pytest.mark.asyncio - is this a typo?  You can register custom marks to avoid this warning - for details, see https://docs.pytest.org/en/stable/how-to/mark.html
    @pytest.mark.asyncio

backend/tests/test_session.py:92
  /app/backend/tests/test_session.py:92: PytestUnknownMarkWarning: Unknown pytest.mark.asyncio - is this a typo?  You can register custom marks to avoid this warning - for details, see https://docs.pytest.org/en/stable/how-to/mark.html
    @pytest.mark.asyncio

backend/tests/test_session.py:100
  /app/backend/tests/test_session.py:100: PytestUnknownMarkWarning: Unknown pytest.mark.asyncio - is this a typo?  You can register custom marks to avoid this warning - for details, see https://docs.pytest.org/en/stable/how-to/mark.html
    @pytest.mark.asyncio

backend/tests/test_session.py:120
  /app/backend/tests/test_session.py:120: PytestUnknownMarkWarning: Unknown pytest.mark.asyncio - is this a typo?  You can register custom marks to avoid this warning - for details, see https://docs.pytest.org/en/stable/how-to/mark.html
    @pytest.mark.asyncio

backend/tests/test_session.py:128
  /app/backend/tests/test_session.py:128: PytestUnknownMarkWarning: Unknown pytest.mark.asyncio - is this a typo?  You can register custom marks to avoid this warning - for details, see https://docs.pytest.org/en/stable/how-to/mark.html
    @pytest.mark.asyncio

backend/tests/test_session.py:142
  /app/backend/tests/test_session.py:142: PytestUnknownMarkWarning: Unknown pytest.mark.asyncio - is this a typo?  You can register custom marks to avoid this warning - for details, see https://docs.pytest.org/en/stable/how-to/mark.html
    @pytest.mark.asyncio

backend/tests/test_session.py:150
  /app/backend/tests/test_session.py:150: PytestUnknownMarkWarning: Unknown pytest.mark.asyncio - is this a typo?  You can register custom marks to avoid this warning - for details, see https://docs.pytest.org/en/stable/how-to/mark.html
    @pytest.mark.asyncio

backend/tests/test_session.py:169
  /app/backend/tests/test_session.py:169: PytestUnknownMarkWarning: Unknown pytest.mark.asyncio - is this a typo?  You can register custom marks to avoid this warning - for details, see https://docs.pytest.org/en/stable/how-to/mark.html
    @pytest.mark.asyncio

-- Docs: https://docs.pytest.org/en/stable/how-to/capture-warnings.html
=========================== short test summary info ============================
FAILED backend/tests/test_llm_client.py::TestLLMClientWithTools::test_get_llm_response_with_tools_returns_tool_calls
FAILED backend/tests/test_llm_client.py::TestLLMClientWithTools::test_get_llm_response_with_tools_no_tool_calls
FAILED backend/tests/test_llm_client.py::TestLLMClientWithTools::test_get_llm_response_with_tools_uses_tools_parameter
FAILED backend/tests/test_llm_client.py::TestLLMClientWithTools::test_get_llm_response_with_tools_uses_instructions
FAILED backend/tests/test_llm_client.py::TestLLMClientWithTools::test_get_llm_response_with_tools_raises_without_api_key
FAILED backend/tests/test_llm_client.py::TestLLMClientWithFile::test_get_llm_response_with_file_sends_message
FAILED backend/tests/test_llm_client.py::TestLLMClientWithFile::test_get_llm_response_with_file_uses_datasheet_prompt
FAILED backend/tests/test_llm_client.py::TestLLMClientWithFile::test_get_llm_response_with_file_raises_without_api_key
FAILED backend/tests/test_queue.py::test_chat_message_creation - Failed: asyn...
FAILED backend/tests/test_queue.py::test_message_queue_initialization - Faile...
FAILED backend/tests/test_queue.py::test_message_queue_start_stop - Failed: a...
FAILED backend/tests/test_queue.py::test_enqueue_raises_when_not_running - Fa...
FAILED backend/tests/test_queue.py::test_enqueue_basic - Failed: async def fu...
FAILED backend/tests/test_queue.py::test_backpressure - Failed: async def fun...
FAILED backend/tests/test_queue.py::test_multiple_workers_concurrent - Failed...
FAILED backend/tests/test_queue.py::test_worker_error_handling - Failed: asyn...
FAILED backend/tests/test_queue.py::test_process_tool_calls_with_file - Faile...
FAILED backend/tests/test_queue.py::test_message_queue_idempotent_stop - Fail...
FAILED backend/tests/test_s3_client.py::TestS3DownloadPdf::test_download_pdf_success
FAILED backend/tests/test_s3_client.py::TestS3DownloadPdf::test_download_pdf_file_not_found
FAILED backend/tests/test_s3_client.py::TestS3DownloadPdf::test_download_pdf_no_bucket_configured
FAILED backend/tests/test_s3_client.py::TestS3FileExists::test_file_exists_returns_true
FAILED backend/tests/test_s3_client.py::TestS3FileExists::test_file_exists_returns_false
FAILED backend/tests/test_s3_client.py::TestS3FileExists::test_file_exists_no_bucket
FAILED backend/tests/test_session.py::test_session_manager_initialization - F...
FAILED backend/tests/test_session.py::test_session_manager_custom_max_turns
FAILED backend/tests/test_session.py::test_add_turn_creates_new_session - Fai...
FAILED backend/tests/test_session.py::test_add_multiple_turns - Failed: async...
FAILED backend/tests/test_session.py::test_max_turns_limit - Failed: async de...
FAILED backend/tests/test_session.py::test_get_history - Failed: async def fu...
FAILED backend/tests/test_session.py::test_get_history_empty_session - Failed...
FAILED backend/tests/test_session.py::test_get_context_string - Failed: async...
FAILED backend/tests/test_session.py::test_get_context_string_empty_session
FAILED backend/tests/test_session.py::test_clear_session - Failed: async def ...
FAILED backend/tests/test_session.py::test_clear_nonexistent_session - Failed...
FAILED backend/tests/test_session.py::test_get_session_count - Failed: async ...
FAILED backend/tests/test_session.py::test_add_turn_concurrency - Failed: asy...
ERROR backend/tests/test_chat.py::TestHealthEndpoint::test_health_check_returns_200
ERROR backend/tests/test_chat.py::TestHealthEndpoint::test_root_endpoint - py...
ERROR backend/tests/test_chat.py::TestChatEndpointUnit::test_chat_requires_message
ERROR backend/tests/test_chat.py::TestChatEndpointUnit::test_chat_rejects_empty_message
ERROR backend/tests/test_chat.py::TestChatEndpointUnit::test_chat_returns_escalate_for_cotizacion
ERROR backend/tests/test_chat.py::TestChatEndpointUnit::test_chat_returns_escalate_for_pedido
ERROR backend/tests/test_chat.py::TestChatEndpointUnit::test_chat_returns_escalate_for_garantia
ERROR backend/tests/test_chat.py::TestChatEndpointUnit::test_chat_normal_message_with_mocked_queue
ERROR backend/tests/test_chat.py::TestChatEndpointUnit::test_chat_returns_session_id
ERROR backend/tests/test_chat.py::TestChatEndpointUnit::test_chat_accepts_custom_session_id
ERROR backend/tests/test_chat.py::TestChatEndpointUnit::test_chat_timeout_returns_504
ERROR backend/tests/test_chat.py::TestChatEndpointUnit::test_chat_llm_service_error_returns_503
ERROR backend/tests/test_chat.py::TestChatEndpointUnit::test_chat_s3_error_returns_graceful_response
ERROR backend/tests/test_chat.py::TestChatEndpointUnit::test_chat_file_upload_error_returns_graceful_response
ERROR backend/tests/test_chat.py::TestChatEndpointIntegration::test_chat_simple_message_no_tool_call
ERROR backend/tests/test_chat.py::TestChatEndpointIntegration::test_chat_with_tool_call_to_datasheet
ERROR backend/tests/test_chat.py::TestChatEndpointIntegration::test_chat_tool_call_handles_s3_error
ERROR backend/tests/test_chat.py::TestChatEndpointIntegration::test_chat_tool_call_handles_file_upload_error
ERROR backend/tests/test_chat.py::TestChatEndpointIntegration::test_chat_tool_call_cleanup_on_success
ERROR backend/tests/test_chat.py::TestChatEndpointIntegration::test_chat_session_context_is_used
ERROR backend/tests/test_chat.py::TestChatEndpointIntegration::test_chat_stores_turn_in_session
ERROR backend/tests/test_chat.py::TestChatEndpointEscalation::test_escalate_cotizacion
ERROR backend/tests/test_chat.py::TestChatEndpointEscalation::test_escalate_pedido
ERROR backend/tests/test_chat.py::TestChatEndpointEscalation::test_escalate_garantia
ERROR backend/tests/test_chat.py::TestChatEndpointEscalation::test_escalate_returns_default_message
ERROR backend/tests/test_chat.py::TestChatEndpointEscalation::test_escalate_stores_turn_in_session
ERROR backend/tests/test_chat.py::TestChatEndpointErrorHandling::test_missing_message_field_422
ERROR backend/tests/test_chat.py::TestChatEndpointErrorHandling::test_empty_message_string_422
ERROR backend/tests/test_chat.py::TestChatEndpointErrorHandling::test_missing_api_key_401
ERROR backend/tests/test_chat.py::TestChatEndpointErrorHandling::test_queue_runtime_error_returns_500
ERROR backend/tests/test_chat.py::TestChatEndpointErrorHandling::test_response_has_required_fields
ERROR backend/tests/test_chat.py::TestChatResponseSchema::test_response_is_valid_json
ERROR backend/tests/test_chat.py::TestChatResponseSchema::test_response_escalate_is_boolean
ERROR backend/tests/test_chat.py::TestChatResponseSchema::test_response_session_id_is_string
ERROR backend/tests/test_chat.py::TestChatResponseSchema::test_response_reason_included_on_escalation
ERROR backend/tests/test_chat.py::TestChatRoundtrip::test_multiple_messages_same_session
ERROR backend/tests/test_chat.py::TestChatRoundtrip::test_auto_generated_session_id_is_unique
============ 37 failed, 62 passed, 75 warnings, 37 errors in 11.03s ============
